Archive member included to satisfy reference by file (symbol)

c:/chibistudio/tools/gnu tools arm embedded/9.0 2019q4/bin/../lib/gcc/arm-none-eabi/9.2.1/../../../../arm-none-eabi/lib/thumb/v7e-m+fp/hard\libg.a(lib_a-memcpy.o)
                              C:\Users\omwfo\AppData\Local\Temp\disco_mungo.elf.ppwdy1.ltrans0.ltrans.o (memcpy)
c:/chibistudio/tools/gnu tools arm embedded/9.0 2019q4/bin/../lib/gcc/arm-none-eabi/9.2.1/../../../../arm-none-eabi/lib/thumb/v7e-m+fp/hard\libg.a(lib_a-memset.o)
                              C:\Users\omwfo\AppData\Local\Temp\disco_mungo.elf.ppwdy1.ltrans0.ltrans.o (memset)

Discarded input sections

 .data          0x00000000        0x0 ./build/obj/crt0_v7m.o
 .bss           0x00000000        0x0 ./build/obj/crt0_v7m.o
 .data          0x00000000        0x0 ./build/obj/vectors.o
 .bss           0x00000000        0x0 ./build/obj/vectors.o
 .data          0x00000000        0x0 ./build/obj/chcoreasm_v7m.o
 .bss           0x00000000        0x0 ./build/obj/chcoreasm_v7m.o
 .text          0x00000000        0x0 C:\Users\omwfo\AppData\Local\Temp\disco_mungo.elf.ppwdy1.ltrans0.ltrans.o
 .data          0x00000000        0x0 C:\Users\omwfo\AppData\Local\Temp\disco_mungo.elf.ppwdy1.ltrans0.ltrans.o
 .bss           0x00000000        0x0 C:\Users\omwfo\AppData\Local\Temp\disco_mungo.elf.ppwdy1.ltrans0.ltrans.o
 .comment       0x00000000       0x7a C:\Users\omwfo\AppData\Local\Temp\ccGylfsV.debug.temp.o
 .comment       0x00000000       0x7a C:\Users\omwfo\AppData\Local\Temp\ccc4Rn3Y.debug.temp.o
 .comment       0x00000000       0x7a C:\Users\omwfo\AppData\Local\Temp\ccyiyQk3.debug.temp.o
 .comment       0x00000000       0x7a C:\Users\omwfo\AppData\Local\Temp\ccc0i4T5.debug.temp.o
 .comment       0x00000000       0x7a C:\Users\omwfo\AppData\Local\Temp\ccCq4Ge9.debug.temp.o
 .comment       0x00000000       0x7a C:\Users\omwfo\AppData\Local\Temp\cciZZGyf.debug.temp.o
 .debug_info    0x00000000     0x12ae C:\Users\omwfo\AppData\Local\Temp\cc25lIsl.debug.temp.o
 .debug_abbrev  0x00000000      0x19f C:\Users\omwfo\AppData\Local\Temp\cc25lIsl.debug.temp.o
 .debug_line    0x00000000      0x457 C:\Users\omwfo\AppData\Local\Temp\cc25lIsl.debug.temp.o
 .debug_str     0x00000000      0xa2a C:\Users\omwfo\AppData\Local\Temp\cc25lIsl.debug.temp.o
 .comment       0x00000000       0x7a C:\Users\omwfo\AppData\Local\Temp\cc25lIsl.debug.temp.o
 .comment       0x00000000       0x7a C:\Users\omwfo\AppData\Local\Temp\cccAtd1r.debug.temp.o
 .comment       0x00000000       0x7a C:\Users\omwfo\AppData\Local\Temp\cccfpIUw.debug.temp.o
 .comment       0x00000000       0x7a C:\Users\omwfo\AppData\Local\Temp\cc07MWuC.debug.temp.o
 .comment       0x00000000       0x7a C:\Users\omwfo\AppData\Local\Temp\ccWYx48K.debug.temp.o
 .comment       0x00000000       0x7a C:\Users\omwfo\AppData\Local\Temp\ccUON0oU.debug.temp.o
 .comment       0x00000000       0x7a C:\Users\omwfo\AppData\Local\Temp\ccO0nXe3.debug.temp.o
 .debug_info    0x00000000     0x1b2c C:\Users\omwfo\AppData\Local\Temp\ccwkvTpa.debug.temp.o
 .debug_abbrev  0x00000000      0x202 C:\Users\omwfo\AppData\Local\Temp\ccwkvTpa.debug.temp.o
 .debug_line    0x00000000      0x478 C:\Users\omwfo\AppData\Local\Temp\ccwkvTpa.debug.temp.o
 .debug_str     0x00000000      0xe1a C:\Users\omwfo\AppData\Local\Temp\ccwkvTpa.debug.temp.o
 .comment       0x00000000       0x7a C:\Users\omwfo\AppData\Local\Temp\ccwkvTpa.debug.temp.o
 .comment       0x00000000       0x7a C:\Users\omwfo\AppData\Local\Temp\ccATwLai.debug.temp.o
 .debug_info    0x00000000     0x12ae C:\Users\omwfo\AppData\Local\Temp\ccqpamVs.debug.temp.o
 .debug_abbrev  0x00000000      0x19f C:\Users\omwfo\AppData\Local\Temp\ccqpamVs.debug.temp.o
 .debug_line    0x00000000      0x457 C:\Users\omwfo\AppData\Local\Temp\ccqpamVs.debug.temp.o
 .debug_str     0x00000000      0xa3e C:\Users\omwfo\AppData\Local\Temp\ccqpamVs.debug.temp.o
 .comment       0x00000000       0x7a C:\Users\omwfo\AppData\Local\Temp\ccqpamVs.debug.temp.o
 .comment       0x00000000       0x7a C:\Users\omwfo\AppData\Local\Temp\ccekx9lE.debug.temp.o
 .comment       0x00000000       0x7a C:\Users\omwfo\AppData\Local\Temp\ccwSGT7N.debug.temp.o
 .comment       0x00000000       0x7a C:\Users\omwfo\AppData\Local\Temp\ccg5d3zY.debug.temp.o
 .comment       0x00000000       0x7a C:\Users\omwfo\AppData\Local\Temp\ccMqFz3b.debug.temp.o
 .comment       0x00000000       0x7a C:\Users\omwfo\AppData\Local\Temp\cc46St0o.debug.temp.o
 .debug_info    0x00000000      0xb1c C:\Users\omwfo\AppData\Local\Temp\ccKhQeDC.debug.temp.o
 .debug_abbrev  0x00000000      0x16f C:\Users\omwfo\AppData\Local\Temp\ccKhQeDC.debug.temp.o
 .debug_line    0x00000000      0x32b C:\Users\omwfo\AppData\Local\Temp\ccKhQeDC.debug.temp.o
 .debug_str     0x00000000      0x71f C:\Users\omwfo\AppData\Local\Temp\ccKhQeDC.debug.temp.o
 .comment       0x00000000       0x7a C:\Users\omwfo\AppData\Local\Temp\ccKhQeDC.debug.temp.o
[...]
Memory Configuration

Name             Origin             Length             Attributes
flash0           0x08000000         0x00100000         xr
flash1           0x00000000         0x00000000         xr
flash2           0x00000000         0x00000000         xr
flash3           0x00000000         0x00000000         xr
flash4           0x00000000         0x00000000         xr
flash5           0x00000000         0x00000000         xr
flash6           0x00000000         0x00000000         xr
flash7           0x00000000         0x00000000         xr
ram0             0x20000000         0x00020000         xw
ram1             0x20000000         0x0001c000         xw
ram2             0x2001c000         0x00004000         xw
ram3             0x00000000         0x00000000         xw
ram4             0x10000000         0x00010000         xw
ram5             0x40024000         0x00001000         xw
ram6             0x00000000         0x00000000         xw
ram7             0x00000000         0x00000000         xw
*default*        0x00000000         0xffffffff

Linker script and memory map

LOAD ./build/obj/crt0_v7m.o
LOAD ./build/obj/vectors.o
LOAD ./build/obj/chcoreasm_v7m.o
LOAD C:\Users\omwfo\AppData\Local\Temp\disco_mungo.elf.ppwdy1.ltrans0.ltrans.o
LOAD C:\Users\omwfo\AppData\Local\Temp\ccGylfsV.debug.temp.o
LOAD C:\Users\omwfo\AppData\Local\Temp\ccc4Rn3Y.debug.temp.o
LOAD C:\Users\omwfo\AppData\Local\Temp\ccyiyQk3.debug.temp.o
LOAD C:\Users\omwfo\AppData\Local\Temp\ccc0i4T5.debug.temp.o
LOAD C:\Users\omwfo\AppData\Local\Temp\ccCq4Ge9.debug.temp.o
LOAD C:\Users\omwfo\AppData\Local\Temp\cciZZGyf.debug.temp.o
LOAD C:\Users\omwfo\AppData\Local\Temp\cc25lIsl.debug.temp.o
LOAD C:\Users\omwfo\AppData\Local\Temp\cccAtd1r.debug.temp.o
LOAD C:\Users\omwfo\AppData\Local\Temp\cccfpIUw.debug.temp.o
LOAD C:\Users\omwfo\AppData\Local\Temp\cc07MWuC.debug.temp.o
LOAD C:\Users\omwfo\AppData\Local\Temp\ccWYx48K.debug.temp.o
LOAD C:\Users\omwfo\AppData\Local\Temp\ccUON0oU.debug.temp.o
LOAD C:\Users\omwfo\AppData\Local\Temp\ccO0nXe3.debug.temp.o
LOAD C:\Users\omwfo\AppData\Local\Temp\ccwkvTpa.debug.temp.o
LOAD C:\Users\omwfo\AppData\Local\Temp\ccATwLai.debug.temp.o
LOAD C:\Users\omwfo\AppData\Local\Temp\ccqpamVs.debug.temp.o
LOAD C:\Users\omwfo\AppData\Local\Temp\ccekx9lE.debug.temp.o
LOAD C:\Users\omwfo\AppData\Local\Temp\ccwSGT7N.debug.temp.o
LOAD C:\Users\omwfo\AppData\Local\Temp\ccg5d3zY.debug.temp.o
LOAD C:\Users\omwfo\AppData\Local\Temp\ccMqFz3b.debug.temp.o
LOAD C:\Users\omwfo\AppData\Local\Temp\cc46St0o.debug.temp.o
LOAD C:\Users\omwfo\AppData\Local\Temp\ccKhQeDC.debug.temp.o
LOAD C:\Users\omwfo\AppData\Local\Temp\cceAkZAO.debug.temp.o
LOAD C:\Users\omwfo\AppData\Local\Temp\ccwyH3e1.debug.temp.o
LOAD C:\Users\omwfo\AppData\Local\Temp\cc4e7rXg.debug.temp.o
LOAD C:\Users\omwfo\AppData\Local\Temp\ccAOtEhx.debug.temp.o
LOAD C:\Users\omwfo\AppData\Local\Temp\cckFRu7M.debug.temp.o
LOAD C:\Users\omwfo\AppData\Local\Temp\ccISSai1.debug.temp.o
LOAD C:\Users\omwfo\AppData\Local\Temp\ccqMgU6f.debug.temp.o
LOAD C:\Users\omwfo\AppData\Local\Temp\ccMaiF1x.debug.temp.o
LOAD C:\Users\omwfo\AppData\Local\Temp\cc4sl2CQ.debug.temp.o
LOAD C:\Users\omwfo\AppData\Local\Temp\ccAKA7w7.debug.temp.o
LOAD C:\Users\omwfo\AppData\Local\Temp\cckjRQWn.debug.temp.o
LOAD C:\Users\omwfo\AppData\Local\Temp\ccQYcL2E.debug.temp.o
LOAD C:\Users\omwfo\AppData\Local\Temp\cccV3jaZ.debug.temp.o
LOAD C:\Users\omwfo\AppData\Local\Temp\cc6qMnWj.debug.temp.o
LOAD C:\Users\omwfo\AppData\Local\Temp\ccoTSX2C.debug.temp.o
LOAD C:\Users\omwfo\AppData\Local\Temp\ccqVjRPW.debug.temp.o
LOAD C:\Users\omwfo\AppData\Local\Temp\cc2huXDj.debug.temp.o
LOAD C:\Users\omwfo\AppData\Local\Temp\cc2EwAXF.debug.temp.o
LOAD C:\Users\omwfo\AppData\Local\Temp\ccSecpX2.debug.temp.o
LOAD C:\Users\omwfo\AppData\Local\Temp\ccYQkWfo.debug.temp.o
LOAD C:\Users\omwfo\AppData\Local\Temp\ccyAfW9J.debug.temp.o
LOAD C:\Users\omwfo\AppData\Local\Temp\cce1UT58.debug.temp.o
LOAD C:\Users\omwfo\AppData\Local\Temp\cc8SelJy.debug.temp.o
LOAD C:\Users\omwfo\AppData\Local\Temp\ccmTzvFW.debug.temp.o
LOAD C:\Users\omwfo\AppData\Local\Temp\ccSguk7j.debug.temp.o
LOAD C:\Users\omwfo\AppData\Local\Temp\cc8bqVaI.debug.temp.o
LOAD C:\Users\omwfo\AppData\Local\Temp\cceoRag9.debug.temp.o
LOAD C:\Users\omwfo\AppData\Local\Temp\ccCblcZA.debug.temp.o
LOAD C:\Users\omwfo\AppData\Local\Temp\cc2VG8C2.debug.temp.o
LOAD C:\Users\omwfo\AppData\Local\Temp\ccKNP4zs.debug.temp.o
LOAD C:\Users\omwfo\AppData\Local\Temp\ccCeomZS.debug.temp.o
LOAD C:\Users\omwfo\AppData\Local\Temp\ccE0O1qm.debug.temp.o
LOAD C:\Users\omwfo\AppData\Local\Temp\cc42DCwQ.debug.temp.o
LOAD C:\Users\omwfo\AppData\Local\Temp\cc4BC0uk.debug.temp.o
LOAD C:\Users\omwfo\AppData\Local\Temp\ccCOOz4M.debug.temp.o
LOAD C:\Users\omwfo\AppData\Local\Temp\ccQsE1uf.debug.temp.o
LOAD C:\Users\omwfo\AppData\Local\Temp\ccQRhTCI.debug.temp.o
LOAD C:\Users\omwfo\AppData\Local\Temp\cco2AyHe.debug.temp.o
LOAD C:\Users\omwfo\AppData\Local\Temp\ccsteAmK.debug.temp.o
LOAD C:\Users\omwfo\AppData\Local\Temp\cc2wDYXg.debug.temp.o
LOAD C:\Users\omwfo\AppData\Local\Temp\ccOM12pN.debug.temp.o
LOAD C:\Users\omwfo\AppData\Local\Temp\ccCJXNai.debug.temp.o
LOAD C:\Users\omwfo\AppData\Local\Temp\cceQfKBN.debug.temp.o
LOAD C:\Users\omwfo\AppData\Local\Temp\cc4F1XOi.debug.temp.o
LOAD C:\Users\omwfo\AppData\Local\Temp\ccyW4o3Q.debug.temp.o
LOAD C:\Users\omwfo\AppData\Local\Temp\ccStRzYp.debug.temp.o
LOAD C:\Users\omwfo\AppData\Local\Temp\ccs36scX.debug.temp.o
LOAD C:\Users\omwfo\AppData\Local\Temp\ccK9pF6u.debug.temp.o
LOAD C:\Users\omwfo\AppData\Local\Temp\ccWwnrX5.debug.temp.o
LOAD C:\Users\omwfo\AppData\Local\Temp\ccoeDRjG.debug.temp.o
LOAD C:\Users\omwfo\AppData\Local\Temp\ccyIOggh.debug.temp.o
LOAD C:\Users\omwfo\AppData\Local\Temp\cc2CI8BQ.debug.temp.o
LOAD C:\Users\omwfo\AppData\Local\Temp\cckdvkEq.debug.temp.o
LOAD C:\Users\omwfo\AppData\Local\Temp\ccw4V5C3.debug.temp.o
LOAD C:\Users\omwfo\AppData\Local\Temp\ccW2MQkH.debug.temp.o
LOAD C:\Users\omwfo\AppData\Local\Temp\ccca93ij.debug.temp.o
LOAD C:\Users\omwfo\AppData\Local\Temp\ccct984U.debug.temp.o
LOAD C:\Users\omwfo\AppData\Local\Temp\ccwswhvx.debug.temp.o
LOAD C:\Users\omwfo\AppData\Local\Temp\cc6h0vM9.debug.temp.o
LOAD C:\Users\omwfo\AppData\Local\Temp\ccEuGk0O.debug.temp.o
LOAD C:\Users\omwfo\AppData\Local\Temp\ccQ7RrUu.debug.temp.o
LOAD C:\Users\omwfo\AppData\Local\Temp\ccQSAy98.debug.temp.o
LOAD C:\Users\omwfo\AppData\Local\Temp\ccUzq8QN.debug.temp.o
LOAD C:\Users\omwfo\AppData\Local\Temp\cc4jMUqv.debug.temp.o
LOAD C:\Users\omwfo\AppData\Local\Temp\ccgRA7Ed.debug.temp.o
LOAD C:\Users\omwfo\AppData\Local\Temp\ccq1njMV.debug.temp.o
LOAD C:\Users\omwfo\AppData\Local\Temp\ccOEQ4bC.debug.temp.o
LOAD C:\Users\omwfo\AppData\Local\Temp\cc4tRddj.debug.temp.o
LOAD C:\Users\omwfo\AppData\Local\Temp\cccberg3.debug.temp.o
LOAD C:\Users\omwfo\AppData\Local\Temp\cceHiZZN.debug.temp.o
LOAD C:\Users\omwfo\AppData\Local\Temp\ccY5FqZw.debug.temp.o
LOAD C:\Users\omwfo\AppData\Local\Temp\cc8Nsxyg.debug.temp.o
LOAD C:\Users\omwfo\AppData\Local\Temp\ccakva92.debug.temp.o
LOAD C:\Users\omwfo\AppData\Local\Temp\ccm10qfP.debug.temp.o
LOAD C:\Users\omwfo\AppData\Local\Temp\ccmop11B.debug.temp.o
LOAD C:\Users\omwfo\AppData\Local\Temp\ccIY8B7m.debug.temp.o
LOAD C:\Users\omwfo\AppData\Local\Temp\ccOEZUX8.debug.temp.o
LOAD C:\Users\omwfo\AppData\Local\Temp\ccCVLZPX.debug.temp.o
LOAD C:\Users\omwfo\AppData\Local\Temp\ccIj7YlN.debug.temp.o
LOAD C:\Users\omwfo\AppData\Local\Temp\cc0VcCnC.debug.temp.o
LOAD C:\Users\omwfo\AppData\Local\Temp\cc8E2J0p.debug.temp.o
LOAD C:\Users\omwfo\AppData\Local\Temp\ccYCEOwd.debug.temp.o
LOAD C:\Users\omwfo\AppData\Local\Temp\ccUrujL1.debug.temp.o
LOAD C:\Users\omwfo\AppData\Local\Temp\ccynMI1S.debug.temp.o
LOAD C:\Users\omwfo\AppData\Local\Temp\ccErxWNJ.debug.temp.o
LOAD C:\Users\omwfo\AppData\Local\Temp\ccSpNAiB.debug.temp.o
LOAD C:\Users\omwfo\AppData\Local\Temp\ccW6qE8q.debug.temp.o
LOAD C:\Users\omwfo\AppData\Local\Temp\cc8n5nEh.debug.temp.o
LOAD C:\Users\omwfo\AppData\Local\Temp\cce2MMbb.debug.temp.o
LOAD C:\Users\omwfo\AppData\Local\Temp\cc4fPup5.debug.temp.o
LOAD C:\Users\omwfo\AppData\Local\Temp\cc2D668Y.debug.temp.o
LOAD C:\Users\omwfo\AppData\Local\Temp\ccKv5ByR.debug.temp.o
LOAD C:\Users\omwfo\AppData\Local\Temp\ccEBOKtJ.debug.temp.o
LOAD C:\Users\omwfo\AppData\Local\Temp\ccCJjI0B.debug.temp.o
LOAD C:\Users\omwfo\AppData\Local\Temp\ccgTWizx.debug.temp.o
LOAD C:\Users\omwfo\AppData\Local\Temp\ccEuK93t.debug.temp.o
LOAD C:\Users\omwfo\AppData\Local\Temp\cc001qUo.debug.temp.o
LOAD C:\Users\omwfo\AppData\Local\Temp\cc8R55dj.debug.temp.o
LOAD C:\Users\omwfo\AppData\Local\Temp\ccqEaeBe.debug.temp.o
LOAD C:\Users\omwfo\AppData\Local\Temp\ccS3qTO9.debug.temp.o
LOAD C:\Users\omwfo\AppData\Local\Temp\cccNtd47.debug.temp.o
LOAD C:\Users\omwfo\AppData\Local\Temp\ccSVzH55.debug.temp.o
LOAD C:\Users\omwfo\AppData\Local\Temp\ccmKyvN4.debug.temp.o
LOAD C:\Users\omwfo\AppData\Local\Temp\ccUO8oS1.debug.temp.o
LOAD C:\Users\omwfo\AppData\Local\Temp\ccias2DZ.debug.temp.o
LOAD C:\Users\omwfo\AppData\Local\Temp\ccYKahbX.debug.temp.o
LOAD C:\Users\omwfo\AppData\Local\Temp\ccgrQrBU.debug.temp.o
LOAD C:\Users\omwfo\AppData\Local\Temp\ccW9IJSR.debug.temp.o
LOAD C:\Users\omwfo\AppData\Local\Temp\ccoVoCrS.debug.temp.o
LOAD C:\Users\omwfo\AppData\Local\Temp\cc41rXAS.debug.temp.o
LOAD C:\Users\omwfo\AppData\Local\Temp\cc2h7toT.debug.temp.o
LOAD C:\Users\omwfo\AppData\Local\Temp\cc8Ra9TS.debug.temp.o
LOAD C:\Users\omwfo\AppData\Local\Temp\ccAF5sZS.debug.temp.o
LOAD C:\Users\omwfo\AppData\Local\Temp\ccOhOBXS.debug.temp.o
LOAD C:\Users\omwfo\AppData\Local\Temp\ccaurhMS.debug.temp.o
LOAD C:\Users\omwfo\AppData\Local\Temp\ccIS3CrS.debug.temp.o
LOAD C:\Users\omwfo\AppData\Local\Temp\cckV9V8U.debug.temp.o
LOAD C:\Users\omwfo\AppData\Local\Temp\ccwKD7vY.debug.temp.o
LOAD C:\Users\omwfo\AppData\Local\Temp\cc2FPu7Z.debug.temp.o
LOAD C:\Users\omwfo\AppData\Local\Temp\ccqnscp2.debug.temp.o
LOAD C:\Users\omwfo\AppData\Local\Temp\ccw9txI7.debug.temp.o
LOAD C:\Users\omwfo\AppData\Local\Temp\ccaZQeGd.debug.temp.o
LOAD C:\Users\omwfo\AppData\Local\Temp\ccQjnXdj.debug.temp.o
LOAD C:\Users\omwfo\AppData\Local\Temp\ccU8QB6m.debug.temp.o
LOAD C:\Users\omwfo\AppData\Local\Temp\ccqywYPq.debug.temp.o
LOAD C:\Users\omwfo\AppData\Local\Temp\cceRFAfv.debug.temp.o

.mstack         0x20000000      0x400
                0x20000000                . = ALIGN (0x8)
                0x20000000                __main_stack_base__ = .
                0x20000400                . = (. + __main_stack_size__)
 *fill*         0x20000000      0x400 
                0x20000400                . = ALIGN (0x8)
                0x20000400                __main_stack_end__ = .

.pstack         0x20000400      0x400
                0x20000400                . = ALIGN (0x8)
                0x20000400                __process_stack_base__ = .
                0x20000400                __main_thread_stack_base__ = .
                0x20000800                . = (. + __process_stack_size__)
 *fill*         0x20000400      0x400 
                0x20000800                . = ALIGN (0x8)
                0x20000800                __process_stack_end__ = .
                0x20000800                __main_thread_stack_end__ = .

.vectors        0x08000000      0x1e0
 *(.vectors)
 .vectors       0x08000000      0x1e0 ./build/obj/vectors.o
                0x08000000                _vectors

.xtors          0x080001e0        0x0
                0x080001e0                __init_array_base__ = .
 *(SORT_BY_NAME(.init_array.*))
 *(.init_array)
                0x080001e0                __init_array_end__ = .
                0x080001e0                __fini_array_base__ = .
 *(.fini_array)
 *(SORT_BY_NAME(.fini_array.*))
                0x080001e0                __fini_array_end__ = .

.text           0x080001e0     0x22c4
                0x080001e0                __text_base__ = .
 *(.text)
 .text          0x080001e0      0x120 ./build/obj/crt0_v7m.o
                0x080001e0                _crt0_entry
 .text          0x08000300        0x8 ./build/obj/vectors.o
                0x08000300                Reset_Handler
                0x08000302                VectorE8
                0x08000302                Vector9C
                0x08000302                VectorAC
                0x08000302                DebugMon_Handler
                0x08000302                Vector1A0
                0x08000302                Vector5C
                0x08000302                Vector11C
                0x08000302                Vector1B8
                0x08000302                Vector19C
                0x08000302                Vector8C
                0x08000302                SysTick_Handler
                0x08000302                VectorDC
                0x08000302                PendSV_Handler
                0x08000302                Vector168
                0x08000302                NMI_Handler
                0x08000302                Vector110
                0x08000302                Vector1D8
                0x08000302                VectorC8
                0x08000302                Vector94
                0x08000302                VectorA8
                0x08000302                VectorB4
                0x08000302                Vector160
                0x08000302                Vector1B0
                0x08000302                UsageFault_Handler
                0x08000302                VectorEC
                0x08000302                Vector40
                0x08000302                VectorF8
                0x08000302                Vector108
                0x08000302                VectorBC
                0x08000302                Vector190
                0x08000302                Vector1C4
                0x08000302                Vector1CC
                0x08000302                Vector148
                0x08000302                Vector188
                0x08000302                Vector198
                0x08000302                Vector118
                0x08000302                Vector64
                0x08000302                Vector58
                0x08000302                VectorCC
                0x08000302                Vector54
                0x08000302                Vector98
                0x08000302                Vector138
                0x08000302                Vector24
                0x08000302                Vector1AC
                0x08000302                Vector178
                0x08000302                Vector1A4
                0x08000302                VectorD0
                0x08000302                Vector1B4
                0x08000302                Vector140
                0x08000302                VectorE4
                0x08000302                VectorC0
                0x08000302                Vector1C0
                0x08000302                Vector134
                0x08000302                Vector1D0
                0x08000302                VectorF0
                0x08000302                Vector13C
                0x08000302                Vector100
                0x08000302                VectorE0
                0x08000302                VectorF4
                0x08000302                MemManage_Handler
                0x08000302                VectorA0
                0x08000302                VectorC4
                0x08000302                Vector180
                0x08000302                Vector90
                0x08000302                Vector114
                0x08000302                Vector164
                0x08000302                Vector60
                0x08000302                Vector1C
                0x08000302                Vector1BC
                0x08000302                Vector1D4
                0x08000302                Vector17C
                0x08000302                Vector48
                0x08000302                Vector1A8
                0x08000302                Vector16C
                0x08000302                Vector4C
                0x08000302                Vector144
                0x08000302                Vector15C
                0x08000302                Vector68
                0x08000302                Vector18C
                0x08000302                Vector170
                0x08000302                Vector88
                0x08000302                Vector104
                0x08000302                Vector184
                0x08000302                Vector10C
                0x08000302                Vector14C
                0x08000302                BusFault_Handler
                0x08000302                Vector50
                0x08000302                Vector1C8
                0x08000302                Vector194
                0x08000302                Vector1DC
                0x08000302                Vector44
                0x08000302                Vector28
                0x08000302                VectorB8
                0x08000302                Vector34
                0x08000302                VectorA4
                0x08000302                Vector20
                0x08000302                Vector174
                0x08000306                _unhandled_exception
 .text          0x08000308       0x32 ./build/obj/chcoreasm_v7m.o
                0x08000308                _port_switch
                0x08000320                _port_thread_start
                0x08000332                _port_switch_from_isr
                0x08000336                _port_exit_from_isr
 *fill*         0x0800033a        0x2 
 .text          0x0800033c      0x134 c:/chibistudio/tools/gnu tools arm embedded/9.0 2019q4/bin/../lib/gcc/arm-none-eabi/9.2.1/../../../../arm-none-eabi/lib/thumb/v7e-m+fp/hard\libg.a(lib_a-memcpy.o)
                0x0800033c                memcpy
 *(.text.*)
 .text.sdObjectInit.constprop.0
                0x08000470       0x54 C:\Users\omwfo\AppData\Local\Temp\disco_mungo.elf.ppwdy1.ltrans0.ltrans.o
 *fill*         0x080004c4        0xc 
 .text.i2s_lld_start_exchange.constprop.0
                0x080004d0       0x60 C:\Users\omwfo\AppData\Local\Temp\disco_mungo.elf.ppwdy1.ltrans0.ltrans.o
 .text._pal_lld_setgroupmode.constprop.0
                0x08000530       0x90 C:\Users\omwfo\AppData\Local\Temp\disco_mungo.elf.ppwdy1.ltrans0.ltrans.o
 .text.chCoreAllocFromTop
                0x080005c0       0x3c C:\Users\omwfo\AppData\Local\Temp\disco_mungo.elf.ppwdy1.ltrans0.ltrans.o
 *fill*         0x080005fc        0x4 
 .text.notify1  0x08000600       0x10 C:\Users\omwfo\AppData\Local\Temp\disco_mungo.elf.ppwdy1.ltrans0.ltrans.o
 .text.notify2  0x08000610       0x10 C:\Users\omwfo\AppData\Local\Temp\disco_mungo.elf.ppwdy1.ltrans0.ltrans.o
 .text._port_irq_epilogue
                0x08000620       0x5c C:\Users\omwfo\AppData\Local\Temp\disco_mungo.elf.ppwdy1.ltrans0.ltrans.o
 *fill*         0x0800067c        0x4 
 .text.chCoreAllocAlignedI
                0x08000680       0x2c C:\Users\omwfo\AppData\Local\Temp\disco_mungo.elf.ppwdy1.ltrans0.ltrans.o
 *fill*         0x080006ac        0x4 
 .text.chTMStopMeasurementX
                0x080006b0       0x44 C:\Users\omwfo\AppData\Local\Temp\disco_mungo.elf.ppwdy1.ltrans0.ltrans.o
 *fill*         0x080006f4        0xc 
 .text.chTMStartMeasurementX
                0x08000700        0xc C:\Users\omwfo\AppData\Local\Temp\disco_mungo.elf.ppwdy1.ltrans0.ltrans.o
 *fill*         0x0800070c        0x4 
 .text.wakeup   0x08000710       0x70 C:\Users\omwfo\AppData\Local\Temp\disco_mungo.elf.ppwdy1.ltrans0.ltrans.o
 .text.chSchReadyI
                0x08000780       0x24 C:\Users\omwfo\AppData\Local\Temp\disco_mungo.elf.ppwdy1.ltrans0.ltrans.o
 *fill*         0x080007a4        0xc 
 .text.mp45dt02Cb
                0x080007b0       0x50 C:\Users\omwfo\AppData\Local\Temp\disco_mungo.elf.ppwdy1.ltrans0.ltrans.o
 .text.chEvtBroadcastFlagsI
                0x08000800       0x58 C:\Users\omwfo\AppData\Local\Temp\disco_mungo.elf.ppwdy1.ltrans0.ltrans.o
 *fill*         0x08000858        0x8 
 .text._idle_thread
                0x08000860        0x4 C:\Users\omwfo\AppData\Local\Temp\disco_mungo.elf.ppwdy1.ltrans0.ltrans.o
 *fill*         0x08000864        0xc 
 .text.serve_interrupt
                0x08000870      0x1b4 C:\Users\omwfo\AppData\Local\Temp\disco_mungo.elf.ppwdy1.ltrans0.ltrans.o
 *fill*         0x08000a24        0xc 
 .text.i2s_lld_serve_rx_interrupt
                0x08000a30       0x4c C:\Users\omwfo\AppData\Local\Temp\disco_mungo.elf.ppwdy1.ltrans0.ltrans.o
 *fill*         0x08000a7c        0x4 
 .text._ctl     0x08000a80        0x4 C:\Users\omwfo\AppData\Local\Temp\disco_mungo.elf.ppwdy1.ltrans0.ltrans.o
 *fill*         0x08000a84        0xc 
 .text.chSchWakeupS.constprop.0
                0x08000a90       0x58 C:\Users\omwfo\AppData\Local\Temp\disco_mungo.elf.ppwdy1.ltrans0.ltrans.o
 *fill*         0x08000ae8        0x8 
 .text.chThdCreateStatic.constprop.0
                0x08000af0       0x70 C:\Users\omwfo\AppData\Local\Temp\disco_mungo.elf.ppwdy1.ltrans0.ltrans.o
 .text.chSchGoSleepS
                0x08000b60       0x28 C:\Users\omwfo\AppData\Local\Temp\disco_mungo.elf.ppwdy1.ltrans0.ltrans.o
 *fill*         0x08000b88        0x8 
 .text.chSchGoSleepTimeoutS
                0x08000b90      0x110 C:\Users\omwfo\AppData\Local\Temp\disco_mungo.elf.ppwdy1.ltrans0.ltrans.o
 .text.chThdEnqueueTimeoutS
                0x08000ca0       0x28 C:\Users\omwfo\AppData\Local\Temp\disco_mungo.elf.ppwdy1.ltrans0.ltrans.o
 *fill*         0x08000cc8        0x8 
 .text.oqPutTimeout
                0x08000cd0       0x50 C:\Users\omwfo\AppData\Local\Temp\disco_mungo.elf.ppwdy1.ltrans0.ltrans.o
 .text._putt    0x08000d20        0x8 C:\Users\omwfo\AppData\Local\Temp\disco_mungo.elf.ppwdy1.ltrans0.ltrans.o
 *fill*         0x08000d28        0x8 
 .text._put     0x08000d30        0xc C:\Users\omwfo\AppData\Local\Temp\disco_mungo.elf.ppwdy1.ltrans0.ltrans.o
 *fill*         0x08000d3c        0x4 
 .text.iqGetTimeout
                0x08000d40       0x54 C:\Users\omwfo\AppData\Local\Temp\disco_mungo.elf.ppwdy1.ltrans0.ltrans.o
 *fill*         0x08000d94        0xc 
 .text._gett    0x08000da0        0x8 C:\Users\omwfo\AppData\Local\Temp\disco_mungo.elf.ppwdy1.ltrans0.ltrans.o
 *fill*         0x08000da8        0x8 
 .text._get     0x08000db0        0xc C:\Users\omwfo\AppData\Local\Temp\disco_mungo.elf.ppwdy1.ltrans0.ltrans.o
 *fill*         0x08000dbc        0x4 
 .text.chThdSleep
                0x08000dc0       0x18 C:\Users\omwfo\AppData\Local\Temp\disco_mungo.elf.ppwdy1.ltrans0.ltrans.o
 *fill*         0x08000dd8        0x8 
 .text.Thread1  0x08000de0       0x34 C:\Users\omwfo\AppData\Local\Temp\disco_mungo.elf.ppwdy1.ltrans0.ltrans.o
 *fill*         0x08000e14        0xc 
 .text.mp45dt02ProcessingThd
                0x08000e20      0x618 C:\Users\omwfo\AppData\Local\Temp\disco_mungo.elf.ppwdy1.ltrans0.ltrans.o
 *fill*         0x08001438        0x8 
 .text.oqWriteTimeout
                0x08001440       0xd4 C:\Users\omwfo\AppData\Local\Temp\disco_mungo.elf.ppwdy1.ltrans0.ltrans.o
 *fill*         0x08001514        0xc 
 .text._writet  0x08001520        0x8 C:\Users\omwfo\AppData\Local\Temp\disco_mungo.elf.ppwdy1.ltrans0.ltrans.o
 *fill*         0x08001528        0x8 
 .text._write   0x08001530        0xc C:\Users\omwfo\AppData\Local\Temp\disco_mungo.elf.ppwdy1.ltrans0.ltrans.o
 *fill*         0x0800153c        0x4 
 .text.iqReadTimeout
                0x08001540       0xd8 C:\Users\omwfo\AppData\Local\Temp\disco_mungo.elf.ppwdy1.ltrans0.ltrans.o
 *fill*         0x08001618        0x8 
 .text._readt   0x08001620        0x8 C:\Users\omwfo\AppData\Local\Temp\disco_mungo.elf.ppwdy1.ltrans0.ltrans.o
 *fill*         0x08001628        0x8 
 .text._read    0x08001630        0xc C:\Users\omwfo\AppData\Local\Temp\disco_mungo.elf.ppwdy1.ltrans0.ltrans.o
 *fill*         0x0800163c        0x4 
 .text.startup.main
                0x08001640      0x5fc C:\Users\omwfo\AppData\Local\Temp\disco_mungo.elf.ppwdy1.ltrans0.ltrans.o
                0x08001640                main
 *fill*         0x08001c3c        0x4 
 .text.HardFault_Handler
                0x08001c40       0x10 C:\Users\omwfo\AppData\Local\Temp\disco_mungo.elf.ppwdy1.ltrans0.ltrans.o
                0x08001c40                HardFault_Handler
 .text.SVC_Handler
                0x08001c50       0x20 C:\Users\omwfo\AppData\Local\Temp\disco_mungo.elf.ppwdy1.ltrans0.ltrans.o
                0x08001c50                SVC_Handler
 .text.chThdExit
                0x08001c70       0x4c C:\Users\omwfo\AppData\Local\Temp\disco_mungo.elf.ppwdy1.ltrans0.ltrans.o
                0x08001c70                chThdExit
 *fill*         0x08001cbc        0x4 
 .text.chSchDoReschedule
                0x08001cc0       0x3c C:\Users\omwfo\AppData\Local\Temp\disco_mungo.elf.ppwdy1.ltrans0.ltrans.o
                0x08001cc0                chSchDoReschedule
 *fill*         0x08001cfc        0x4 
 .text.__early_init
                0x08001d00      0x268 C:\Users\omwfo\AppData\Local\Temp\disco_mungo.elf.ppwdy1.ltrans0.ltrans.o
                0x08001d00                __early_init
 *fill*         0x08001f68        0x8 
 .text.VectorD8
                0x08001f70       0x14 C:\Users\omwfo\AppData\Local\Temp\disco_mungo.elf.ppwdy1.ltrans0.ltrans.o
                0x08001f70                VectorD8
 *fill*         0x08001f84        0xc 
 .text.VectorD4
                0x08001f90       0x14 C:\Users\omwfo\AppData\Local\Temp\disco_mungo.elf.ppwdy1.ltrans0.ltrans.o
                0x08001f90                VectorD4
 *fill*         0x08001fa4        0xc 
 .text.VectorB0
                0x08001fb0       0xb8 C:\Users\omwfo\AppData\Local\Temp\disco_mungo.elf.ppwdy1.ltrans0.ltrans.o
                0x08001fb0                VectorB0
 *fill*         0x08002068        0x8 
 .text.Vector158
                0x08002070       0x2c C:\Users\omwfo\AppData\Local\Temp\disco_mungo.elf.ppwdy1.ltrans0.ltrans.o
                0x08002070                Vector158
 *fill*         0x0800209c        0x4 
 .text.Vector154
                0x080020a0       0x2c C:\Users\omwfo\AppData\Local\Temp\disco_mungo.elf.ppwdy1.ltrans0.ltrans.o
                0x080020a0                Vector154
 *fill*         0x080020cc        0x4 
 .text.Vector150
                0x080020d0       0x2c C:\Users\omwfo\AppData\Local\Temp\disco_mungo.elf.ppwdy1.ltrans0.ltrans.o
                0x080020d0                Vector150
 *fill*         0x080020fc        0x4 
 .text.Vector130
                0x08002100       0x28 C:\Users\omwfo\AppData\Local\Temp\disco_mungo.elf.ppwdy1.ltrans0.ltrans.o
                0x08002100                Vector130
 *fill*         0x08002128        0x8 
 .text.Vector12C
                0x08002130       0x2c C:\Users\omwfo\AppData\Local\Temp\disco_mungo.elf.ppwdy1.ltrans0.ltrans.o
                0x08002130                Vector12C
 *fill*         0x0800215c        0x4 
 .text.Vector128
                0x08002160       0x2c C:\Users\omwfo\AppData\Local\Temp\disco_mungo.elf.ppwdy1.ltrans0.ltrans.o
                0x08002160                Vector128
 *fill*         0x0800218c        0x4 
 .text.Vector124
                0x08002190       0x2c C:\Users\omwfo\AppData\Local\Temp\disco_mungo.elf.ppwdy1.ltrans0.ltrans.o
                0x08002190                Vector124
 *fill*         0x080021bc        0x4 
 .text.Vector120
                0x080021c0       0x28 C:\Users\omwfo\AppData\Local\Temp\disco_mungo.elf.ppwdy1.ltrans0.ltrans.o
                0x080021c0                Vector120
 *fill*         0x080021e8        0x8 
 .text.VectorFC
                0x080021f0       0x2c C:\Users\omwfo\AppData\Local\Temp\disco_mungo.elf.ppwdy1.ltrans0.ltrans.o
                0x080021f0                VectorFC
 *fill*         0x0800221c        0x4 
 .text.Vector84
                0x08002220       0x2c C:\Users\omwfo\AppData\Local\Temp\disco_mungo.elf.ppwdy1.ltrans0.ltrans.o
                0x08002220                Vector84
 *fill*         0x0800224c        0x4 
 .text.Vector80
                0x08002250       0x2c C:\Users\omwfo\AppData\Local\Temp\disco_mungo.elf.ppwdy1.ltrans0.ltrans.o
                0x08002250                Vector80
 *fill*         0x0800227c        0x4 
 .text.Vector7C
                0x08002280       0x28 C:\Users\omwfo\AppData\Local\Temp\disco_mungo.elf.ppwdy1.ltrans0.ltrans.o
                0x08002280                Vector7C
 *fill*         0x080022a8        0x8 
 .text.Vector78
                0x080022b0       0x2c C:\Users\omwfo\AppData\Local\Temp\disco_mungo.elf.ppwdy1.ltrans0.ltrans.o
                0x080022b0                Vector78
 *fill*         0x080022dc        0x4 
 .text.Vector74
                0x080022e0       0x2c C:\Users\omwfo\AppData\Local\Temp\disco_mungo.elf.ppwdy1.ltrans0.ltrans.o
                0x080022e0                Vector74
 *fill*         0x0800230c        0x4 
 .text.Vector70
                0x08002310       0x2c C:\Users\omwfo\AppData\Local\Temp\disco_mungo.elf.ppwdy1.ltrans0.ltrans.o
                0x08002310                Vector70
 *fill*         0x0800233c        0x4 
 .text.Vector6C
                0x08002340       0x28 C:\Users\omwfo\AppData\Local\Temp\disco_mungo.elf.ppwdy1.ltrans0.ltrans.o
                0x08002340                Vector6C
 *fill*         0x08002368        0x8 
 .text.__init_ram_areas
                0x08002370       0x68 C:\Users\omwfo\AppData\Local\Temp\disco_mungo.elf.ppwdy1.ltrans0.ltrans.o
                0x08002370                __init_ram_areas
 *fill*         0x080023d8        0x8 
 .text.__default_exit
                0x080023e0        0x4 C:\Users\omwfo\AppData\Local\Temp\disco_mungo.elf.ppwdy1.ltrans0.ltrans.o
                0x080023e0                __default_exit
 *fill*         0x080023e4        0xc 
 .text.__late_init
                0x080023f0        0x4 C:\Users\omwfo\AppData\Local\Temp\disco_mungo.elf.ppwdy1.ltrans0.ltrans.o
                0x080023f0                __late_init
 *fill*         0x080023f4        0xc 
 .text.__core_init
                0x08002400        0x4 C:\Users\omwfo\AppData\Local\Temp\disco_mungo.elf.ppwdy1.ltrans0.ltrans.o
                0x08002400                __core_init
 .text.memset   0x08002404       0xa0 c:/chibistudio/tools/gnu tools arm embedded/9.0 2019q4/bin/../lib/gcc/arm-none-eabi/9.2.1/../../../../arm-none-eabi/lib/thumb/v7e-m+fp/hard\libg.a(lib_a-memset.o)
                0x08002404                memset
 *(.glue_7t)
 .glue_7t       0x080024a4        0x0 linker stubs
 *(.glue_7)
 .glue_7        0x080024a4        0x0 linker stubs
 *(.gcc*)
                0x080024a4                __text_end__ = .

.vfp11_veneer   0x080024a4        0x0
 .vfp11_veneer  0x080024a4        0x0 linker stubs

.v4_bx          0x080024a4        0x0
 .v4_bx         0x080024a4        0x0 linker stubs

.iplt           0x080024a4        0x0
 .iplt          0x080024a4        0x0 ./build/obj/crt0_v7m.o

.rodata         0x080024a4      0x1c4
                0x080024a4                __rodata_base__ = .
 *(.rodata)
 *(.rodata.*)
 .rodata.i2s_lld_serve_rx_interrupt.str1.4
                0x080024a4        0xc C:\Users\omwfo\AppData\Local\Temp\disco_mungo.elf.ppwdy1.ltrans0.ltrans.o
 .rodata.chThdCreateStatic.constprop.0.str1.4
                0x080024b0        0x7 C:\Users\omwfo\AppData\Local\Temp\disco_mungo.elf.ppwdy1.ltrans0.ltrans.o
 *fill*         0x080024b7        0x1 
 .rodata.Thread1.str1.4
                0x080024b8        0x8 C:\Users\omwfo\AppData\Local\Temp\disco_mungo.elf.ppwdy1.ltrans0.ltrans.o
 .rodata.mp45dt02ProcessingThd.str1.4
                0x080024c0       0x1e C:\Users\omwfo\AppData\Local\Temp\disco_mungo.elf.ppwdy1.ltrans0.ltrans.o
 *fill*         0x080024de        0x2 
 .rodata.main.str1.4
                0x080024e0        0x5 C:\Users\omwfo\AppData\Local\Temp\disco_mungo.elf.ppwdy1.ltrans0.ltrans.o
 *fill*         0x080024e5        0x3 
 .rodata._stm32_dma_streams
                0x080024e8       0xc0 C:\Users\omwfo\AppData\Local\Temp\disco_mungo.elf.ppwdy1.ltrans0.ltrans.o
 .rodata.ch_debug
                0x080025a8       0x16 C:\Users\omwfo\AppData\Local\Temp\disco_mungo.elf.ppwdy1.ltrans0.ltrans.o
 *fill*         0x080025be        0x2 
 .rodata.ram_areas
                0x080025c0       0x80 C:\Users\omwfo\AppData\Local\Temp\disco_mungo.elf.ppwdy1.ltrans0.ltrans.o
 .rodata.vmt    0x08002640       0x28 C:\Users\omwfo\AppData\Local\Temp\disco_mungo.elf.ppwdy1.ltrans0.ltrans.o
                0x08002668                . = ALIGN (0x4)
                0x08002668                __rodata_end__ = .

.rel.dyn        0x08002668        0x0
 .rel.iplt      0x08002668        0x0 ./build/obj/crt0_v7m.o

.ARM.extab
 *(.ARM.extab* .gnu.linkonce.armextab.*)

.ARM.exidx      0x08002668        0x0
                0x08002668                __exidx_base__ = .
                0x08002668                __exidx_start = .
 *(.ARM.exidx* .gnu.linkonce.armexidx.*)
                0x08002668                __exidx_end__ = .
                0x08002668                __exidx_end = .

.eh_frame_hdr
 *(.eh_frame_hdr)

.eh_frame
 *(.eh_frame)

.data           0x20000800      0x400 load address 0x08002668
                [!provide]                PROVIDE (_textdata = LOADADDR (.data))
                [!provide]                PROVIDE (_data = .)
                0x08002668                __textdata_base__ = LOADADDR (.data)
                0x20000800                __data_base__ = .
 *(.data)
 *(.data.*)
 .data.firCoeffs
                0x20000800      0x400 C:\Users\omwfo\AppData\Local\Temp\disco_mungo.elf.ppwdy1.ltrans0.ltrans.o
 *(.ramtext)
                0x20000c00                . = ALIGN (0x4)
                [!provide]                PROVIDE (_edata = .)
                0x20000c00                __data_end__ = .

.igot.plt       0x20000c00        0x0 load address 0x08002a68
 .igot.plt      0x20000c00        0x0 ./build/obj/crt0_v7m.o

.bss            0x20000c00    0x1bdc0 load address 0x08002a68
                0x20000c00                __bss_base__ = .
 *(.bss)
 *(.bss.*)
 .bss.I2SD2     0x20000c00       0x20 C:\Users\omwfo\AppData\Local\Temp\disco_mungo.elf.ppwdy1.ltrans0.ltrans.o
 .bss.SD1       0x20000c20       0x7c C:\Users\omwfo\AppData\Local\Temp\disco_mungo.elf.ppwdy1.ltrans0.ltrans.o
 .bss.SD2       0x20000c9c       0x7c C:\Users\omwfo\AppData\Local\Temp\disco_mungo.elf.ppwdy1.ltrans0.ltrans.o
 .bss.ch        0x20000d18       0x78 C:\Users\omwfo\AppData\Local\Temp\disco_mungo.elf.ppwdy1.ltrans0.ltrans.o
 .bss.ch_factory
                0x20000d90       0x48 C:\Users\omwfo\AppData\Local\Temp\disco_mungo.elf.ppwdy1.ltrans0.ltrans.o
 .bss.ch_idle_thread_wa
                0x20000dd8      0x160 C:\Users\omwfo\AppData\Local\Temp\disco_mungo.elf.ppwdy1.ltrans0.ltrans.o
 .bss.ch_memcore
                0x20000f38        0x8 C:\Users\omwfo\AppData\Local\Temp\disco_mungo.elf.ppwdy1.ltrans0.ltrans.o
 .bss.cmsisDsp  0x20000f40     0x140c C:\Users\omwfo\AppData\Local\Temp\disco_mungo.elf.ppwdy1.ltrans0.ltrans.o
 *fill*         0x2000234c        0x4 
 .bss.debugTimings
                0x20002350       0x78 C:\Users\omwfo\AppData\Local\Temp\disco_mungo.elf.ppwdy1.ltrans0.ltrans.o
 .bss.default_heap
                0x200023c8       0x1c C:\Users\omwfo\AppData\Local\Temp\disco_mungo.elf.ppwdy1.ltrans0.ltrans.o
 .bss.dma       0x200023e4       0x84 C:\Users\omwfo\AppData\Local\Temp\disco_mungo.elf.ppwdy1.ltrans0.ltrans.o
 .bss.mp45dt02ExpandedBuffer
                0x20002468     0x1000 C:\Users\omwfo\AppData\Local\Temp\disco_mungo.elf.ppwdy1.ltrans0.ltrans.o
 .bss.mp45dt02I2SConfig
                0x20003468       0x14 C:\Users\omwfo\AppData\Local\Temp\disco_mungo.elf.ppwdy1.ltrans0.ltrans.o
 .bss.mp45dt02I2sData
                0x2000347c      0x10c C:\Users\omwfo\AppData\Local\Temp\disco_mungo.elf.ppwdy1.ltrans0.ltrans.o
 .bss.mp45dt02ProcessingSem
                0x20003588        0xc C:\Users\omwfo\AppData\Local\Temp\disco_mungo.elf.ppwdy1.ltrans0.ltrans.o
 *fill*         0x20003594        0x4 
 .bss.mp45dt02ProcessingThdWA
                0x20003598      0x250 C:\Users\omwfo\AppData\Local\Temp\disco_mungo.elf.ppwdy1.ltrans0.ltrans.o
 .bss.output    0x200037e8    0x19008 C:\Users\omwfo\AppData\Local\Temp\disco_mungo.elf.ppwdy1.ltrans0.ltrans.o
 .bss.waThread1
                0x2001c7f0      0x1d0 C:\Users\omwfo\AppData\Local\Temp\disco_mungo.elf.ppwdy1.ltrans0.ltrans.o
 *(COMMON)
                0x2001c9c0                . = ALIGN (0x4)
                0x2001c9c0                __bss_end__ = .
                [!provide]                PROVIDE (end = .)
                0x20000000                __ram0_base__ = ORIGIN (ram0)
                0x00020000                __ram0_size__ = LENGTH (ram0)
                0x20020000                __ram0_end__ = (__ram0_base__ + __ram0_size__)
                0x20000000                __ram1_base__ = ORIGIN (ram1)
                0x0001c000                __ram1_size__ = LENGTH (ram1)
                0x2001c000                __ram1_end__ = (__ram1_base__ + __ram1_size__)
                0x2001c000                __ram2_base__ = ORIGIN (ram2)
                0x00004000                __ram2_size__ = LENGTH (ram2)
                0x20020000                __ram2_end__ = (__ram2_base__ + __ram2_size__)
                0x00000000                __ram3_base__ = ORIGIN (ram3)
                0x00000000                __ram3_size__ = LENGTH (ram3)
                0x00000000                __ram3_end__ = (__ram3_base__ + __ram3_size__)
                0x10000000                __ram4_base__ = ORIGIN (ram4)
                0x00010000                __ram4_size__ = LENGTH (ram4)
                0x10010000                __ram4_end__ = (__ram4_base__ + __ram4_size__)
                0x40024000                __ram5_base__ = ORIGIN (ram5)
                0x00001000                __ram5_size__ = LENGTH (ram5)
                0x40025000                __ram5_end__ = (__ram5_base__ + __ram5_size__)
                0x00000000                __ram6_base__ = ORIGIN (ram6)
                0x00000000                __ram6_size__ = LENGTH (ram6)
                0x00000000                __ram6_end__ = (__ram6_base__ + __ram6_size__)
                0x00000000                __ram7_base__ = ORIGIN (ram7)
                0x00000000                __ram7_size__ = LENGTH (ram7)
                0x00000000                __ram7_end__ = (__ram7_base__ + __ram7_size__)
                0x08000000                __flash0_base__ = ORIGIN (flash0)
                0x00100000                __flash0_size__ = LENGTH (flash0)
                0x08100000                __flash0_end__ = (__flash0_base__ + __flash0_size__)
                0x00000000                __flash1_base__ = ORIGIN (flash1)
                0x00000000                __flash1_size__ = LENGTH (flash1)
                0x00000000                __flash1_end__ = (__flash1_base__ + __flash1_size__)
                0x00000000                __flash2_base__ = ORIGIN (flash2)
                0x00000000                __flash2_size__ = LENGTH (flash2)
                0x00000000                __flash2_end__ = (__flash2_base__ + __flash2_size__)
                0x00000000                __flash3_base__ = ORIGIN (flash3)
                0x00000000                __flash3_size__ = LENGTH (flash3)
                0x00000000                __flash3_end__ = (__flash3_base__ + __flash3_size__)
                0x00000000                __flash4_base__ = ORIGIN (flash4)
                0x00000000                __flash4_size__ = LENGTH (flash4)
                0x00000000                __flash4_end__ = (__flash4_base__ + __flash4_size__)
                0x00000000                __flash5_base__ = ORIGIN (flash5)
                0x00000000                __flash5_size__ = LENGTH (flash5)
                0x00000000                __flash5_end__ = (__flash5_base__ + __flash5_size__)
                0x00000000                __flash6_base__ = ORIGIN (flash6)
                0x00000000                __flash6_size__ = LENGTH (flash6)
                0x00000000                __flash6_end__ = (__flash6_base__ + __flash6_size__)
                0x00000000                __flash7_base__ = ORIGIN (flash7)
                0x00000000                __flash7_size__ = LENGTH (flash7)
                0x00000000                __flash7_end__ = (__flash7_base__ + __flash7_size__)

.ram0_init      0x2001c9c0        0x0 load address 0x08002a68
                0x08002a68                __ram0_init_text__ = LOADADDR (.ram0_init)
                0x2001c9c0                __ram0_init__ = .
 *(.ram0_init)
 *(.ram0_init.*)
                0x2001c9c0                . = ALIGN (0x4)

.ram0           0x2001c9c0        0x0 load address 0x08002a68
                0x2001c9c0                __ram0_clear__ = .
 *(.ram0_clear)
 *(.ram0_clear.*)
                0x2001c9c0                . = ALIGN (0x4)
                0x2001c9c0                __ram0_noinit__ = .
 *(.ram0)
 *(.ram0.*)
                0x2001c9c0                . = ALIGN (0x4)
                0x2001c9c0                __ram0_free__ = .

.ram1_init      0x20000000        0x0 load address 0x08002a68
                0x08002a68                __ram1_init_text__ = LOADADDR (.ram1_init)
                0x20000000                __ram1_init__ = .
 *(.ram1_init)
 *(.ram1_init.*)
                0x20000000                . = ALIGN (0x4)

.ram1           0x20000000        0x0 load address 0x08002a68
                0x20000000                __ram1_clear__ = .
 *(.ram1_clear)
 *(.ram1_clear.*)
                0x20000000                . = ALIGN (0x4)
                0x20000000                __ram1_noinit__ = .
 *(.ram1)
 *(.ram1.*)
                0x20000000                . = ALIGN (0x4)
                0x20000000                __ram1_free__ = .

.ram2_init      0x2001c000        0x0 load address 0x08002a68
                0x08002a68                __ram2_init_text__ = LOADADDR (.ram2_init)
                0x2001c000                __ram2_init__ = .
 *(.ram2_init)
 *(.ram2_init.*)
                0x2001c000                . = ALIGN (0x4)

.ram2           0x2001c000        0x0 load address 0x08002a68
                0x2001c000                __ram2_clear__ = .
 *(.ram2_clear)
 *(.ram2_clear.*)
                0x2001c000                . = ALIGN (0x4)
                0x2001c000                __ram2_noinit__ = .
 *(.ram2)
 *(.ram2.*)
                0x2001c000                . = ALIGN (0x4)
                0x2001c000                __ram2_free__ = .

.ram3_init      0x00000000        0x0 load address 0x08002a68
                0x08002a68                __ram3_init_text__ = LOADADDR (.ram3_init)
                0x00000000                __ram3_init__ = .
 *(.ram3_init)
 *(.ram3_init.*)
                0x00000000                . = ALIGN (0x4)

.ram3           0x00000000        0x0 load address 0x08002a68
                0x00000000                __ram3_clear__ = .
 *(.ram3_clear)
 *(.ram3_clear.*)
                0x00000000                . = ALIGN (0x4)
                0x00000000                __ram3_noinit__ = .
 *(.ram3)
 *(.ram3.*)
                0x00000000                . = ALIGN (0x4)
                0x00000000                __ram3_free__ = .

.ram4_init      0x10000000        0x0 load address 0x08002a68
                0x08002a68                __ram4_init_text__ = LOADADDR (.ram4_init)
                0x10000000                __ram4_init__ = .
 *(.ram4_init)
 *(.ram4_init.*)
                0x10000000                . = ALIGN (0x4)

.ram4           0x10000000        0x0 load address 0x08002a68
                0x10000000                __ram4_clear__ = .
 *(.ram4_clear)
 *(.ram4_clear.*)
                0x10000000                . = ALIGN (0x4)
                0x10000000                __ram4_noinit__ = .
 *(.ram4)
 *(.ram4.*)
                0x10000000                . = ALIGN (0x4)
                0x10000000                __ram4_free__ = .

.ram5_init      0x40024000        0x0 load address 0x08002a68
                0x08002a68                __ram5_init_text__ = LOADADDR (.ram5_init)
                0x40024000                __ram5_init__ = .
 *(.ram5_init)
 *(.ram5_init.*)
                0x40024000                . = ALIGN (0x4)

.ram5           0x40024000        0x0 load address 0x08002a68
                0x40024000                __ram5_clear__ = .
 *(.ram5_clear)
 *(.ram5_clear.*)
                0x40024000                . = ALIGN (0x4)
                0x40024000                __ram5_noinit__ = .
 *(.ram5)
 *(.ram5.*)
                0x40024000                . = ALIGN (0x4)
                0x40024000                __ram5_free__ = .

.ram6_init      0x00000000        0x0 load address 0x08002a68
                0x08002a68                __ram6_init_text__ = LOADADDR (.ram6_init)
                0x00000000                __ram6_init__ = .
 *(.ram6_init)
 *(.ram6_init.*)
                0x00000000                . = ALIGN (0x4)

.ram6           0x00000000        0x0 load address 0x08002a68
                0x00000000                __ram6_clear__ = .
 *(.ram6_clear)
 *(.ram6_clear.*)
                0x00000000                . = ALIGN (0x4)
                0x00000000                __ram6_noinit__ = .
 *(.ram6)
 *(.ram6.*)
                0x00000000                . = ALIGN (0x4)
                0x00000000                __ram6_free__ = .

.ram7_init      0x00000000        0x0 load address 0x08002a68
                0x08002a68                __ram7_init_text__ = LOADADDR (.ram7_init)
                0x00000000                __ram7_init__ = .
 *(.ram7_init)
 *(.ram7_init.*)
                0x00000000                . = ALIGN (0x4)

.ram7           0x00000000        0x0 load address 0x08002a68
                0x00000000                __ram7_clear__ = .
 *(.ram7_clear)
 *(.ram7_clear.*)
                0x00000000                . = ALIGN (0x4)
                0x00000000                __ram7_noinit__ = .
 *(.ram7)
 *(.ram7.*)
                0x00000000                . = ALIGN (0x4)
                0x00000000                __ram7_free__ = .

.flash0         0x08002a68        0x0
                0x08002a68                __flash0_init__ = .
 *(.flash0_init)
 *(.flash0_init.*)
                0x08002a68                __flash0_free__ = .

.flash1         0x00000000        0x0
                0x00000000                __flash1_init__ = .
 *(.flash1_init)
 *(.flash1_init.*)
                0x00000000                __flash1_free__ = .

.flash2         0x00000000        0x0
                0x00000000                __flash2_init__ = .
 *(.flash2_init)
 *(.flash2_init.*)
                0x00000000                __flash2_free__ = .

.flash3         0x00000000        0x0
                0x00000000                __flash3_init__ = .
 *(.flash3_init)
 *(.flash3_init.*)
                0x00000000                __flash3_free__ = .

.flash4         0x00000000        0x0
                0x00000000                __flash4_init__ = .
 *(.flash4_init)
 *(.flash4_init.*)
                0x00000000                __flash4_free__ = .

.flash5         0x00000000        0x0
                0x00000000                __flash5_init__ = .
 *(.flash5_init)
 *(.flash5_init.*)
                0x00000000                __flash5_free__ = .

.flash6         0x00000000        0x0
                0x00000000                __flash6_init__ = .
 *(.flash6_init)
 *(.flash6_init.*)
                0x00000000                __flash6_free__ = .

.flash7         0x00000000        0x0
                0x00000000                __flash7_init__ = .
 *(.flash7_init)
 *(.flash7_init.*)
                0x00000000                __flash7_free__ = .

.heap           0x2001c9c0     0x3640
                0x2001c9c0                . = ALIGN (0x8)
                0x2001c9c0                __heap_base__ = .
                0x20020000                . = (ORIGIN (HEAP_RAM) + LENGTH (HEAP_RAM))
 *fill*         0x2001c9c0     0x3640 
                0x20020000                __heap_end__ = .
                0x00000400                __process_stack_size__ = 0x400
                0x00000400                __main_stack_size__ = 0x400
START GROUP
LOAD c:/chibistudio/tools/gnu tools arm embedded/9.0 2019q4/bin/../lib/gcc/arm-none-eabi/9.2.1/thumb/v7e-m+fp/hard\libgcc.a
LOAD c:/chibistudio/tools/gnu tools arm embedded/9.0 2019q4/bin/../lib/gcc/arm-none-eabi/9.2.1/../../../../arm-none-eabi/lib/thumb/v7e-m+fp/hard\libg.a
LOAD c:/chibistudio/tools/gnu tools arm embedded/9.0 2019q4/bin/../lib/gcc/arm-none-eabi/9.2.1/../../../../arm-none-eabi/lib/thumb/v7e-m+fp/hard\libc.a
END GROUP
OUTPUT(build/disco_mungo.elf elf32-littlearm)

.ARM.attributes
                0x00000000       0x35
 .ARM.attributes
                0x00000000       0x25 ./build/obj/crt0_v7m.o
 .ARM.attributes
                0x00000025       0x25 ./build/obj/vectors.o
 .ARM.attributes
                0x0000004a       0x25 ./build/obj/chcoreasm_v7m.o
 .ARM.attributes
                0x0000006f       0x32 C:\Users\omwfo\AppData\Local\Temp\disco_mungo.elf.ppwdy1.ltrans0.ltrans.o
 .ARM.attributes
                0x000000a1       0x1c c:/chibistudio/tools/gnu tools arm embedded/9.0 2019q4/bin/../lib/gcc/arm-none-eabi/9.2.1/../../../../arm-none-eabi/lib/thumb/v7e-m+fp/hard\libg.a(lib_a-memcpy.o)
 .ARM.attributes
                0x000000bd       0x34 c:/chibistudio/tools/gnu tools arm embedded/9.0 2019q4/bin/../lib/gcc/arm-none-eabi/9.2.1/../../../../arm-none-eabi/lib/thumb/v7e-m+fp/hard\libg.a(lib_a-memset.o)

.comment        0x00000000       0x79
 .comment       0x00000000       0x79 C:\Users\omwfo\AppData\Local\Temp\disco_mungo.elf.ppwdy1.ltrans0.ltrans.o
                                 0x7a (size before relaxing)

.debug_line     0x00000000     0xec82
 .debug_line    0x00000000       0xde ./build/obj/crt0_v7m.o
 .debug_line    0x000000de       0x77 ./build/obj/vectors.o
 .debug_line    0x00000155       0x90 ./build/obj/chcoreasm_v7m.o
 .debug_line    0x000001e5     0x4ae2 C:\Users\omwfo\AppData\Local\Temp\disco_mungo.elf.ppwdy1.ltrans0.ltrans.o
 .debug_line    0x00004cc7      0x1ad C:\Users\omwfo\AppData\Local\Temp\ccGylfsV.debug.temp.o
 .debug_line    0x00004e74      0x4aa C:\Users\omwfo\AppData\Local\Temp\ccc4Rn3Y.debug.temp.o
 .debug_line    0x0000531e      0x4cc C:\Users\omwfo\AppData\Local\Temp\ccyiyQk3.debug.temp.o
 .debug_line    0x000057ea      0x502 C:\Users\omwfo\AppData\Local\Temp\ccc0i4T5.debug.temp.o
 .debug_line    0x00005cec      0x4f0 C:\Users\omwfo\AppData\Local\Temp\ccCq4Ge9.debug.temp.o
 .debug_line    0x000061dc      0x4bf C:\Users\omwfo\AppData\Local\Temp\cciZZGyf.debug.temp.o
 .debug_line    0x0000669b      0x4bd C:\Users\omwfo\AppData\Local\Temp\cccAtd1r.debug.temp.o
 .debug_line    0x00006b58      0x536 C:\Users\omwfo\AppData\Local\Temp\cccfpIUw.debug.temp.o
 .debug_line    0x0000708e      0x4c0 C:\Users\omwfo\AppData\Local\Temp\cc07MWuC.debug.temp.o
 .debug_line    0x0000754e      0x48d C:\Users\omwfo\AppData\Local\Temp\ccWYx48K.debug.temp.o
 .debug_line    0x000079db      0x494 C:\Users\omwfo\AppData\Local\Temp\ccUON0oU.debug.temp.o
 .debug_line    0x00007e6f      0x492 C:\Users\omwfo\AppData\Local\Temp\ccO0nXe3.debug.temp.o
 .debug_line    0x00008301      0x4a3 C:\Users\omwfo\AppData\Local\Temp\ccATwLai.debug.temp.o
 .debug_line    0x000087a4      0x4b8 C:\Users\omwfo\AppData\Local\Temp\ccekx9lE.debug.temp.o
 .debug_line    0x00008c5c      0x496 C:\Users\omwfo\AppData\Local\Temp\ccwSGT7N.debug.temp.o
 .debug_line    0x000090f2      0x4e1 C:\Users\omwfo\AppData\Local\Temp\ccg5d3zY.debug.temp.o
 .debug_line    0x000095d3      0x4a8 C:\Users\omwfo\AppData\Local\Temp\ccMqFz3b.debug.temp.o
 .debug_line    0x00009a7b      0x4d5 C:\Users\omwfo\AppData\Local\Temp\cc46St0o.debug.temp.o
 .debug_line    0x00009f50      0x396 C:\Users\omwfo\AppData\Local\Temp\ccAOtEhx.debug.temp.o
 .debug_line    0x0000a2e6      0x36c C:\Users\omwfo\AppData\Local\Temp\ccqMgU6f.debug.temp.o
 .debug_line    0x0000a652      0x36b C:\Users\omwfo\AppData\Local\Temp\ccMaiF1x.debug.temp.o
 .debug_line    0x0000a9bd      0x38f C:\Users\omwfo\AppData\Local\Temp\cc4sl2CQ.debug.temp.o
 .debug_line    0x0000ad4c      0x350 C:\Users\omwfo\AppData\Local\Temp\ccAKA7w7.debug.temp.o
 .debug_line    0x0000b09c      0x395 C:\Users\omwfo\AppData\Local\Temp\cckjRQWn.debug.temp.o
 .debug_line    0x0000b431      0x360 C:\Users\omwfo\AppData\Local\Temp\ccQYcL2E.debug.temp.o
 .debug_line    0x0000b791      0x360 C:\Users\omwfo\AppData\Local\Temp\cccV3jaZ.debug.temp.o
 .debug_line    0x0000baf1      0x371 C:\Users\omwfo\AppData\Local\Temp\ccoTSX2C.debug.temp.o
 .debug_line    0x0000be62      0x383 C:\Users\omwfo\AppData\Local\Temp\cc2huXDj.debug.temp.o
 .debug_line    0x0000c1e5      0x367 C:\Users\omwfo\AppData\Local\Temp\ccSecpX2.debug.temp.o
 .debug_line    0x0000c54c      0x369 C:\Users\omwfo\AppData\Local\Temp\ccYQkWfo.debug.temp.o
 .debug_line    0x0000c8b5      0x368 C:\Users\omwfo\AppData\Local\Temp\ccyAfW9J.debug.temp.o
 .debug_line    0x0000cc1d      0x3b4 C:\Users\omwfo\AppData\Local\Temp\ccSguk7j.debug.temp.o
 .debug_line    0x0000cfd1      0x37c C:\Users\omwfo\AppData\Local\Temp\cceoRag9.debug.temp.o
 .debug_line    0x0000d34d      0x20d C:\Users\omwfo\AppData\Local\Temp\ccKNP4zs.debug.temp.o
 .debug_line    0x0000d55a      0x207 C:\Users\omwfo\AppData\Local\Temp\ccStRzYp.debug.temp.o
 .debug_line    0x0000d761      0x207 C:\Users\omwfo\AppData\Local\Temp\ccOEQ4bC.debug.temp.o
 .debug_line    0x0000d968      0x20c C:\Users\omwfo\AppData\Local\Temp\cceHiZZN.debug.temp.o
 .debug_line    0x0000db74      0x4b2 C:\Users\omwfo\AppData\Local\Temp\ccQjnXdj.debug.temp.o
 .debug_line    0x0000e026      0x190 C:\Users\omwfo\AppData\Local\Temp\ccU8QB6m.debug.temp.o
 .debug_line    0x0000e1b6      0x579 C:\Users\omwfo\AppData\Local\Temp\ccqywYPq.debug.temp.o
 .debug_line    0x0000e72f      0x553 C:\Users\omwfo\AppData\Local\Temp\cceRFAfv.debug.temp.o

.debug_info     0x00000000    0x368c5
 .debug_info    0x00000000       0x26 ./build/obj/crt0_v7m.o
 .debug_info    0x00000026       0x26 ./build/obj/vectors.o
 .debug_info    0x0000004c       0x26 ./build/obj/chcoreasm_v7m.o
 .debug_info    0x00000072     0x4e71 C:\Users\omwfo\AppData\Local\Temp\disco_mungo.elf.ppwdy1.ltrans0.ltrans.o
 .debug_info    0x00004ee3      0x35d C:\Users\omwfo\AppData\Local\Temp\ccGylfsV.debug.temp.o
                0x00004ee3                crt1.c.886945fb
 .debug_info    0x00005240     0x12bf C:\Users\omwfo\AppData\Local\Temp\ccc4Rn3Y.debug.temp.o
                0x00005240                hal.c.7b0645fe
 .debug_info    0x000064ff     0x151c C:\Users\omwfo\AppData\Local\Temp\ccyiyQk3.debug.temp.o
                0x000064ff                hal_st.c.c5632282
 .debug_info    0x00007a1b     0x22fd C:\Users\omwfo\AppData\Local\Temp\ccc0i4T5.debug.temp.o
                0x00007a1b                hal_buffers.c.0602b0c6
 .debug_info    0x00009d18     0x2116 C:\Users\omwfo\AppData\Local\Temp\ccCq4Ge9.debug.temp.o
                0x00009d18                hal_queues.c.292b4596
 .debug_info    0x0000be2e     0x1682 C:\Users\omwfo\AppData\Local\Temp\cciZZGyf.debug.temp.o
                0x0000be2e                hal_flash.c.bed1df60
 .debug_info    0x0000d4b0     0x1427 C:\Users\omwfo\AppData\Local\Temp\cccAtd1r.debug.temp.o
                0x0000d4b0                hal_i2s.c.89a647f9
 .debug_info    0x0000e8d7     0x14d8 C:\Users\omwfo\AppData\Local\Temp\cccfpIUw.debug.temp.o
                0x0000e8d7                hal_pal.c.d880458d
 .debug_info    0x0000fdaf     0x1795 C:\Users\omwfo\AppData\Local\Temp\cc07MWuC.debug.temp.o
                0x0000fdaf                hal_serial.c.a1fae6c5
 .debug_info    0x00011544     0x162b C:\Users\omwfo\AppData\Local\Temp\ccWYx48K.debug.temp.o
                0x00011544                nvic.c.db5c548a
 .debug_info    0x00012b6f     0x14e3 C:\Users\omwfo\AppData\Local\Temp\ccUON0oU.debug.temp.o
                0x00012b6f                stm32_isr.c.2c47f0bb
 .debug_info    0x00014052     0x174e C:\Users\omwfo\AppData\Local\Temp\ccO0nXe3.debug.temp.o
                0x00014052                hal_lld.c.79170568
 .debug_info    0x000157a0     0x18d1 C:\Users\omwfo\AppData\Local\Temp\ccATwLai.debug.temp.o
                0x000157a0                stm32_dma.c.6b818017
 .debug_info    0x00017071     0x1467 C:\Users\omwfo\AppData\Local\Temp\ccekx9lE.debug.temp.o
                0x00017071                hal_pal_lld.c.c6a3c87f
 .debug_info    0x000184d8     0x157f C:\Users\omwfo\AppData\Local\Temp\ccwSGT7N.debug.temp.o
                0x000184d8                hal_i2s_lld.c.507bf38a
 .debug_info    0x00019a57     0x16c7 C:\Users\omwfo\AppData\Local\Temp\ccg5d3zY.debug.temp.o
                0x00019a57                hal_st_lld.c.21ab2807
 .debug_info    0x0001b11e     0x16e9 C:\Users\omwfo\AppData\Local\Temp\ccMqFz3b.debug.temp.o
                0x0001b11e                hal_serial_lld.c.51aeaa51
 .debug_info    0x0001c807     0x16b4 C:\Users\omwfo\AppData\Local\Temp\cc46St0o.debug.temp.o
                0x0001c807                board.c.bb133e96
 .debug_info    0x0001debb     0x10aa C:\Users\omwfo\AppData\Local\Temp\ccAOtEhx.debug.temp.o
                0x0001debb                chsys.c.562ce454
 .debug_info    0x0001ef65      0xca6 C:\Users\omwfo\AppData\Local\Temp\ccqMgU6f.debug.temp.o
                0x0001ef65                chvt.c.125091bb
 .debug_info    0x0001fc0b      0xe2d C:\Users\omwfo\AppData\Local\Temp\ccMaiF1x.debug.temp.o
                0x0001fc0b                chschd.c.20e139d0
 .debug_info    0x00020a38     0x13ab C:\Users\omwfo\AppData\Local\Temp\cc4sl2CQ.debug.temp.o
                0x00020a38                chthreads.c.b966d12e
 .debug_info    0x00021de3      0xdc7 C:\Users\omwfo\AppData\Local\Temp\ccAKA7w7.debug.temp.o
                0x00021de3                chtm.c.52143569
 .debug_info    0x00022baa     0x1515 C:\Users\omwfo\AppData\Local\Temp\cckjRQWn.debug.temp.o
                0x00022baa                chregistry.c.7d3f856b
 .debug_info    0x000240bf      0xecc C:\Users\omwfo\AppData\Local\Temp\ccQYcL2E.debug.temp.o
                0x000240bf                chsem.c.650d62ad
 .debug_info    0x00024f8b      0xe62 C:\Users\omwfo\AppData\Local\Temp\cccV3jaZ.debug.temp.o
                0x00024f8b                chmtx.c.add820bc
 .debug_info    0x00025ded     0x1078 C:\Users\omwfo\AppData\Local\Temp\ccoTSX2C.debug.temp.o
                0x00025ded                chevents.c.b5c9d54b
 .debug_info    0x00026e65      0xde7 C:\Users\omwfo\AppData\Local\Temp\cc2huXDj.debug.temp.o
                0x00026e65                chdynamic.c.26ec2b57
 .debug_info    0x00027c4c      0xd0e C:\Users\omwfo\AppData\Local\Temp\ccSecpX2.debug.temp.o
                0x00027c4c                chmemcore.c.f15cfe0e
 .debug_info    0x0002895a      0xe04 C:\Users\omwfo\AppData\Local\Temp\ccYQkWfo.debug.temp.o
                0x0002895a                chmemheaps.c.cb5557d8
 .debug_info    0x0002975e      0xeb9 C:\Users\omwfo\AppData\Local\Temp\ccyAfW9J.debug.temp.o
                0x0002975e                chmempools.c.66d58c45
 .debug_info    0x0002a617     0x1dc1 C:\Users\omwfo\AppData\Local\Temp\ccSguk7j.debug.temp.o
                0x0002a617                chfactory.c.7fc5c259
 .debug_info    0x0002c3d8     0x1da4 C:\Users\omwfo\AppData\Local\Temp\cceoRag9.debug.temp.o
                0x0002c3d8                chcore_v7m.c.7e6c6885
 .debug_info    0x0002e17c      0xacd C:\Users\omwfo\AppData\Local\Temp\ccKNP4zs.debug.temp.o
                0x0002e17c                arm_biquad_cascade_df1_f32.c.d5e34267
 .debug_info    0x0002ec49      0xb6c C:\Users\omwfo\AppData\Local\Temp\ccStRzYp.debug.temp.o
                0x0002ec49                arm_conv_partial_f32.c.f2b0cee6
 .debug_info    0x0002f7b5      0xb66 C:\Users\omwfo\AppData\Local\Temp\ccOEQ4bC.debug.temp.o
                0x0002f7b5                arm_fir_decimate_f32.c.96447cf7
 .debug_info    0x0003031b      0xaab C:\Users\omwfo\AppData\Local\Temp\cceHiZZN.debug.temp.o
                0x0003031b                arm_fir_decimate_init_f32.c.efb5e746
 .debug_info    0x00030dc6     0x13d7 C:\Users\omwfo\AppData\Local\Temp\ccQjnXdj.debug.temp.o
                0x00030dc6                debug.c.67e565cb
 .debug_info    0x0003219d      0x985 C:\Users\omwfo\AppData\Local\Temp\ccU8QB6m.debug.temp.o
                0x0003219d                autogen_fir_coeffs.c.1611ed26
 .debug_info    0x00032b22     0x20ba C:\Users\omwfo\AppData\Local\Temp\ccqywYPq.debug.temp.o
                0x00032b22                mp45dt02_pdm.c.cf27530a
 .debug_info    0x00034bdc     0x1ce9 C:\Users\omwfo\AppData\Local\Temp\cceRFAfv.debug.temp.o
                0x00034bdc                main.c.abfa3a68

.debug_abbrev   0x00000000     0x61da
 .debug_abbrev  0x00000000       0x14 ./build/obj/crt0_v7m.o
 .debug_abbrev  0x00000014       0x14 ./build/obj/vectors.o
 .debug_abbrev  0x00000028       0x14 ./build/obj/chcoreasm_v7m.o
 .debug_abbrev  0x0000003c      0x2d2 C:\Users\omwfo\AppData\Local\Temp\disco_mungo.elf.ppwdy1.ltrans0.ltrans.o
 .debug_abbrev  0x0000030e       0xff C:\Users\omwfo\AppData\Local\Temp\ccGylfsV.debug.temp.o
 .debug_abbrev  0x0000040d      0x1bf C:\Users\omwfo\AppData\Local\Temp\ccc4Rn3Y.debug.temp.o
 .debug_abbrev  0x000005cc      0x245 C:\Users\omwfo\AppData\Local\Temp\ccyiyQk3.debug.temp.o
 .debug_abbrev  0x00000811      0x30d C:\Users\omwfo\AppData\Local\Temp\ccc0i4T5.debug.temp.o
 .debug_abbrev  0x00000b1e      0x320 C:\Users\omwfo\AppData\Local\Temp\ccCq4Ge9.debug.temp.o
 .debug_abbrev  0x00000e3e      0x20f C:\Users\omwfo\AppData\Local\Temp\cciZZGyf.debug.temp.o
 .debug_abbrev  0x0000104d      0x21b C:\Users\omwfo\AppData\Local\Temp\cccAtd1r.debug.temp.o
 .debug_abbrev  0x00001268      0x213 C:\Users\omwfo\AppData\Local\Temp\cccfpIUw.debug.temp.o
 .debug_abbrev  0x0000147b      0x290 C:\Users\omwfo\AppData\Local\Temp\cc07MWuC.debug.temp.o
 .debug_abbrev  0x0000170b      0x226 C:\Users\omwfo\AppData\Local\Temp\ccWYx48K.debug.temp.o
 .debug_abbrev  0x00001931      0x1b9 C:\Users\omwfo\AppData\Local\Temp\ccUON0oU.debug.temp.o
 .debug_abbrev  0x00001aea      0x1cc C:\Users\omwfo\AppData\Local\Temp\ccO0nXe3.debug.temp.o
 .debug_abbrev  0x00001cb6      0x280 C:\Users\omwfo\AppData\Local\Temp\ccATwLai.debug.temp.o
 .debug_abbrev  0x00001f36      0x204 C:\Users\omwfo\AppData\Local\Temp\ccekx9lE.debug.temp.o
 .debug_abbrev  0x0000213a      0x228 C:\Users\omwfo\AppData\Local\Temp\ccwSGT7N.debug.temp.o
 .debug_abbrev  0x00002362      0x20e C:\Users\omwfo\AppData\Local\Temp\ccg5d3zY.debug.temp.o
 .debug_abbrev  0x00002570      0x276 C:\Users\omwfo\AppData\Local\Temp\ccMqFz3b.debug.temp.o
 .debug_abbrev  0x000027e6      0x20e C:\Users\omwfo\AppData\Local\Temp\cc46St0o.debug.temp.o
 .debug_abbrev  0x000029f4      0x314 C:\Users\omwfo\AppData\Local\Temp\ccAOtEhx.debug.temp.o
 .debug_abbrev  0x00002d08      0x252 C:\Users\omwfo\AppData\Local\Temp\ccqMgU6f.debug.temp.o
 .debug_abbrev  0x00002f5a      0x2ad C:\Users\omwfo\AppData\Local\Temp\ccMaiF1x.debug.temp.o
 .debug_abbrev  0x00003207      0x29c C:\Users\omwfo\AppData\Local\Temp\cc4sl2CQ.debug.temp.o
 .debug_abbrev  0x000034a3      0x1e0 C:\Users\omwfo\AppData\Local\Temp\ccAKA7w7.debug.temp.o
 .debug_abbrev  0x00003683      0x2ae C:\Users\omwfo\AppData\Local\Temp\cckjRQWn.debug.temp.o
 .debug_abbrev  0x00003931      0x26b C:\Users\omwfo\AppData\Local\Temp\ccQYcL2E.debug.temp.o
 .debug_abbrev  0x00003b9c      0x28f C:\Users\omwfo\AppData\Local\Temp\cccV3jaZ.debug.temp.o
 .debug_abbrev  0x00003e2b      0x284 C:\Users\omwfo\AppData\Local\Temp\ccoTSX2C.debug.temp.o
 .debug_abbrev  0x000040af      0x20b C:\Users\omwfo\AppData\Local\Temp\cc2huXDj.debug.temp.o
 .debug_abbrev  0x000042ba      0x22d C:\Users\omwfo\AppData\Local\Temp\ccSecpX2.debug.temp.o
 .debug_abbrev  0x000044e7      0x270 C:\Users\omwfo\AppData\Local\Temp\ccYQkWfo.debug.temp.o
 .debug_abbrev  0x00004757      0x273 C:\Users\omwfo\AppData\Local\Temp\ccyAfW9J.debug.temp.o
 .debug_abbrev  0x000049ca      0x2f5 C:\Users\omwfo\AppData\Local\Temp\ccSguk7j.debug.temp.o
 .debug_abbrev  0x00004cbf      0x2fc C:\Users\omwfo\AppData\Local\Temp\cceoRag9.debug.temp.o
 .debug_abbrev  0x00004fbb      0x214 C:\Users\omwfo\AppData\Local\Temp\ccKNP4zs.debug.temp.o
 .debug_abbrev  0x000051cf      0x218 C:\Users\omwfo\AppData\Local\Temp\ccStRzYp.debug.temp.o
 .debug_abbrev  0x000053e7      0x225 C:\Users\omwfo\AppData\Local\Temp\ccOEQ4bC.debug.temp.o
 .debug_abbrev  0x0000560c      0x22b C:\Users\omwfo\AppData\Local\Temp\cceHiZZN.debug.temp.o
 .debug_abbrev  0x00005837      0x1f5 C:\Users\omwfo\AppData\Local\Temp\ccQjnXdj.debug.temp.o
 .debug_abbrev  0x00005a2c      0x1e5 C:\Users\omwfo\AppData\Local\Temp\ccU8QB6m.debug.temp.o
 .debug_abbrev  0x00005c11      0x33a C:\Users\omwfo\AppData\Local\Temp\ccqywYPq.debug.temp.o
 .debug_abbrev  0x00005f4b      0x28f C:\Users\omwfo\AppData\Local\Temp\cceRFAfv.debug.temp.o

.debug_aranges  0x00000000      0x288
 .debug_aranges
                0x00000000       0x20 ./build/obj/crt0_v7m.o
 .debug_aranges
                0x00000020       0x20 ./build/obj/vectors.o
 .debug_aranges
                0x00000040       0x20 ./build/obj/chcoreasm_v7m.o
 .debug_aranges
                0x00000060      0x228 C:\Users\omwfo\AppData\Local\Temp\disco_mungo.elf.ppwdy1.ltrans0.ltrans.o

.debug_str      0x00000000     0x4365
 .debug_str     0x00000000       0x7b ./build/obj/crt0_v7m.o
 .debug_str     0x0000007b       0x42 ./build/obj/vectors.o
                                 0x7a (size before relaxing)
 .debug_str     0x000000bd       0x46 ./build/obj/chcoreasm_v7m.o
                                 0x7e (size before relaxing)
 .debug_str     0x00000103      0x187 C:\Users\omwfo\AppData\Local\Temp\disco_mungo.elf.ppwdy1.ltrans0.ltrans.o
                                0x1bf (size before relaxing)
 .debug_str     0x0000028a      0x45f C:\Users\omwfo\AppData\Local\Temp\ccGylfsV.debug.temp.o
                                0x4ea (size before relaxing)
 .debug_str     0x000006e9      0x73a C:\Users\omwfo\AppData\Local\Temp\ccc4Rn3Y.debug.temp.o
                                0xa35 (size before relaxing)
 .debug_str     0x00000e23      0x136 C:\Users\omwfo\AppData\Local\Temp\ccyiyQk3.debug.temp.o
                                0xb38 (size before relaxing)
 .debug_str     0x00000f59      0x6da C:\Users\omwfo\AppData\Local\Temp\ccc0i4T5.debug.temp.o
                               0x1132 (size before relaxing)
 .debug_str     0x00001633       0xcf C:\Users\omwfo\AppData\Local\Temp\ccCq4Ge9.debug.temp.o
                                0xfaa (size before relaxing)
 .debug_str     0x00001702      0x27e C:\Users\omwfo\AppData\Local\Temp\cciZZGyf.debug.temp.o
                                0xc9b (size before relaxing)
 .debug_str     0x00001980       0x73 C:\Users\omwfo\AppData\Local\Temp\cccAtd1r.debug.temp.o
                                0xada (size before relaxing)
 .debug_str     0x000019f3       0xce C:\Users\omwfo\AppData\Local\Temp\cccfpIUw.debug.temp.o
                                0xae3 (size before relaxing)
 .debug_str     0x00001ac1      0x13b C:\Users\omwfo\AppData\Local\Temp\cc07MWuC.debug.temp.o
                                0xbb7 (size before relaxing)
 .debug_str     0x00001bfc      0x143 C:\Users\omwfo\AppData\Local\Temp\ccWYx48K.debug.temp.o
                                0xb4e (size before relaxing)
 .debug_str     0x00001d3f      0x53f C:\Users\omwfo\AppData\Local\Temp\ccUON0oU.debug.temp.o
                                0xf41 (size before relaxing)
 .debug_str     0x0000227e      0x189 C:\Users\omwfo\AppData\Local\Temp\ccO0nXe3.debug.temp.o
                                0xc1b (size before relaxing)
 .debug_str     0x00002407      0x17a C:\Users\omwfo\AppData\Local\Temp\ccATwLai.debug.temp.o
                                0xcea (size before relaxing)
 .debug_str     0x00002581       0x8f C:\Users\omwfo\AppData\Local\Temp\ccekx9lE.debug.temp.o
                                0xaff (size before relaxing)
 .debug_str     0x00002610       0xbf C:\Users\omwfo\AppData\Local\Temp\ccwSGT7N.debug.temp.o
                                0xbda (size before relaxing)
 .debug_str     0x000026cf       0xf4 C:\Users\omwfo\AppData\Local\Temp\ccg5d3zY.debug.temp.o
                                0xc7e (size before relaxing)
 .debug_str     0x000027c3       0xaa C:\Users\omwfo\AppData\Local\Temp\ccMqFz3b.debug.temp.o
                                0xc93 (size before relaxing)
 .debug_str     0x0000286d       0xd4 C:\Users\omwfo\AppData\Local\Temp\cc46St0o.debug.temp.o
                                0xc47 (size before relaxing)
 .debug_str     0x00002941      0x304 C:\Users\omwfo\AppData\Local\Temp\ccAOtEhx.debug.temp.o
                                0xace (size before relaxing)
 .debug_str     0x00002c45       0x70 C:\Users\omwfo\AppData\Local\Temp\ccqMgU6f.debug.temp.o
                                0x801 (size before relaxing)
 .debug_str     0x00002cb5      0x150 C:\Users\omwfo\AppData\Local\Temp\ccMaiF1x.debug.temp.o
                                0x8e4 (size before relaxing)
 .debug_str     0x00002e05      0x275 C:\Users\omwfo\AppData\Local\Temp\cc4sl2CQ.debug.temp.o
                                0xa57 (size before relaxing)
 .debug_str     0x0000307a       0xc1 C:\Users\omwfo\AppData\Local\Temp\ccAKA7w7.debug.temp.o
                                0x88a (size before relaxing)
 .debug_str     0x0000313b       0xa9 C:\Users\omwfo\AppData\Local\Temp\cckjRQWn.debug.temp.o
                                0xbd9 (size before relaxing)
 .debug_str     0x000031e4       0xe4 C:\Users\omwfo\AppData\Local\Temp\ccQYcL2E.debug.temp.o
                                0x861 (size before relaxing)
 .debug_str     0x000032c8       0xc1 C:\Users\omwfo\AppData\Local\Temp\cccV3jaZ.debug.temp.o
                                0x842 (size before relaxing)
 .debug_str     0x00003389      0x1a5 C:\Users\omwfo\AppData\Local\Temp\ccoTSX2C.debug.temp.o
                                0x94c (size before relaxing)
 .debug_str     0x0000352e       0xa2 C:\Users\omwfo\AppData\Local\Temp\cc2huXDj.debug.temp.o
                                0x825 (size before relaxing)
 .debug_str     0x000035d0       0xa6 C:\Users\omwfo\AppData\Local\Temp\ccSecpX2.debug.temp.o
                                0x7f0 (size before relaxing)
 .debug_str     0x00003676       0xa4 C:\Users\omwfo\AppData\Local\Temp\ccYQkWfo.debug.temp.o
                                0x805 (size before relaxing)
 .debug_str     0x0000371a      0x144 C:\Users\omwfo\AppData\Local\Temp\ccyAfW9J.debug.temp.o
                                0x8a1 (size before relaxing)
 .debug_str     0x0000385e      0x3ea C:\Users\omwfo\AppData\Local\Temp\ccSguk7j.debug.temp.o
                                0xf98 (size before relaxing)
 .debug_str     0x00003c48      0x17d C:\Users\omwfo\AppData\Local\Temp\cceoRag9.debug.temp.o
                               0x130f (size before relaxing)
 .debug_str     0x00003dc5      0x116 C:\Users\omwfo\AppData\Local\Temp\ccKNP4zs.debug.temp.o
                                0x6c8 (size before relaxing)
 .debug_str     0x00003edb      0x165 C:\Users\omwfo\AppData\Local\Temp\ccStRzYp.debug.temp.o
                                0x7ab (size before relaxing)
 .debug_str     0x00004040       0x97 C:\Users\omwfo\AppData\Local\Temp\ccOEQ4bC.debug.temp.o
                                0x718 (size before relaxing)
 .debug_str     0x000040d7       0x4d C:\Users\omwfo\AppData\Local\Temp\cceHiZZN.debug.temp.o
                                0x76f (size before relaxing)
 .debug_str     0x00004124       0x52 C:\Users\omwfo\AppData\Local\Temp\ccQjnXdj.debug.temp.o
                                0xaa4 (size before relaxing)
 .debug_str     0x00004176       0x1f C:\Users\omwfo\AppData\Local\Temp\ccU8QB6m.debug.temp.o
                                0x628 (size before relaxing)
 .debug_str     0x00004195      0x1ba C:\Users\omwfo\AppData\Local\Temp\ccqywYPq.debug.temp.o
                               0x1219 (size before relaxing)
 .debug_str     0x0000434f       0x16 C:\Users\omwfo\AppData\Local\Temp\cceRFAfv.debug.temp.o
                                0xee7 (size before relaxing)

.debug_loc      0x00000000     0x3e5a
 .debug_loc     0x00000000     0x3e5a C:\Users\omwfo\AppData\Local\Temp\disco_mungo.elf.ppwdy1.ltrans0.ltrans.o

.debug_ranges   0x00000000     0x2b38
 .debug_ranges  0x00000000     0x2b38 C:\Users\omwfo\AppData\Local\Temp\disco_mungo.elf.ppwdy1.ltrans0.ltrans.o

.debug_frame    0x00000000      0x7d4
 .debug_frame   0x00000000      0x79c C:\Users\omwfo\AppData\Local\Temp\disco_mungo.elf.ppwdy1.ltrans0.ltrans.o
 .debug_frame   0x0000079c       0x38 c:/chibistudio/tools/gnu tools arm embedded/9.0 2019q4/bin/../lib/gcc/arm-none-eabi/9.2.1/../../../../arm-none-eabi/lib/thumb/v7e-m+fp/hard\libg.a(lib_a-memset.o)

Cross Reference Table

Symbol                                            File
BusFault_Handler                                  ./build/obj/vectors.o
DebugMon_Handler                                  ./build/obj/vectors.o
HardFault_Handler                                 C:\Users\omwfo\AppData\Local\Temp\disco_mungo.elf.ppwdy1.ltrans0.ltrans.o
                                                  ./build/obj/debug.o (symbol from plugin)
                                                  ./build/obj/vectors.o
I2SD2                                             ./build/obj/hal_i2s_lld.o (symbol from plugin)
                                                  ./build/obj/mp45dt02_pdm.o (symbol from plugin)
MemManage_Handler                                 ./build/obj/vectors.o
NMI_Handler                                       ./build/obj/vectors.o
PendSV_Handler                                    ./build/obj/vectors.o
Reset_Handler                                     ./build/obj/vectors.o
SD1                                               ./build/obj/hal_serial_lld.o (symbol from plugin)
                                                  ./build/obj/debug.o (symbol from plugin)
SD2                                               ./build/obj/hal_serial_lld.o (symbol from plugin)
SVC_Handler                                       C:\Users\omwfo\AppData\Local\Temp\disco_mungo.elf.ppwdy1.ltrans0.ltrans.o
                                                  ./build/obj/chcore_v7m.o (symbol from plugin)
                                                  ./build/obj/vectors.o
SysTick_Handler                                   ./build/obj/vectors.o
SystemCoreClock                                   ./build/obj/hal_lld.o (symbol from plugin)
UsageFault_Handler                                ./build/obj/vectors.o
Vector100                                         ./build/obj/vectors.o
Vector104                                         ./build/obj/vectors.o
Vector108                                         ./build/obj/vectors.o
Vector10C                                         ./build/obj/vectors.o
Vector110                                         ./build/obj/vectors.o
Vector114                                         ./build/obj/vectors.o
Vector118                                         ./build/obj/vectors.o
Vector11C                                         ./build/obj/vectors.o
Vector120                                         C:\Users\omwfo\AppData\Local\Temp\disco_mungo.elf.ppwdy1.ltrans0.ltrans.o
                                                  ./build/obj/stm32_dma.o (symbol from plugin)
                                                  ./build/obj/vectors.o
Vector124                                         C:\Users\omwfo\AppData\Local\Temp\disco_mungo.elf.ppwdy1.ltrans0.ltrans.o
                                                  ./build/obj/stm32_dma.o (symbol from plugin)
                                                  ./build/obj/vectors.o
Vector128                                         C:\Users\omwfo\AppData\Local\Temp\disco_mungo.elf.ppwdy1.ltrans0.ltrans.o
                                                  ./build/obj/stm32_dma.o (symbol from plugin)
                                                  ./build/obj/vectors.o
Vector12C                                         C:\Users\omwfo\AppData\Local\Temp\disco_mungo.elf.ppwdy1.ltrans0.ltrans.o
                                                  ./build/obj/stm32_dma.o (symbol from plugin)
                                                  ./build/obj/vectors.o
Vector130                                         C:\Users\omwfo\AppData\Local\Temp\disco_mungo.elf.ppwdy1.ltrans0.ltrans.o
                                                  ./build/obj/stm32_dma.o (symbol from plugin)
                                                  ./build/obj/vectors.o
Vector134                                         ./build/obj/vectors.o
Vector138                                         ./build/obj/vectors.o
Vector13C                                         ./build/obj/vectors.o
Vector140                                         ./build/obj/vectors.o
Vector144                                         ./build/obj/vectors.o
Vector148                                         ./build/obj/vectors.o
Vector14C                                         ./build/obj/vectors.o
Vector150                                         C:\Users\omwfo\AppData\Local\Temp\disco_mungo.elf.ppwdy1.ltrans0.ltrans.o
                                                  ./build/obj/stm32_dma.o (symbol from plugin)
                                                  ./build/obj/vectors.o
Vector154                                         C:\Users\omwfo\AppData\Local\Temp\disco_mungo.elf.ppwdy1.ltrans0.ltrans.o
                                                  ./build/obj/stm32_dma.o (symbol from plugin)
                                                  ./build/obj/vectors.o
Vector158                                         C:\Users\omwfo\AppData\Local\Temp\disco_mungo.elf.ppwdy1.ltrans0.ltrans.o
                                                  ./build/obj/stm32_dma.o (symbol from plugin)
                                                  ./build/obj/vectors.o
Vector15C                                         ./build/obj/vectors.o
Vector160                                         ./build/obj/vectors.o
Vector164                                         ./build/obj/vectors.o
Vector168                                         ./build/obj/vectors.o
Vector16C                                         ./build/obj/vectors.o
Vector170                                         ./build/obj/vectors.o
Vector174                                         ./build/obj/vectors.o
Vector178                                         ./build/obj/vectors.o
Vector17C                                         ./build/obj/vectors.o
Vector180                                         ./build/obj/vectors.o
Vector184                                         ./build/obj/vectors.o
Vector188                                         ./build/obj/vectors.o
Vector18C                                         ./build/obj/vectors.o
Vector190                                         ./build/obj/vectors.o
Vector194                                         ./build/obj/vectors.o
Vector198                                         ./build/obj/vectors.o
Vector19C                                         ./build/obj/vectors.o
Vector1A0                                         ./build/obj/vectors.o
Vector1A4                                         ./build/obj/vectors.o
Vector1A8                                         ./build/obj/vectors.o
Vector1AC                                         ./build/obj/vectors.o
Vector1B0                                         ./build/obj/vectors.o
Vector1B4                                         ./build/obj/vectors.o
Vector1B8                                         ./build/obj/vectors.o
Vector1BC                                         ./build/obj/vectors.o
Vector1C                                          ./build/obj/vectors.o
Vector1C0                                         ./build/obj/vectors.o
Vector1C4                                         ./build/obj/vectors.o
Vector1C8                                         ./build/obj/vectors.o
Vector1CC                                         ./build/obj/vectors.o
Vector1D0                                         ./build/obj/vectors.o
Vector1D4                                         ./build/obj/vectors.o
Vector1D8                                         ./build/obj/vectors.o
Vector1DC                                         ./build/obj/vectors.o
Vector20                                          ./build/obj/vectors.o
Vector24                                          ./build/obj/vectors.o
Vector28                                          ./build/obj/vectors.o
Vector34                                          ./build/obj/vectors.o
Vector40                                          ./build/obj/vectors.o
Vector44                                          ./build/obj/vectors.o
Vector48                                          ./build/obj/vectors.o
Vector4C                                          ./build/obj/vectors.o
Vector50                                          ./build/obj/vectors.o
Vector54                                          ./build/obj/vectors.o
Vector58                                          ./build/obj/vectors.o
Vector5C                                          ./build/obj/vectors.o
Vector60                                          ./build/obj/vectors.o
Vector64                                          ./build/obj/vectors.o
Vector68                                          ./build/obj/vectors.o
Vector6C                                          C:\Users\omwfo\AppData\Local\Temp\disco_mungo.elf.ppwdy1.ltrans0.ltrans.o
                                                  ./build/obj/stm32_dma.o (symbol from plugin)
                                                  ./build/obj/vectors.o
Vector70                                          C:\Users\omwfo\AppData\Local\Temp\disco_mungo.elf.ppwdy1.ltrans0.ltrans.o
                                                  ./build/obj/stm32_dma.o (symbol from plugin)
                                                  ./build/obj/vectors.o
Vector74                                          C:\Users\omwfo\AppData\Local\Temp\disco_mungo.elf.ppwdy1.ltrans0.ltrans.o
                                                  ./build/obj/stm32_dma.o (symbol from plugin)
                                                  ./build/obj/vectors.o
Vector78                                          C:\Users\omwfo\AppData\Local\Temp\disco_mungo.elf.ppwdy1.ltrans0.ltrans.o
                                                  ./build/obj/stm32_dma.o (symbol from plugin)
                                                  ./build/obj/vectors.o
Vector7C                                          C:\Users\omwfo\AppData\Local\Temp\disco_mungo.elf.ppwdy1.ltrans0.ltrans.o
                                                  ./build/obj/stm32_dma.o (symbol from plugin)
                                                  ./build/obj/vectors.o
Vector80                                          C:\Users\omwfo\AppData\Local\Temp\disco_mungo.elf.ppwdy1.ltrans0.ltrans.o
                                                  ./build/obj/stm32_dma.o (symbol from plugin)
                                                  ./build/obj/vectors.o
Vector84                                          C:\Users\omwfo\AppData\Local\Temp\disco_mungo.elf.ppwdy1.ltrans0.ltrans.o
                                                  ./build/obj/stm32_dma.o (symbol from plugin)
                                                  ./build/obj/vectors.o
Vector88                                          ./build/obj/vectors.o
Vector8C                                          ./build/obj/vectors.o
Vector90                                          ./build/obj/vectors.o
Vector94                                          ./build/obj/vectors.o
Vector98                                          ./build/obj/vectors.o
Vector9C                                          ./build/obj/vectors.o
VectorA0                                          ./build/obj/vectors.o
VectorA4                                          ./build/obj/vectors.o
VectorA8                                          ./build/obj/vectors.o
VectorAC                                          ./build/obj/vectors.o
VectorB0                                          C:\Users\omwfo\AppData\Local\Temp\disco_mungo.elf.ppwdy1.ltrans0.ltrans.o
                                                  ./build/obj/hal_st_lld.o (symbol from plugin)
                                                  ./build/obj/vectors.o
VectorB4                                          ./build/obj/vectors.o
VectorB8                                          ./build/obj/vectors.o
VectorBC                                          ./build/obj/vectors.o
VectorC0                                          ./build/obj/vectors.o
VectorC4                                          ./build/obj/vectors.o
VectorC8                                          ./build/obj/vectors.o
VectorCC                                          ./build/obj/vectors.o
VectorD0                                          ./build/obj/vectors.o
VectorD4                                          C:\Users\omwfo\AppData\Local\Temp\disco_mungo.elf.ppwdy1.ltrans0.ltrans.o
                                                  ./build/obj/hal_serial_lld.o (symbol from plugin)
                                                  ./build/obj/vectors.o
VectorD8                                          C:\Users\omwfo\AppData\Local\Temp\disco_mungo.elf.ppwdy1.ltrans0.ltrans.o
                                                  ./build/obj/hal_serial_lld.o (symbol from plugin)
                                                  ./build/obj/vectors.o
VectorDC                                          ./build/obj/vectors.o
VectorE0                                          ./build/obj/vectors.o
VectorE4                                          ./build/obj/vectors.o
VectorE8                                          ./build/obj/vectors.o
VectorEC                                          ./build/obj/vectors.o
VectorF0                                          ./build/obj/vectors.o
VectorF4                                          ./build/obj/vectors.o
VectorF8                                          ./build/obj/vectors.o
VectorFC                                          C:\Users\omwfo\AppData\Local\Temp\disco_mungo.elf.ppwdy1.ltrans0.ltrans.o
                                                  ./build/obj/stm32_dma.o (symbol from plugin)
                                                  ./build/obj/vectors.o
__bss_base__                                      ./build/obj/crt0_v7m.o
__bss_end__                                       ./build/obj/crt0_v7m.o
__ch_delegate_fn0                                 ./build/obj/chdelegates.o (symbol from plugin)
__ch_delegate_fn1                                 ./build/obj/chdelegates.o (symbol from plugin)
__ch_delegate_fn2                                 ./build/obj/chdelegates.o (symbol from plugin)
__ch_delegate_fn3                                 ./build/obj/chdelegates.o (symbol from plugin)
__ch_delegate_fn4                                 ./build/obj/chdelegates.o (symbol from plugin)
__core_init                                       C:\Users\omwfo\AppData\Local\Temp\disco_mungo.elf.ppwdy1.ltrans0.ltrans.o
                                                  ./build/obj/crt1.o (symbol from plugin)
                                                  ./build/obj/crt0_v7m.o
__data_base__                                     ./build/obj/crt0_v7m.o
__data_end__                                      ./build/obj/crt0_v7m.o
__default_exit                                    C:\Users\omwfo\AppData\Local\Temp\disco_mungo.elf.ppwdy1.ltrans0.ltrans.o
                                                  ./build/obj/crt1.o (symbol from plugin)
                                                  ./build/obj/crt0_v7m.o
__early_init                                      C:\Users\omwfo\AppData\Local\Temp\disco_mungo.elf.ppwdy1.ltrans0.ltrans.o
                                                  ./build/obj/board.o (symbol from plugin)
                                                  ./build/obj/crt1.o (symbol from plugin)
                                                  ./build/obj/crt0_v7m.o
__fini_array_base__                               ./build/obj/crt0_v7m.o
__fini_array_end__                                ./build/obj/crt0_v7m.o
__heap_base__                                     C:\Users\omwfo\AppData\Local\Temp\disco_mungo.elf.ppwdy1.ltrans0.ltrans.o
                                                  ./build/obj/chmemcore.o (symbol from plugin)
__heap_end__                                      C:\Users\omwfo\AppData\Local\Temp\disco_mungo.elf.ppwdy1.ltrans0.ltrans.o
                                                  ./build/obj/chmemcore.o (symbol from plugin)
__init_array_base__                               ./build/obj/crt0_v7m.o
__init_array_end__                                ./build/obj/crt0_v7m.o
__init_ram_areas                                  C:\Users\omwfo\AppData\Local\Temp\disco_mungo.elf.ppwdy1.ltrans0.ltrans.o
                                                  ./build/obj/crt1.o (symbol from plugin)
                                                  ./build/obj/crt0_v7m.o
__late_init                                       C:\Users\omwfo\AppData\Local\Temp\disco_mungo.elf.ppwdy1.ltrans0.ltrans.o
                                                  ./build/obj/crt1.o (symbol from plugin)
                                                  ./build/obj/crt0_v7m.o
__main_stack_base__                               ./build/obj/crt0_v7m.o
__main_stack_end__                                ./build/obj/vectors.o
                                                  ./build/obj/crt0_v7m.o
__process_stack_base__                            ./build/obj/crt0_v7m.o
__process_stack_end__                             ./build/obj/crt0_v7m.o
__ram0_clear__                                    C:\Users\omwfo\AppData\Local\Temp\disco_mungo.elf.ppwdy1.ltrans0.ltrans.o
                                                  ./build/obj/crt1.o (symbol from plugin)
__ram0_init__                                     C:\Users\omwfo\AppData\Local\Temp\disco_mungo.elf.ppwdy1.ltrans0.ltrans.o
                                                  ./build/obj/crt1.o (symbol from plugin)
__ram0_init_text__                                C:\Users\omwfo\AppData\Local\Temp\disco_mungo.elf.ppwdy1.ltrans0.ltrans.o
                                                  ./build/obj/crt1.o (symbol from plugin)
__ram0_noinit__                                   C:\Users\omwfo\AppData\Local\Temp\disco_mungo.elf.ppwdy1.ltrans0.ltrans.o
                                                  ./build/obj/crt1.o (symbol from plugin)
__ram1_clear__                                    C:\Users\omwfo\AppData\Local\Temp\disco_mungo.elf.ppwdy1.ltrans0.ltrans.o
                                                  ./build/obj/crt1.o (symbol from plugin)
__ram1_init__                                     C:\Users\omwfo\AppData\Local\Temp\disco_mungo.elf.ppwdy1.ltrans0.ltrans.o
                                                  ./build/obj/crt1.o (symbol from plugin)
__ram1_init_text__                                C:\Users\omwfo\AppData\Local\Temp\disco_mungo.elf.ppwdy1.ltrans0.ltrans.o
                                                  ./build/obj/crt1.o (symbol from plugin)
__ram1_noinit__                                   C:\Users\omwfo\AppData\Local\Temp\disco_mungo.elf.ppwdy1.ltrans0.ltrans.o
                                                  ./build/obj/crt1.o (symbol from plugin)
__ram2_clear__                                    C:\Users\omwfo\AppData\Local\Temp\disco_mungo.elf.ppwdy1.ltrans0.ltrans.o
                                                  ./build/obj/crt1.o (symbol from plugin)
__ram2_init__                                     C:\Users\omwfo\AppData\Local\Temp\disco_mungo.elf.ppwdy1.ltrans0.ltrans.o
                                                  ./build/obj/crt1.o (symbol from plugin)
__ram2_init_text__                                C:\Users\omwfo\AppData\Local\Temp\disco_mungo.elf.ppwdy1.ltrans0.ltrans.o
                                                  ./build/obj/crt1.o (symbol from plugin)
__ram2_noinit__                                   C:\Users\omwfo\AppData\Local\Temp\disco_mungo.elf.ppwdy1.ltrans0.ltrans.o
                                                  ./build/obj/crt1.o (symbol from plugin)
__ram3_clear__                                    C:\Users\omwfo\AppData\Local\Temp\disco_mungo.elf.ppwdy1.ltrans0.ltrans.o
                                                  ./build/obj/crt1.o (symbol from plugin)
__ram3_init__                                     C:\Users\omwfo\AppData\Local\Temp\disco_mungo.elf.ppwdy1.ltrans0.ltrans.o
                                                  ./build/obj/crt1.o (symbol from plugin)
__ram3_init_text__                                C:\Users\omwfo\AppData\Local\Temp\disco_mungo.elf.ppwdy1.ltrans0.ltrans.o
                                                  ./build/obj/crt1.o (symbol from plugin)
__ram3_noinit__                                   C:\Users\omwfo\AppData\Local\Temp\disco_mungo.elf.ppwdy1.ltrans0.ltrans.o