Archive member included to satisfy reference by file (symbol)

c:/chibistudio/tools/gnu tools arm embedded/9.0 2019q4/bin/../lib/gcc/arm-none-eabi/9.2.1/../../../../arm-none-eabi/lib/thumb/v7e-m+fp/hard\libg.a(lib_a-memcpy.o)
                              C:\Users\omwfo\AppData\Local\Temp\disco_mungo.elf.rgyCVe.ltrans0.ltrans.o (memcpy)
c:/chibistudio/tools/gnu tools arm embedded/9.0 2019q4/bin/../lib/gcc/arm-none-eabi/9.2.1/../../../../arm-none-eabi/lib/thumb/v7e-m+fp/hard\libg.a(lib_a-memset.o)
                              C:\Users\omwfo\AppData\Local\Temp\disco_mungo.elf.rgyCVe.ltrans0.ltrans.o (memset)

Discarded input sections

 .data          0x00000000        0x0 ./build/obj/crt0_v7m.o
 .bss           0x00000000        0x0 ./build/obj/crt0_v7m.o
 .data          0x00000000        0x0 ./build/obj/vectors.o
 .bss           0x00000000        0x0 ./build/obj/vectors.o
 .data          0x00000000        0x0 ./build/obj/chcoreasm_v7m.o
 .bss           0x00000000        0x0 ./build/obj/chcoreasm_v7m.o
 .text          0x00000000        0x0 C:\Users\omwfo\AppData\Local\Temp\disco_mungo.elf.rgyCVe.ltrans0.ltrans.o
 .data          0x00000000        0x0 C:\Users\omwfo\AppData\Local\Temp\disco_mungo.elf.rgyCVe.ltrans0.ltrans.o
 .bss           0x00000000        0x0 C:\Users\omwfo\AppData\Local\Temp\disco_mungo.elf.rgyCVe.ltrans0.ltrans.o
 .comment       0x00000000       0x7a C:\Users\omwfo\AppData\Local\Temp\cc8Shw5s.debug.temp.o
 .comment       0x00000000       0x7a C:\Users\omwfo\AppData\Local\Temp\ccq3TeqD.debug.temp.o
 .comment       0x00000000       0x7a C:\Users\omwfo\AppData\Local\Temp\ccwZj1MQ.debug.temp.o
 .comment       0x00000000       0x7a C:\Users\omwfo\AppData\Local\Temp\ccStfjJ4.debug.temp.o
 .comment       0x00000000       0x7a C:\Users\omwfo\AppData\Local\Temp\cc0Yk2Zg.debug.temp.o
 .comment       0x00000000       0x7a C:\Users\omwfo\AppData\Local\Temp\ccooBmRs.debug.temp.o
 .debug_info    0x00000000     0x12a1 C:\Users\omwfo\AppData\Local\Temp\ccSmonkF.debug.temp.o
 .debug_abbrev  0x00000000      0x19f C:\Users\omwfo\AppData\Local\Temp\ccSmonkF.debug.temp.o
 .debug_line    0x00000000      0x457 C:\Users\omwfo\AppData\Local\Temp\ccSmonkF.debug.temp.o
 .debug_str     0x00000000      0xa2a C:\Users\omwfo\AppData\Local\Temp\ccSmonkF.debug.temp.o
 .comment       0x00000000       0x7a C:\Users\omwfo\AppData\Local\Temp\ccSmonkF.debug.temp.o
 .comment       0x00000000       0x7a C:\Users\omwfo\AppData\Local\Temp\ccqTfgKU.debug.temp.o
 .comment       0x00000000       0x7a C:\Users\omwfo\AppData\Local\Temp\cc2R00Ga.debug.temp.o
 .comment       0x00000000       0x7a C:\Users\omwfo\AppData\Local\Temp\ccSVIYUp.debug.temp.o
 .comment       0x00000000       0x7a C:\Users\omwfo\AppData\Local\Temp\ccUJlz1H.debug.temp.o
 .comment       0x00000000       0x7a C:\Users\omwfo\AppData\Local\Temp\ccK7roJ0.debug.temp.o
 .comment       0x00000000       0x7a C:\Users\omwfo\AppData\Local\Temp\ccyik1Ch.debug.temp.o
 .debug_info    0x00000000     0x1b1f C:\Users\omwfo\AppData\Local\Temp\ccQUWk2y.debug.temp.o
 .debug_abbrev  0x00000000      0x202 C:\Users\omwfo\AppData\Local\Temp\ccQUWk2y.debug.temp.o
 .debug_line    0x00000000      0x478 C:\Users\omwfo\AppData\Local\Temp\ccQUWk2y.debug.temp.o
 .debug_str     0x00000000      0xe1a C:\Users\omwfo\AppData\Local\Temp\ccQUWk2y.debug.temp.o
 .comment       0x00000000       0x7a C:\Users\omwfo\AppData\Local\Temp\ccQUWk2y.debug.temp.o
 .comment       0x00000000       0x7a C:\Users\omwfo\AppData\Local\Temp\ccKKOXiT.debug.temp.o
 .debug_info    0x00000000     0x12a1 C:\Users\omwfo\AppData\Local\Temp\ccgarK4d.debug.temp.o
 .debug_abbrev  0x00000000      0x19f C:\Users\omwfo\AppData\Local\Temp\ccgarK4d.debug.temp.o
 .debug_line    0x00000000      0x457 C:\Users\omwfo\AppData\Local\Temp\ccgarK4d.debug.temp.o
 .debug_str     0x00000000      0xa3e C:\Users\omwfo\AppData\Local\Temp\ccgarK4d.debug.temp.o
 .comment       0x00000000       0x7a C:\Users\omwfo\AppData\Local\Temp\ccgarK4d.debug.temp.o
 .comment       0x00000000       0x7a C:\Users\omwfo\AppData\Local\Temp\cc2fJX1w.debug.temp.o
 .comment       0x00000000       0x7a C:\Users\omwfo\AppData\Local\Temp\ccOF3urQ.debug.temp.o
 .comment       0x00000000       0x7a C:\Users\omwfo\AppData\Local\Temp\cc8oDfOc.debug.temp.o
 .comment       0x00000000       0x7a C:\Users\omwfo\AppData\Local\Temp\ccqrhRHz.debug.temp.o
 .comment       0x00000000       0x7a C:\Users\omwfo\AppData\Local\Temp\cciKSdYV.debug.temp.o
 .debug_info    0x00000000      0xb1c C:\Users\omwfo\AppData\Local\Temp\ccwsTh2k.debug.temp.o
 .debug_abbrev  0x00000000      0x16f C:\Users\omwfo\AppData\Local\Temp\ccwsTh2k.debug.temp.o
 .debug_line    0x00000000      0x32b C:\Users\omwfo\AppData\Local\Temp\ccwsTh2k.debug.temp.o
 .debug_str     0x00000000      0x71f C:\Users\omwfo\AppData\Local\Temp\ccwsTh2k.debug.temp.o
 .comment       0x00000000       0x7a C:\Users\omwfo\AppData\Local\Temp\ccwsTh2k.debug.temp.o
[...]
Memory Configuration

Name             Origin             Length             Attributes
flash0           0x08000000         0x00100000         xr
flash1           0x00000000         0x00000000         xr
flash2           0x00000000         0x00000000         xr
flash3           0x00000000         0x00000000         xr
flash4           0x00000000         0x00000000         xr
flash5           0x00000000         0x00000000         xr
flash6           0x00000000         0x00000000         xr
flash7           0x00000000         0x00000000         xr
ram0             0x20000000         0x00020000         xw
ram1             0x20000000         0x0001c000         xw
ram2             0x2001c000         0x00004000         xw
ram3             0x00000000         0x00000000         xw
ram4             0x10000000         0x00010000         xw
ram5             0x40024000         0x00001000         xw
ram6             0x00000000         0x00000000         xw
ram7             0x00000000         0x00000000         xw
*default*        0x00000000         0xffffffff

Linker script and memory map

LOAD ./build/obj/crt0_v7m.o
LOAD ./build/obj/vectors.o
LOAD ./build/obj/chcoreasm_v7m.o
LOAD C:\Users\omwfo\AppData\Local\Temp\disco_mungo.elf.rgyCVe.ltrans0.ltrans.o
LOAD C:\Users\omwfo\AppData\Local\Temp\cc8Shw5s.debug.temp.o
LOAD C:\Users\omwfo\AppData\Local\Temp\ccq3TeqD.debug.temp.o
LOAD C:\Users\omwfo\AppData\Local\Temp\ccwZj1MQ.debug.temp.o
LOAD C:\Users\omwfo\AppData\Local\Temp\ccStfjJ4.debug.temp.o
LOAD C:\Users\omwfo\AppData\Local\Temp\cc0Yk2Zg.debug.temp.o
LOAD C:\Users\omwfo\AppData\Local\Temp\ccooBmRs.debug.temp.o
LOAD C:\Users\omwfo\AppData\Local\Temp\ccSmonkF.debug.temp.o
LOAD C:\Users\omwfo\AppData\Local\Temp\ccqTfgKU.debug.temp.o
LOAD C:\Users\omwfo\AppData\Local\Temp\cc2R00Ga.debug.temp.o
LOAD C:\Users\omwfo\AppData\Local\Temp\ccSVIYUp.debug.temp.o
LOAD C:\Users\omwfo\AppData\Local\Temp\ccUJlz1H.debug.temp.o
LOAD C:\Users\omwfo\AppData\Local\Temp\ccK7roJ0.debug.temp.o
LOAD C:\Users\omwfo\AppData\Local\Temp\ccyik1Ch.debug.temp.o
LOAD C:\Users\omwfo\AppData\Local\Temp\ccQUWk2y.debug.temp.o
LOAD C:\Users\omwfo\AppData\Local\Temp\ccKKOXiT.debug.temp.o
LOAD C:\Users\omwfo\AppData\Local\Temp\ccgarK4d.debug.temp.o
LOAD C:\Users\omwfo\AppData\Local\Temp\cc2fJX1w.debug.temp.o
LOAD C:\Users\omwfo\AppData\Local\Temp\ccOF3urQ.debug.temp.o
LOAD C:\Users\omwfo\AppData\Local\Temp\cc8oDfOc.debug.temp.o
LOAD C:\Users\omwfo\AppData\Local\Temp\ccqrhRHz.debug.temp.o
LOAD C:\Users\omwfo\AppData\Local\Temp\cciKSdYV.debug.temp.o
LOAD C:\Users\omwfo\AppData\Local\Temp\ccwsTh2k.debug.temp.o
LOAD C:\Users\omwfo\AppData\Local\Temp\ccQ9x5CK.debug.temp.o
LOAD C:\Users\omwfo\AppData\Local\Temp\ccShPVp8.debug.temp.o
LOAD C:\Users\omwfo\AppData\Local\Temp\cccdVFJw.debug.temp.o
LOAD C:\Users\omwfo\AppData\Local\Temp\ccsW9AVX.debug.temp.o
LOAD C:\Users\omwfo\AppData\Local\Temp\cciWZZIp.debug.temp.o
LOAD C:\Users\omwfo\AppData\Local\Temp\ccUazYFP.debug.temp.o
LOAD C:\Users\omwfo\AppData\Local\Temp\ccsFVN9f.debug.temp.o
LOAD C:\Users\omwfo\AppData\Local\Temp\ccC1vrAJ.debug.temp.o
LOAD C:\Users\omwfo\AppData\Local\Temp\ccclIstd.debug.temp.o
LOAD C:\Users\omwfo\AppData\Local\Temp\ccoY02CF.debug.temp.o
LOAD C:\Users\omwfo\AppData\Local\Temp\ccoduZKb.debug.temp.o
LOAD C:\Users\omwfo\AppData\Local\Temp\ccMWagqI.debug.temp.o
LOAD C:\Users\omwfo\AppData\Local\Temp\cciarWgd.debug.temp.o
LOAD C:\Users\omwfo\AppData\Local\Temp\ccWzRJFI.debug.temp.o
LOAD C:\Users\omwfo\AppData\Local\Temp\ccmUAIZg.debug.temp.o
LOAD C:\Users\omwfo\AppData\Local\Temp\ccKxoyQP.debug.temp.o
LOAD C:\Users\omwfo\AppData\Local\Temp\ccemmRUm.debug.temp.o
LOAD C:\Users\omwfo\AppData\Local\Temp\ccIuCKvU.debug.temp.o
LOAD C:\Users\omwfo\AppData\Local\Temp\ccuWJkUu.debug.temp.o
LOAD C:\Users\omwfo\AppData\Local\Temp\ccEIb9z4.debug.temp.o
LOAD C:\Users\omwfo\AppData\Local\Temp\ccIh2KRE.debug.temp.o
LOAD C:\Users\omwfo\AppData\Local\Temp\ccONQy1h.debug.temp.o
LOAD C:\Users\omwfo\AppData\Local\Temp\cc4sXEIV.debug.temp.o
LOAD C:\Users\omwfo\AppData\Local\Temp\cc89VoBx.debug.temp.o
LOAD C:\Users\omwfo\AppData\Local\Temp\cccdg009.debug.temp.o
LOAD C:\Users\omwfo\AppData\Local\Temp\ccQyuKeP.debug.temp.o
LOAD C:\Users\omwfo\AppData\Local\Temp\cc04LX3u.debug.temp.o
LOAD C:\Users\omwfo\AppData\Local\Temp\cccSrLZ8.debug.temp.o
LOAD C:\Users\omwfo\AppData\Local\Temp\ccq4JqsN.debug.temp.o
LOAD C:\Users\omwfo\AppData\Local\Temp\ccYoTXev.debug.temp.o
LOAD C:\Users\omwfo\AppData\Local\Temp\cc4cfEwd.debug.temp.o

.mstack         0x20000000      0x400
                0x20000000                . = ALIGN (0x8)
                0x20000000                __main_stack_base__ = .
                0x20000400                . = (. + __main_stack_size__)
 *fill*         0x20000000      0x400 
                0x20000400                . = ALIGN (0x8)
                0x20000400                __main_stack_end__ = .

.pstack         0x20000400      0x400
                0x20000400                . = ALIGN (0x8)
                0x20000400                __process_stack_base__ = .
                0x20000400                __main_thread_stack_base__ = .
                0x20000800                . = (. + __process_stack_size__)
 *fill*         0x20000400      0x400 
                0x20000800                . = ALIGN (0x8)
                0x20000800                __process_stack_end__ = .
                0x20000800                __main_thread_stack_end__ = .

.vectors        0x08000000      0x1e0
 *(.vectors)
 .vectors       0x08000000      0x1e0 ./build/obj/vectors.o
                0x08000000                _vectors

.xtors          0x080001e0        0x0
                0x080001e0                __init_array_base__ = .
 *(SORT_BY_NAME(.init_array.*))
 *(.init_array)
                0x080001e0                __init_array_end__ = .
                0x080001e0                __fini_array_base__ = .
 *(.fini_array)
 *(SORT_BY_NAME(.fini_array.*))
                0x080001e0                __fini_array_end__ = .

.text           0x080001e0     0x2514
                0x080001e0                __text_base__ = .
 *(.text)
 .text          0x080001e0      0x120 ./build/obj/crt0_v7m.o
                0x080001e0                _crt0_entry
 .text          0x08000300        0x8 ./build/obj/vectors.o
                0x08000300                Reset_Handler
                0x08000302                VectorE8
                0x08000302                Vector9C
                0x08000302                VectorAC
                0x08000302                Vector1A0
                0x08000302                Vector5C
                0x08000302                Vector11C
                0x08000302                Vector1B8
                0x08000302                Vector19C
                0x08000302                Vector8C
                0x08000302                SysTick_Handler
                0x08000302                VectorDC
                0x08000302                PendSV_Handler
                0x08000302                Vector168
                0x08000302                NMI_Handler
                0x08000302                Vector110
                0x08000302                Vector1D8
                0x08000302                VectorC8
                0x08000302                Vector94
                0x08000302                VectorA8
                0x08000302                VectorB4
                0x08000302                Vector160
                0x08000302                Vector1B0
                0x08000302                VectorEC
                0x08000302                Vector40
                0x08000302                VectorF8
                0x08000302                Vector108
                0x08000302                VectorBC
                0x08000302                Vector190
                0x08000302                Vector1C4
                0x08000302                Vector1CC
                0x08000302                Vector148
                0x08000302                Vector188
                0x08000302                Vector198
                0x08000302                Vector118
                0x08000302                Vector64
                0x08000302                Vector58
                0x08000302                VectorCC
                0x08000302                Vector54
                0x08000302                Vector98
                0x08000302                VectorD8
                0x08000302                Vector138
                0x08000302                Vector24
                0x08000302                Vector1AC
                0x08000302                Vector178
                0x08000302                Vector1A4
                0x08000302                VectorD0
                0x08000302                Vector1B4
                0x08000302                Vector140
                0x08000302                VectorE4
                0x08000302                VectorC0
                0x08000302                Vector1C0
                0x08000302                Vector134
                0x08000302                Vector1D0
                0x08000302                VectorF0
                0x08000302                Vector13C
                0x08000302                Vector100
                0x08000302                VectorE0
                0x08000302                VectorF4
                0x08000302                VectorA0
                0x08000302                VectorC4
                0x08000302                Vector180
                0x08000302                Vector90
                0x08000302                Vector114
                0x08000302                Vector164
                0x08000302                Vector60
                0x08000302                Vector1C
                0x08000302                Vector1BC
                0x08000302                Vector1D4
                0x08000302                Vector17C
                0x08000302                Vector48
                0x08000302                Vector1A8
                0x08000302                Vector16C
                0x08000302                Vector4C
                0x08000302                Vector144
                0x08000302                Vector15C
                0x08000302                Vector68
                0x08000302                Vector18C
                0x08000302                Vector170
                0x08000302                Vector88
                0x08000302                Vector104
                0x08000302                Vector184
                0x08000302                Vector10C
                0x08000302                Vector14C
                0x08000302                Vector50
                0x08000302                Vector1C8
                0x08000302                Vector194
                0x08000302                Vector1DC
                0x08000302                Vector44
                0x08000302                Vector28
                0x08000302                VectorB8
                0x08000302                Vector34
                0x08000302                VectorA4
                0x08000302                Vector20
                0x08000302                Vector174
                0x08000306                _unhandled_exception
 .text          0x08000308       0x32 ./build/obj/chcoreasm_v7m.o
                0x08000308                _port_switch
                0x08000320                _port_thread_start
                0x08000332                _port_switch_from_isr
                0x08000336                _port_exit_from_isr
 *fill*         0x0800033a        0x2 
 .text          0x0800033c      0x134 c:/chibistudio/tools/gnu tools arm embedded/9.0 2019q4/bin/../lib/gcc/arm-none-eabi/9.2.1/../../../../arm-none-eabi/lib/thumb/v7e-m+fp/hard\libg.a(lib_a-memcpy.o)
                0x0800033c                memcpy
 *(.text.*)
 .text.i2s_lld_start_exchange.constprop.0
                0x08000470       0x60 C:\Users\omwfo\AppData\Local\Temp\disco_mungo.elf.rgyCVe.ltrans0.ltrans.o
 .text._pal_lld_setgroupmode.constprop.0
                0x080004d0       0x90 C:\Users\omwfo\AppData\Local\Temp\disco_mungo.elf.rgyCVe.ltrans0.ltrans.o
 .text.chCoreAllocFromTop
                0x08000560       0x3c C:\Users\omwfo\AppData\Local\Temp\disco_mungo.elf.rgyCVe.ltrans0.ltrans.o
 *fill*         0x0800059c        0x4 
 .text.notify1  0x080005a0       0x10 C:\Users\omwfo\AppData\Local\Temp\disco_mungo.elf.rgyCVe.ltrans0.ltrans.o
 .text._port_irq_epilogue
                0x080005b0       0x5c C:\Users\omwfo\AppData\Local\Temp\disco_mungo.elf.rgyCVe.ltrans0.ltrans.o
 *fill*         0x0800060c        0x4 
 .text.chCoreAllocAlignedI
                0x08000610       0x2c C:\Users\omwfo\AppData\Local\Temp\disco_mungo.elf.rgyCVe.ltrans0.ltrans.o
 *fill*         0x0800063c        0x4 
 .text.chTMStopMeasurementX
                0x08000640       0x44 C:\Users\omwfo\AppData\Local\Temp\disco_mungo.elf.rgyCVe.ltrans0.ltrans.o
 *fill*         0x08000684        0xc 
 .text.chTMStartMeasurementX
                0x08000690        0xc C:\Users\omwfo\AppData\Local\Temp\disco_mungo.elf.rgyCVe.ltrans0.ltrans.o
 *fill*         0x0800069c        0x4 
 .text.wakeup   0x080006a0       0x70 C:\Users\omwfo\AppData\Local\Temp\disco_mungo.elf.rgyCVe.ltrans0.ltrans.o
 .text.chSchReadyI
                0x08000710       0x24 C:\Users\omwfo\AppData\Local\Temp\disco_mungo.elf.rgyCVe.ltrans0.ltrans.o
 *fill*         0x08000734        0xc 
 .text.chEvtBroadcastFlagsI.constprop.0
                0x08000740       0x60 C:\Users\omwfo\AppData\Local\Temp\disco_mungo.elf.rgyCVe.ltrans0.ltrans.o
 .text.mp45dt02Cb
                0x080007a0       0x50 C:\Users\omwfo\AppData\Local\Temp\disco_mungo.elf.rgyCVe.ltrans0.ltrans.o
 .text._idle_thread
                0x080007f0        0x4 C:\Users\omwfo\AppData\Local\Temp\disco_mungo.elf.rgyCVe.ltrans0.ltrans.o
 *fill*         0x080007f4        0xc 
 .text.i2s_lld_serve_rx_interrupt
                0x08000800       0x4c C:\Users\omwfo\AppData\Local\Temp\disco_mungo.elf.rgyCVe.ltrans0.ltrans.o
 *fill*         0x0800084c        0x4 
 .text._ctl     0x08000850        0x4 C:\Users\omwfo\AppData\Local\Temp\disco_mungo.elf.rgyCVe.ltrans0.ltrans.o
 *fill*         0x08000854        0xc 
 .text.chSchWakeupS.constprop.0
                0x08000860       0x58 C:\Users\omwfo\AppData\Local\Temp\disco_mungo.elf.rgyCVe.ltrans0.ltrans.o
 *fill*         0x080008b8        0x8 
 .text.chThdCreateStatic.constprop.0
                0x080008c0       0x70 C:\Users\omwfo\AppData\Local\Temp\disco_mungo.elf.rgyCVe.ltrans0.ltrans.o
 .text.chSchGoSleepS
                0x08000930       0x28 C:\Users\omwfo\AppData\Local\Temp\disco_mungo.elf.rgyCVe.ltrans0.ltrans.o
 *fill*         0x08000958        0x8 
 .text.chSchGoSleepTimeoutS
                0x08000960      0x110 C:\Users\omwfo\AppData\Local\Temp\disco_mungo.elf.rgyCVe.ltrans0.ltrans.o
 .text.chThdEnqueueTimeoutS
                0x08000a70       0x28 C:\Users\omwfo\AppData\Local\Temp\disco_mungo.elf.rgyCVe.ltrans0.ltrans.o
 *fill*         0x08000a98        0x8 
 .text.oqPutTimeout
                0x08000aa0       0x50 C:\Users\omwfo\AppData\Local\Temp\disco_mungo.elf.rgyCVe.ltrans0.ltrans.o
 .text._putt    0x08000af0        0x8 C:\Users\omwfo\AppData\Local\Temp\disco_mungo.elf.rgyCVe.ltrans0.ltrans.o
 *fill*         0x08000af8        0x8 
 .text._put     0x08000b00        0xc C:\Users\omwfo\AppData\Local\Temp\disco_mungo.elf.rgyCVe.ltrans0.ltrans.o
 *fill*         0x08000b0c        0x4 
 .text.iqGetTimeout
                0x08000b10       0x54 C:\Users\omwfo\AppData\Local\Temp\disco_mungo.elf.rgyCVe.ltrans0.ltrans.o
 *fill*         0x08000b64        0xc 
 .text._gett    0x08000b70        0x8 C:\Users\omwfo\AppData\Local\Temp\disco_mungo.elf.rgyCVe.ltrans0.ltrans.o
 *fill*         0x08000b78        0x8 
 .text._get     0x08000b80        0xc C:\Users\omwfo\AppData\Local\Temp\disco_mungo.elf.rgyCVe.ltrans0.ltrans.o
 *fill*         0x08000b8c        0x4 
 .text.chThdSleep
                0x08000b90       0x18 C:\Users\omwfo\AppData\Local\Temp\disco_mungo.elf.rgyCVe.ltrans0.ltrans.o
 *fill*         0x08000ba8        0x8 
 .text.Thread1  0x08000bb0       0x34 C:\Users\omwfo\AppData\Local\Temp\disco_mungo.elf.rgyCVe.ltrans0.ltrans.o
 *fill*         0x08000be4        0xc 
 .text.mp45dt02ProcessingThd
                0x08000bf0      0x264 C:\Users\omwfo\AppData\Local\Temp\disco_mungo.elf.rgyCVe.ltrans0.ltrans.o
 *fill*         0x08000e54        0xc 
 .text.oqWriteTimeout
                0x08000e60       0xd4 C:\Users\omwfo\AppData\Local\Temp\disco_mungo.elf.rgyCVe.ltrans0.ltrans.o
 *fill*         0x08000f34        0xc 
 .text._writet  0x08000f40        0x8 C:\Users\omwfo\AppData\Local\Temp\disco_mungo.elf.rgyCVe.ltrans0.ltrans.o
 *fill*         0x08000f48        0x8 
 .text._write   0x08000f50        0xc C:\Users\omwfo\AppData\Local\Temp\disco_mungo.elf.rgyCVe.ltrans0.ltrans.o
 *fill*         0x08000f5c        0x4 
 .text.iqReadTimeout
                0x08000f60       0xd8 C:\Users\omwfo\AppData\Local\Temp\disco_mungo.elf.rgyCVe.ltrans0.ltrans.o
 *fill*         0x08001038        0x8 
 .text._readt   0x08001040        0x8 C:\Users\omwfo\AppData\Local\Temp\disco_mungo.elf.rgyCVe.ltrans0.ltrans.o
 *fill*         0x08001048        0x8 
 .text._read    0x08001050        0xc C:\Users\omwfo\AppData\Local\Temp\disco_mungo.elf.rgyCVe.ltrans0.ltrans.o
 *fill*         0x0800105c        0x4 
 .text.DebugMon_Handler
                0x08001060        0x8 C:\Users\omwfo\AppData\Local\Temp\disco_mungo.elf.rgyCVe.ltrans0.ltrans.o
                0x08001060                DebugMon_Handler
 *fill*         0x08001068        0x8 
 .text.HardFault_Handler
                0x08001070        0x8 C:\Users\omwfo\AppData\Local\Temp\disco_mungo.elf.rgyCVe.ltrans0.ltrans.o
                0x08001070                HardFault_Handler
 *fill*         0x08001078        0x8 
 .text.UsageFault_Handler
                0x08001080        0x8 C:\Users\omwfo\AppData\Local\Temp\disco_mungo.elf.rgyCVe.ltrans0.ltrans.o
                0x08001080                UsageFault_Handler
 *fill*         0x08001088        0x8 
 .text.BusFault_Handler
                0x08001090        0x8 C:\Users\omwfo\AppData\Local\Temp\disco_mungo.elf.rgyCVe.ltrans0.ltrans.o
                0x08001090                BusFault_Handler
 *fill*         0x08001098        0x8 
 .text.MemManage_Handler
                0x080010a0        0x8 C:\Users\omwfo\AppData\Local\Temp\disco_mungo.elf.rgyCVe.ltrans0.ltrans.o
                0x080010a0                MemManage_Handler
 *fill*         0x080010a8        0x8 
 .text.SVC_Handler
                0x080010b0       0x20 C:\Users\omwfo\AppData\Local\Temp\disco_mungo.elf.rgyCVe.ltrans0.ltrans.o
                0x080010b0                SVC_Handler
 .text.chThdExit
                0x080010d0       0x4c C:\Users\omwfo\AppData\Local\Temp\disco_mungo.elf.rgyCVe.ltrans0.ltrans.o
                0x080010d0                chThdExit
 *fill*         0x0800111c        0x4 
 .text.chSchDoRescheduleAhead
                0x08001120       0x3c C:\Users\omwfo\AppData\Local\Temp\disco_mungo.elf.rgyCVe.ltrans0.ltrans.o
                0x08001120                chSchDoReschedule
 *fill*         0x0800115c        0x4 
 .text.debugSerialPrint.constprop.0
                0x08001160      0x5cc C:\Users\omwfo\AppData\Local\Temp\disco_mungo.elf.rgyCVe.ltrans0.ltrans.o
 *fill*         0x0800172c        0x4 
 .text.startup.main
                0x08001730      0x6b0 C:\Users\omwfo\AppData\Local\Temp\disco_mungo.elf.rgyCVe.ltrans0.ltrans.o
                0x08001730                main
 .text.__early_init
                0x08001de0      0x268 C:\Users\omwfo\AppData\Local\Temp\disco_mungo.elf.rgyCVe.ltrans0.ltrans.o
                0x08001de0                __early_init
 *fill*         0x08002048        0x8 
 .text.VectorD4
                0x08002050      0x1ac C:\Users\omwfo\AppData\Local\Temp\disco_mungo.elf.rgyCVe.ltrans0.ltrans.o
                0x08002050                VectorD4
 *fill*         0x080021fc        0x4 
 .text.VectorB0
                0x08002200       0xb8 C:\Users\omwfo\AppData\Local\Temp\disco_mungo.elf.rgyCVe.ltrans0.ltrans.o
                0x08002200                VectorB0
 *fill*         0x080022b8        0x8 
 .text.Vector158
                0x080022c0       0x2c C:\Users\omwfo\AppData\Local\Temp\disco_mungo.elf.rgyCVe.ltrans0.ltrans.o
                0x080022c0                Vector158
 *fill*         0x080022ec        0x4 
 .text.Vector154
                0x080022f0       0x2c C:\Users\omwfo\AppData\Local\Temp\disco_mungo.elf.rgyCVe.ltrans0.ltrans.o
                0x080022f0                Vector154
 *fill*         0x0800231c        0x4 
 .text.Vector150
                0x08002320       0x2c C:\Users\omwfo\AppData\Local\Temp\disco_mungo.elf.rgyCVe.ltrans0.ltrans.o
                0x08002320                Vector150
 *fill*         0x0800234c        0x4 
 .text.Vector130
                0x08002350       0x28 C:\Users\omwfo\AppData\Local\Temp\disco_mungo.elf.rgyCVe.ltrans0.ltrans.o
                0x08002350                Vector130
 *fill*         0x08002378        0x8 
 .text.Vector12C
                0x08002380       0x2c C:\Users\omwfo\AppData\Local\Temp\disco_mungo.elf.rgyCVe.ltrans0.ltrans.o
                0x08002380                Vector12C
 *fill*         0x080023ac        0x4 
 .text.Vector128
                0x080023b0       0x2c C:\Users\omwfo\AppData\Local\Temp\disco_mungo.elf.rgyCVe.ltrans0.ltrans.o
                0x080023b0                Vector128
 *fill*         0x080023dc        0x4 
 .text.Vector124
                0x080023e0       0x2c C:\Users\omwfo\AppData\Local\Temp\disco_mungo.elf.rgyCVe.ltrans0.ltrans.o
                0x080023e0                Vector124
 *fill*         0x0800240c        0x4 
 .text.Vector120
                0x08002410       0x28 C:\Users\omwfo\AppData\Local\Temp\disco_mungo.elf.rgyCVe.ltrans0.ltrans.o
                0x08002410                Vector120
 *fill*         0x08002438        0x8 
 .text.VectorFC
                0x08002440       0x2c C:\Users\omwfo\AppData\Local\Temp\disco_mungo.elf.rgyCVe.ltrans0.ltrans.o
                0x08002440                VectorFC
 *fill*         0x0800246c        0x4 
 .text.Vector84
                0x08002470       0x2c C:\Users\omwfo\AppData\Local\Temp\disco_mungo.elf.rgyCVe.ltrans0.ltrans.o
                0x08002470                Vector84
 *fill*         0x0800249c        0x4 
 .text.Vector80
                0x080024a0       0x2c C:\Users\omwfo\AppData\Local\Temp\disco_mungo.elf.rgyCVe.ltrans0.ltrans.o
                0x080024a0                Vector80
 *fill*         0x080024cc        0x4 
 .text.Vector7C
                0x080024d0       0x28 C:\Users\omwfo\AppData\Local\Temp\disco_mungo.elf.rgyCVe.ltrans0.ltrans.o
                0x080024d0                Vector7C
 *fill*         0x080024f8        0x8 
 .text.Vector78
                0x08002500       0x2c C:\Users\omwfo\AppData\Local\Temp\disco_mungo.elf.rgyCVe.ltrans0.ltrans.o
                0x08002500                Vector78
 *fill*         0x0800252c        0x4 
 .text.Vector74
                0x08002530       0x2c C:\Users\omwfo\AppData\Local\Temp\disco_mungo.elf.rgyCVe.ltrans0.ltrans.o
                0x08002530                Vector74
 *fill*         0x0800255c        0x4 
 .text.Vector70
                0x08002560       0x2c C:\Users\omwfo\AppData\Local\Temp\disco_mungo.elf.rgyCVe.ltrans0.ltrans.o
                0x08002560                Vector70
 *fill*         0x0800258c        0x4 
 .text.Vector6C
                0x08002590       0x28 C:\Users\omwfo\AppData\Local\Temp\disco_mungo.elf.rgyCVe.ltrans0.ltrans.o
                0x08002590                Vector6C
 *fill*         0x080025b8        0x8 
 .text.__init_ram_areas
                0x080025c0       0x68 C:\Users\omwfo\AppData\Local\Temp\disco_mungo.elf.rgyCVe.ltrans0.ltrans.o
                0x080025c0                __init_ram_areas
 *fill*         0x08002628        0x8 
 .text.__default_exit
                0x08002630        0x4 C:\Users\omwfo\AppData\Local\Temp\disco_mungo.elf.rgyCVe.ltrans0.ltrans.o
                0x08002630                __default_exit
 *fill*         0x08002634        0xc 
 .text.__late_init
                0x08002640        0x4 C:\Users\omwfo\AppData\Local\Temp\disco_mungo.elf.rgyCVe.ltrans0.ltrans.o
                0x08002640                __late_init
 *fill*         0x08002644        0xc 
 .text.__core_init
                0x08002650        0x4 C:\Users\omwfo\AppData\Local\Temp\disco_mungo.elf.rgyCVe.ltrans0.ltrans.o
                0x08002650                __core_init
 .text.memset   0x08002654       0xa0 c:/chibistudio/tools/gnu tools arm embedded/9.0 2019q4/bin/../lib/gcc/arm-none-eabi/9.2.1/../../../../arm-none-eabi/lib/thumb/v7e-m+fp/hard\libg.a(lib_a-memset.o)
                0x08002654                memset
 *(.glue_7t)
 .glue_7t       0x080026f4        0x0 linker stubs
 *(.glue_7)
 .glue_7        0x080026f4        0x0 linker stubs
 *(.gcc*)
                0x080026f4                __text_end__ = .

.vfp11_veneer   0x080026f4        0x0
 .vfp11_veneer  0x080026f4        0x0 linker stubs

.v4_bx          0x080026f4        0x0
 .v4_bx         0x080026f4        0x0 linker stubs

.iplt           0x080026f4        0x0
 .iplt          0x080026f4        0x0 ./build/obj/crt0_v7m.o

.rodata         0x080026f4      0x2bc
                0x080026f4                __rodata_base__ = .
 *(.rodata)
 *(.rodata.*)
 .rodata.i2s_lld_serve_rx_interrupt.str1.4
                0x080026f4        0xc C:\Users\omwfo\AppData\Local\Temp\disco_mungo.elf.rgyCVe.ltrans0.ltrans.o
 .rodata.chThdCreateStatic.constprop.0.str1.4
                0x08002700        0x7 C:\Users\omwfo\AppData\Local\Temp\disco_mungo.elf.rgyCVe.ltrans0.ltrans.o
 *fill*         0x08002707        0x1 
 .rodata.Thread1.str1.4
                0x08002708        0x8 C:\Users\omwfo\AppData\Local\Temp\disco_mungo.elf.rgyCVe.ltrans0.ltrans.o
 .rodata.mp45dt02ProcessingThd.str1.4
                0x08002710       0x2b C:\Users\omwfo\AppData\Local\Temp\disco_mungo.elf.rgyCVe.ltrans0.ltrans.o
 *fill*         0x0800273b        0x1 
 .rodata.debugSerialPrint.constprop.0.str1.4
                0x0800273c       0xaf C:\Users\omwfo\AppData\Local\Temp\disco_mungo.elf.rgyCVe.ltrans0.ltrans.o
 *fill*         0x080027eb        0x1 
 .rodata.main.str1.4
                0x080027ec       0x41 C:\Users\omwfo\AppData\Local\Temp\disco_mungo.elf.rgyCVe.ltrans0.ltrans.o
 *fill*         0x0800282d        0x3 
 .rodata._stm32_dma_streams
                0x08002830       0xc0 C:\Users\omwfo\AppData\Local\Temp\disco_mungo.elf.rgyCVe.ltrans0.ltrans.o
 .rodata.ch_debug
                0x080028f0       0x16 C:\Users\omwfo\AppData\Local\Temp\disco_mungo.elf.rgyCVe.ltrans0.ltrans.o
 *fill*         0x08002906        0x2 
 .rodata.ram_areas
                0x08002908       0x80 C:\Users\omwfo\AppData\Local\Temp\disco_mungo.elf.rgyCVe.ltrans0.ltrans.o
 .rodata.vmt    0x08002988       0x28 C:\Users\omwfo\AppData\Local\Temp\disco_mungo.elf.rgyCVe.ltrans0.ltrans.o
                0x080029b0                . = ALIGN (0x4)
                0x080029b0                __rodata_end__ = .

.rel.dyn        0x080029b0        0x0
 .rel.iplt      0x080029b0        0x0 ./build/obj/crt0_v7m.o

.ARM.extab
 *(.ARM.extab* .gnu.linkonce.armextab.*)

.ARM.exidx      0x080029b0        0x0
                0x080029b0                __exidx_base__ = .
                0x080029b0                __exidx_start = .
 *(.ARM.exidx* .gnu.linkonce.armexidx.*)
                0x080029b0                __exidx_end__ = .
                0x080029b0                __exidx_end = .

.eh_frame_hdr
 *(.eh_frame_hdr)

.eh_frame
 *(.eh_frame)

.data           0x20000800      0x400 load address 0x080029b0
                [!provide]                PROVIDE (_textdata = LOADADDR (.data))
                [!provide]                PROVIDE (_data = .)
                0x080029b0                __textdata_base__ = LOADADDR (.data)
                0x20000800                __data_base__ = .
 *(.data)
 *(.data.*)
 .data.firCoeffs
                0x20000800      0x400 C:\Users\omwfo\AppData\Local\Temp\disco_mungo.elf.rgyCVe.ltrans0.ltrans.o
 *(.ramtext)
                0x20000c00                . = ALIGN (0x4)
                [!provide]                PROVIDE (_edata = .)
                0x20000c00                __data_end__ = .

.igot.plt       0x20000c00        0x0 load address 0x08002db0
 .igot.plt      0x20000c00        0x0 ./build/obj/crt0_v7m.o

.bss            0x20000c00    0x1bd58 load address 0x08002db0
                0x20000c00                __bss_base__ = .
 *(.bss)
 *(.bss.*)
 .bss.I2SD2     0x20000c00       0x20 C:\Users\omwfo\AppData\Local\Temp\disco_mungo.elf.rgyCVe.ltrans0.ltrans.o
 .bss.SD1       0x20000c20       0x7c C:\Users\omwfo\AppData\Local\Temp\disco_mungo.elf.rgyCVe.ltrans0.ltrans.o
 .bss.ch        0x20000c9c       0x78 C:\Users\omwfo\AppData\Local\Temp\disco_mungo.elf.rgyCVe.ltrans0.ltrans.o
 .bss.ch_factory
                0x20000d14       0x48 C:\Users\omwfo\AppData\Local\Temp\disco_mungo.elf.rgyCVe.ltrans0.ltrans.o
 *fill*         0x20000d5c        0x4 
 .bss.ch_idle_thread_wa
                0x20000d60      0x160 C:\Users\omwfo\AppData\Local\Temp\disco_mungo.elf.rgyCVe.ltrans0.ltrans.o
 .bss.ch_memcore
                0x20000ec0        0x8 C:\Users\omwfo\AppData\Local\Temp\disco_mungo.elf.rgyCVe.ltrans0.ltrans.o
 .bss.cmsisDsp  0x20000ec8     0x140c C:\Users\omwfo\AppData\Local\Temp\disco_mungo.elf.rgyCVe.ltrans0.ltrans.o
 *fill*         0x200022d4        0x4 
 .bss.debugTimings
                0x200022d8       0x78 C:\Users\omwfo\AppData\Local\Temp\disco_mungo.elf.rgyCVe.ltrans0.ltrans.o
 .bss.default_heap
                0x20002350       0x1c C:\Users\omwfo\AppData\Local\Temp\disco_mungo.elf.rgyCVe.ltrans0.ltrans.o
 .bss.dma       0x2000236c       0x84 C:\Users\omwfo\AppData\Local\Temp\disco_mungo.elf.rgyCVe.ltrans0.ltrans.o
 .bss.mp45dt02ExpandedBuffer
                0x200023f0     0x1000 C:\Users\omwfo\AppData\Local\Temp\disco_mungo.elf.rgyCVe.ltrans0.ltrans.o
 .bss.mp45dt02I2SConfig
                0x200033f0       0x14 C:\Users\omwfo\AppData\Local\Temp\disco_mungo.elf.rgyCVe.ltrans0.ltrans.o
 .bss.mp45dt02I2sData
                0x20003404      0x10c C:\Users\omwfo\AppData\Local\Temp\disco_mungo.elf.rgyCVe.ltrans0.ltrans.o
 .bss.mp45dt02ProcessingSem
                0x20003510        0xc C:\Users\omwfo\AppData\Local\Temp\disco_mungo.elf.rgyCVe.ltrans0.ltrans.o
 *fill*         0x2000351c        0x4 
 .bss.mp45dt02ProcessingThdWA
                0x20003520      0x250 C:\Users\omwfo\AppData\Local\Temp\disco_mungo.elf.rgyCVe.ltrans0.ltrans.o
 .bss.output    0x20003770    0x19008 C:\Users\omwfo\AppData\Local\Temp\disco_mungo.elf.rgyCVe.ltrans0.ltrans.o
 .bss.serialPrintMtx
                0x2001c778       0x10 C:\Users\omwfo\AppData\Local\Temp\disco_mungo.elf.rgyCVe.ltrans0.ltrans.o
 .bss.waThread1
                0x2001c788      0x1d0 C:\Users\omwfo\AppData\Local\Temp\disco_mungo.elf.rgyCVe.ltrans0.ltrans.o
 *(COMMON)
                0x2001c958                . = ALIGN (0x4)
                0x2001c958                __bss_end__ = .
                [!provide]                PROVIDE (end = .)
                0x20000000                __ram0_base__ = ORIGIN (ram0)
                0x00020000                __ram0_size__ = LENGTH (ram0)
                0x20020000                __ram0_end__ = (__ram0_base__ + __ram0_size__)
                0x20000000                __ram1_base__ = ORIGIN (ram1)
                0x0001c000                __ram1_size__ = LENGTH (ram1)
                0x2001c000                __ram1_end__ = (__ram1_base__ + __ram1_size__)
                0x2001c000                __ram2_base__ = ORIGIN (ram2)
                0x00004000                __ram2_size__ = LENGTH (ram2)
                0x20020000                __ram2_end__ = (__ram2_base__ + __ram2_size__)
                0x00000000                __ram3_base__ = ORIGIN (ram3)
                0x00000000                __ram3_size__ = LENGTH (ram3)
                0x00000000                __ram3_end__ = (__ram3_base__ + __ram3_size__)
                0x10000000                __ram4_base__ = ORIGIN (ram4)
                0x00010000                __ram4_size__ = LENGTH (ram4)
                0x10010000                __ram4_end__ = (__ram4_base__ + __ram4_size__)
                0x40024000                __ram5_base__ = ORIGIN (ram5)
                0x00001000                __ram5_size__ = LENGTH (ram5)
                0x40025000                __ram5_end__ = (__ram5_base__ + __ram5_size__)
                0x00000000                __ram6_base__ = ORIGIN (ram6)
                0x00000000                __ram6_size__ = LENGTH (ram6)
                0x00000000                __ram6_end__ = (__ram6_base__ + __ram6_size__)
                0x00000000                __ram7_base__ = ORIGIN (ram7)
                0x00000000                __ram7_size__ = LENGTH (ram7)
                0x00000000                __ram7_end__ = (__ram7_base__ + __ram7_size__)
                0x08000000                __flash0_base__ = ORIGIN (flash0)
                0x00100000                __flash0_size__ = LENGTH (flash0)
                0x08100000                __flash0_end__ = (__flash0_base__ + __flash0_size__)
                0x00000000                __flash1_base__ = ORIGIN (flash1)
                0x00000000                __flash1_size__ = LENGTH (flash1)
                0x00000000                __flash1_end__ = (__flash1_base__ + __flash1_size__)
                0x00000000                __flash2_base__ = ORIGIN (flash2)
                0x00000000                __flash2_size__ = LENGTH (flash2)
                0x00000000                __flash2_end__ = (__flash2_base__ + __flash2_size__)
                0x00000000                __flash3_base__ = ORIGIN (flash3)
                0x00000000                __flash3_size__ = LENGTH (flash3)
                0x00000000                __flash3_end__ = (__flash3_base__ + __flash3_size__)
                0x00000000                __flash4_base__ = ORIGIN (flash4)
                0x00000000                __flash4_size__ = LENGTH (flash4)
                0x00000000                __flash4_end__ = (__flash4_base__ + __flash4_size__)
                0x00000000                __flash5_base__ = ORIGIN (flash5)
                0x00000000                __flash5_size__ = LENGTH (flash5)
                0x00000000                __flash5_end__ = (__flash5_base__ + __flash5_size__)
                0x00000000                __flash6_base__ = ORIGIN (flash6)
                0x00000000                __flash6_size__ = LENGTH (flash6)
                0x00000000                __flash6_end__ = (__flash6_base__ + __flash6_size__)
                0x00000000                __flash7_base__ = ORIGIN (flash7)
                0x00000000                __flash7_size__ = LENGTH (flash7)
                0x00000000                __flash7_end__ = (__flash7_base__ + __flash7_size__)

.ram0_init      0x2001c958        0x0 load address 0x08002db0
                0x08002db0                __ram0_init_text__ = LOADADDR (.ram0_init)
                0x2001c958                __ram0_init__ = .
 *(.ram0_init)
 *(.ram0_init.*)
                0x2001c958                . = ALIGN (0x4)

.ram0           0x2001c958        0x0 load address 0x08002db0
                0x2001c958                __ram0_clear__ = .
 *(.ram0_clear)
 *(.ram0_clear.*)
                0x2001c958                . = ALIGN (0x4)
                0x2001c958                __ram0_noinit__ = .
 *(.ram0)
 *(.ram0.*)
                0x2001c958                . = ALIGN (0x4)
                0x2001c958                __ram0_free__ = .

.ram1_init      0x20000000        0x0 load address 0x08002db0
                0x08002db0                __ram1_init_text__ = LOADADDR (.ram1_init)
                0x20000000                __ram1_init__ = .
 *(.ram1_init)
 *(.ram1_init.*)
                0x20000000                . = ALIGN (0x4)

.ram1           0x20000000        0x0 load address 0x08002db0
                0x20000000                __ram1_clear__ = .
 *(.ram1_clear)
 *(.ram1_clear.*)
                0x20000000                . = ALIGN (0x4)
                0x20000000                __ram1_noinit__ = .
 *(.ram1)
 *(.ram1.*)
                0x20000000                . = ALIGN (0x4)
                0x20000000                __ram1_free__ = .

.ram2_init      0x2001c000        0x0 load address 0x08002db0
                0x08002db0                __ram2_init_text__ = LOADADDR (.ram2_init)
                0x2001c000                __ram2_init__ = .
 *(.ram2_init)
 *(.ram2_init.*)
                0x2001c000                . = ALIGN (0x4)

.ram2           0x2001c000        0x0 load address 0x08002db0
                0x2001c000                __ram2_clear__ = .
 *(.ram2_clear)
 *(.ram2_clear.*)
                0x2001c000                . = ALIGN (0x4)
                0x2001c000                __ram2_noinit__ = .
 *(.ram2)
 *(.ram2.*)
                0x2001c000                . = ALIGN (0x4)
                0x2001c000                __ram2_free__ = .

.ram3_init      0x00000000        0x0 load address 0x08002db0
                0x08002db0                __ram3_init_text__ = LOADADDR (.ram3_init)
                0x00000000                __ram3_init__ = .
 *(.ram3_init)
 *(.ram3_init.*)
                0x00000000                . = ALIGN (0x4)

.ram3           0x00000000        0x0 load address 0x08002db0
                0x00000000                __ram3_clear__ = .
 *(.ram3_clear)
 *(.ram3_clear.*)
                0x00000000                . = ALIGN (0x4)
                0x00000000                __ram3_noinit__ = .
 *(.ram3)
 *(.ram3.*)
                0x00000000                . = ALIGN (0x4)
                0x00000000                __ram3_free__ = .

.ram4_init      0x10000000        0x0 load address 0x08002db0
                0x08002db0                __ram4_init_text__ = LOADADDR (.ram4_init)
                0x10000000                __ram4_init__ = .
 *(.ram4_init)
 *(.ram4_init.*)
                0x10000000                . = ALIGN (0x4)

.ram4           0x10000000        0x0 load address 0x08002db0
                0x10000000                __ram4_clear__ = .
 *(.ram4_clear)
 *(.ram4_clear.*)
                0x10000000                . = ALIGN (0x4)
                0x10000000                __ram4_noinit__ = .
 *(.ram4)
 *(.ram4.*)
                0x10000000                . = ALIGN (0x4)
                0x10000000                __ram4_free__ = .

.ram5_init      0x40024000        0x0 load address 0x08002db0
                0x08002db0                __ram5_init_text__ = LOADADDR (.ram5_init)
                0x40024000                __ram5_init__ = .
 *(.ram5_init)
 *(.ram5_init.*)
                0x40024000                . = ALIGN (0x4)

.ram5           0x40024000        0x0 load address 0x08002db0
                0x40024000                __ram5_clear__ = .
 *(.ram5_clear)
 *(.ram5_clear.*)
                0x40024000                . = ALIGN (0x4)
                0x40024000                __ram5_noinit__ = .
 *(.ram5)
 *(.ram5.*)
                0x40024000                . = ALIGN (0x4)
                0x40024000                __ram5_free__ = .

.ram6_init      0x00000000        0x0 load address 0x08002db0
                0x08002db0                __ram6_init_text__ = LOADADDR (.ram6_init)
                0x00000000                __ram6_init__ = .
 *(.ram6_init)
 *(.ram6_init.*)
                0x00000000                . = ALIGN (0x4)

.ram6           0x00000000        0x0 load address 0x08002db0
                0x00000000                __ram6_clear__ = .
 *(.ram6_clear)
 *(.ram6_clear.*)
                0x00000000                . = ALIGN (0x4)
                0x00000000                __ram6_noinit__ = .
 *(.ram6)
 *(.ram6.*)
                0x00000000                . = ALIGN (0x4)
                0x00000000                __ram6_free__ = .

.ram7_init      0x00000000        0x0 load address 0x08002db0
                0x08002db0                __ram7_init_text__ = LOADADDR (.ram7_init)
                0x00000000                __ram7_init__ = .
 *(.ram7_init)
 *(.ram7_init.*)
                0x00000000                . = ALIGN (0x4)

.ram7           0x00000000        0x0 load address 0x08002db0
                0x00000000                __ram7_clear__ = .
 *(.ram7_clear)
 *(.ram7_clear.*)
                0x00000000                . = ALIGN (0x4)
                0x00000000                __ram7_noinit__ = .
 *(.ram7)
 *(.ram7.*)
                0x00000000                . = ALIGN (0x4)
                0x00000000                __ram7_free__ = .

.flash0         0x08002db0        0x0
                0x08002db0                __flash0_init__ = .
 *(.flash0_init)
 *(.flash0_init.*)
                0x08002db0                __flash0_free__ = .

.flash1         0x00000000        0x0
                0x00000000                __flash1_init__ = .
 *(.flash1_init)
 *(.flash1_init.*)
                0x00000000                __flash1_free__ = .

.flash2         0x00000000        0x0
                0x00000000                __flash2_init__ = .
 *(.flash2_init)
 *(.flash2_init.*)
                0x00000000                __flash2_free__ = .

.flash3         0x00000000        0x0
                0x00000000                __flash3_init__ = .
 *(.flash3_init)
 *(.flash3_init.*)
                0x00000000                __flash3_free__ = .

.flash4         0x00000000        0x0
                0x00000000                __flash4_init__ = .
 *(.flash4_init)
 *(.flash4_init.*)
                0x00000000                __flash4_free__ = .

.flash5         0x00000000        0x0
                0x00000000                __flash5_init__ = .
 *(.flash5_init)
 *(.flash5_init.*)
                0x00000000                __flash5_free__ = .

.flash6         0x00000000        0x0
                0x00000000                __flash6_init__ = .
 *(.flash6_init)
 *(.flash6_init.*)
                0x00000000                __flash6_free__ = .

.flash7         0x00000000        0x0
                0x00000000                __flash7_init__ = .
 *(.flash7_init)
 *(.flash7_init.*)
                0x00000000                __flash7_free__ = .

.heap           0x2001c958     0x36a8
                0x2001c958                . = ALIGN (0x8)
                0x2001c958                __heap_base__ = .
                0x20020000                . = (ORIGIN (HEAP_RAM) + LENGTH (HEAP_RAM))
 *fill*         0x2001c958     0x36a8 
                0x20020000                __heap_end__ = .
                0x00000400                __process_stack_size__ = 0x400
                0x00000400                __main_stack_size__ = 0x400
START GROUP
LOAD c:/chibistudio/tools/gnu tools arm embedded/9.0 2019q4/bin/../lib/gcc/arm-none-eabi/9.2.1/thumb/v7e-m+fp/hard\libgcc.a
LOAD c:/chibistudio/tools/gnu tools arm embedded/9.0 2019q4/bin/../lib/gcc/arm-none-eabi/9.2.1/../../../../arm-none-eabi/lib/thumb/v7e-m+fp/hard\libg.a
LOAD c:/chibistudio/tools/gnu tools arm embedded/9.0 2019q4/bin/../lib/gcc/arm-none-eabi/9.2.1/../../../../arm-none-eabi/lib/thumb/v7e-m+fp/hard\libc.a
END GROUP
OUTPUT(build/disco_mungo.elf elf32-littlearm)

.ARM.attributes
                0x00000000       0x35
 .ARM.attributes
                0x00000000       0x25 ./build/obj/crt0_v7m.o
 .ARM.attributes
                0x00000025       0x25 ./build/obj/vectors.o
 .ARM.attributes
                0x0000004a       0x25 ./build/obj/chcoreasm_v7m.o
 .ARM.attributes
                0x0000006f       0x32 C:\Users\omwfo\AppData\Local\Temp\disco_mungo.elf.rgyCVe.ltrans0.ltrans.o
 .ARM.attributes
                0x000000a1       0x1c c:/chibistudio/tools/gnu tools arm embedded/9.0 2019q4/bin/../lib/gcc/arm-none-eabi/9.2.1/../../../../arm-none-eabi/lib/thumb/v7e-m+fp/hard\libg.a(lib_a-memcpy.o)
 .ARM.attributes
                0x000000bd       0x34 c:/chibistudio/tools/gnu tools arm embedded/9.0 2019q4/bin/../lib/gcc/arm-none-eabi/9.2.1/../../../../arm-none-eabi/lib/thumb/v7e-m+fp/hard\libg.a(lib_a-memset.o)

.comment        0x00000000       0x79
 .comment       0x00000000       0x79 C:\Users\omwfo\AppData\Local\Temp\disco_mungo.elf.rgyCVe.ltrans0.ltrans.o
                                 0x7a (size before relaxing)

.debug_line     0x00000000     0xe53e
 .debug_line    0x00000000       0xde ./build/obj/crt0_v7m.o
 .debug_line    0x000000de       0x77 ./build/obj/vectors.o
 .debug_line    0x00000155       0x90 ./build/obj/chcoreasm_v7m.o
 .debug_line    0x000001e5     0x46b5 C:\Users\omwfo\AppData\Local\Temp\disco_mungo.elf.rgyCVe.ltrans0.ltrans.o
 .debug_line    0x0000489a      0x1ad C:\Users\omwfo\AppData\Local\Temp\cc8Shw5s.debug.temp.o
 .debug_line    0x00004a47      0x4aa C:\Users\omwfo\AppData\Local\Temp\ccq3TeqD.debug.temp.o
 .debug_line    0x00004ef1      0x4cc C:\Users\omwfo\AppData\Local\Temp\ccwZj1MQ.debug.temp.o
 .debug_line    0x000053bd      0x502 C:\Users\omwfo\AppData\Local\Temp\ccStfjJ4.debug.temp.o
 .debug_line    0x000058bf      0x4f0 C:\Users\omwfo\AppData\Local\Temp\cc0Yk2Zg.debug.temp.o
 .debug_line    0x00005daf      0x4bf C:\Users\omwfo\AppData\Local\Temp\ccooBmRs.debug.temp.o
 .debug_line    0x0000626e      0x4bd C:\Users\omwfo\AppData\Local\Temp\ccqTfgKU.debug.temp.o
 .debug_line    0x0000672b      0x536 C:\Users\omwfo\AppData\Local\Temp\cc2R00Ga.debug.temp.o
 .debug_line    0x00006c61      0x4c0 C:\Users\omwfo\AppData\Local\Temp\ccSVIYUp.debug.temp.o
 .debug_line    0x00007121      0x48d C:\Users\omwfo\AppData\Local\Temp\ccUJlz1H.debug.temp.o
 .debug_line    0x000075ae      0x494 C:\Users\omwfo\AppData\Local\Temp\ccK7roJ0.debug.temp.o
 .debug_line    0x00007a42      0x492 C:\Users\omwfo\AppData\Local\Temp\ccyik1Ch.debug.temp.o
 .debug_line    0x00007ed4      0x4a3 C:\Users\omwfo\AppData\Local\Temp\ccKKOXiT.debug.temp.o
 .debug_line    0x00008377      0x4b8 C:\Users\omwfo\AppData\Local\Temp\cc2fJX1w.debug.temp.o
 .debug_line    0x0000882f      0x496 C:\Users\omwfo\AppData\Local\Temp\ccOF3urQ.debug.temp.o
 .debug_line    0x00008cc5      0x4e1 C:\Users\omwfo\AppData\Local\Temp\cc8oDfOc.debug.temp.o
 .debug_line    0x000091a6      0x4a8 C:\Users\omwfo\AppData\Local\Temp\ccqrhRHz.debug.temp.o
 .debug_line    0x0000964e      0x4d5 C:\Users\omwfo\AppData\Local\Temp\cciKSdYV.debug.temp.o
 .debug_line    0x00009b23      0x4c4 C:\Users\omwfo\AppData\Local\Temp\ccQ9x5CK.debug.temp.o
 .debug_line    0x00009fe7      0x396 C:\Users\omwfo\AppData\Local\Temp\ccsW9AVX.debug.temp.o
 .debug_line    0x0000a37d      0x36c C:\Users\omwfo\AppData\Local\Temp\ccsFVN9f.debug.temp.o
 .debug_line    0x0000a6e9      0x36b C:\Users\omwfo\AppData\Local\Temp\ccC1vrAJ.debug.temp.o
 .debug_line    0x0000aa54      0x38f C:\Users\omwfo\AppData\Local\Temp\ccclIstd.debug.temp.o
 .debug_line    0x0000ade3      0x350 C:\Users\omwfo\AppData\Local\Temp\ccoY02CF.debug.temp.o
 .debug_line    0x0000b133      0x395 C:\Users\omwfo\AppData\Local\Temp\ccoduZKb.debug.temp.o
 .debug_line    0x0000b4c8      0x360 C:\Users\omwfo\AppData\Local\Temp\ccMWagqI.debug.temp.o
 .debug_line    0x0000b828      0x360 C:\Users\omwfo\AppData\Local\Temp\cciarWgd.debug.temp.o
 .debug_line    0x0000bb88      0x371 C:\Users\omwfo\AppData\Local\Temp\ccmUAIZg.debug.temp.o
 .debug_line    0x0000bef9      0x383 C:\Users\omwfo\AppData\Local\Temp\ccemmRUm.debug.temp.o
 .debug_line    0x0000c27c      0x367 C:\Users\omwfo\AppData\Local\Temp\ccuWJkUu.debug.temp.o
 .debug_line    0x0000c5e3      0x369 C:\Users\omwfo\AppData\Local\Temp\ccEIb9z4.debug.temp.o
 .debug_line    0x0000c94c      0x368 C:\Users\omwfo\AppData\Local\Temp\ccIh2KRE.debug.temp.o
 .debug_line    0x0000ccb4      0x3b4 C:\Users\omwfo\AppData\Local\Temp\cccdg009.debug.temp.o
 .debug_line    0x0000d068      0x37c C:\Users\omwfo\AppData\Local\Temp\cc04LX3u.debug.temp.o
 .debug_line    0x0000d3e4      0x4e8 C:\Users\omwfo\AppData\Local\Temp\cccSrLZ8.debug.temp.o
 .debug_line    0x0000d8cc      0x190 C:\Users\omwfo\AppData\Local\Temp\ccq4JqsN.debug.temp.o
 .debug_line    0x0000da5c      0x584 C:\Users\omwfo\AppData\Local\Temp\ccYoTXev.debug.temp.o
 .debug_line    0x0000dfe0      0x55e C:\Users\omwfo\AppData\Local\Temp\cc4cfEwd.debug.temp.o

.debug_info     0x00000000    0x35924
 .debug_info    0x00000000       0x26 ./build/obj/crt0_v7m.o
 .debug_info    0x00000026       0x26 ./build/obj/vectors.o
 .debug_info    0x0000004c       0x26 ./build/obj/chcoreasm_v7m.o
 .debug_info    0x00000072     0x530e C:\Users\omwfo\AppData\Local\Temp\disco_mungo.elf.rgyCVe.ltrans0.ltrans.o
 .debug_info    0x00005380      0x35d C:\Users\omwfo\AppData\Local\Temp\cc8Shw5s.debug.temp.o
                0x00005380                crt1.c.886945fb
 .debug_info    0x000056dd     0x12b2 C:\Users\omwfo\AppData\Local\Temp\ccq3TeqD.debug.temp.o
                0x000056dd                hal.c.7f12e68e
 .debug_info    0x0000698f     0x150f C:\Users\omwfo\AppData\Local\Temp\ccwZj1MQ.debug.temp.o
                0x0000698f                hal_st.c.79fedc54
 .debug_info    0x00007e9e     0x22f0 C:\Users\omwfo\AppData\Local\Temp\ccStfjJ4.debug.temp.o
                0x00007e9e                hal_buffers.c.9e3d8c8a
 .debug_info    0x0000a18e     0x2109 C:\Users\omwfo\AppData\Local\Temp\cc0Yk2Zg.debug.temp.o
                0x0000a18e                hal_queues.c.c2b890c0
 .debug_info    0x0000c297     0x1675 C:\Users\omwfo\AppData\Local\Temp\ccooBmRs.debug.temp.o
                0x0000c297                hal_flash.c.2a205e2b
 .debug_info    0x0000d90c     0x141a C:\Users\omwfo\AppData\Local\Temp\ccqTfgKU.debug.temp.o
                0x0000d90c                hal_i2s.c.600b1ab8
 .debug_info    0x0000ed26     0x14cb C:\Users\omwfo\AppData\Local\Temp\cc2R00Ga.debug.temp.o
                0x0000ed26                hal_pal.c.8f4cecf6
 .debug_info    0x000101f1     0x1788 C:\Users\omwfo\AppData\Local\Temp\ccSVIYUp.debug.temp.o
                0x000101f1                hal_serial.c.c5adfb29
 .debug_info    0x00011979     0x161e C:\Users\omwfo\AppData\Local\Temp\ccUJlz1H.debug.temp.o
                0x00011979                nvic.c.20a1f57e
 .debug_info    0x00012f97     0x14d6 C:\Users\omwfo\AppData\Local\Temp\ccK7roJ0.debug.temp.o
                0x00012f97                stm32_isr.c.69585eba
 .debug_info    0x0001446d     0x1741 C:\Users\omwfo\AppData\Local\Temp\ccyik1Ch.debug.temp.o
                0x0001446d                hal_lld.c.c7c93924
 .debug_info    0x00015bae     0x18c4 C:\Users\omwfo\AppData\Local\Temp\ccKKOXiT.debug.temp.o
                0x00015bae                stm32_dma.c.bd9862fd
 .debug_info    0x00017472     0x145a C:\Users\omwfo\AppData\Local\Temp\cc2fJX1w.debug.temp.o
                0x00017472                hal_pal_lld.c.fb93898b
 .debug_info    0x000188cc     0x1572 C:\Users\omwfo\AppData\Local\Temp\ccOF3urQ.debug.temp.o
                0x000188cc                hal_i2s_lld.c.658ac616
 .debug_info    0x00019e3e     0x16ba C:\Users\omwfo\AppData\Local\Temp\cc8oDfOc.debug.temp.o
                0x00019e3e                hal_st_lld.c.bd03d9dc
 .debug_info    0x0001b4f8     0x16b3 C:\Users\omwfo\AppData\Local\Temp\ccqrhRHz.debug.temp.o
                0x0001b4f8                hal_serial_lld.c.abd4c495
 .debug_info    0x0001cbab     0x16a7 C:\Users\omwfo\AppData\Local\Temp\cciKSdYV.debug.temp.o
                0x0001cbab                board.c.c514c510
 .debug_info    0x0001e252     0x168f C:\Users\omwfo\AppData\Local\Temp\ccQ9x5CK.debug.temp.o
                0x0001e252                chprintf.c.e1a3ac37
 .debug_info    0x0001f8e1     0x10aa C:\Users\omwfo\AppData\Local\Temp\ccsW9AVX.debug.temp.o
                0x0001f8e1                chsys.c.562ce454
 .debug_info    0x0002098b      0xca6 C:\Users\omwfo\AppData\Local\Temp\ccsFVN9f.debug.temp.o
                0x0002098b                chvt.c.125091bb
 .debug_info    0x00021631      0xe2d C:\Users\omwfo\AppData\Local\Temp\ccC1vrAJ.debug.temp.o
                0x00021631                chschd.c.20e139d0
 .debug_info    0x0002245e     0x13ab C:\Users\omwfo\AppData\Local\Temp\ccclIstd.debug.temp.o
                0x0002245e                chthreads.c.b966d12e
 .debug_info    0x00023809      0xdc7 C:\Users\omwfo\AppData\Local\Temp\ccoY02CF.debug.temp.o
                0x00023809                chtm.c.52143569
 .debug_info    0x000245d0     0x1515 C:\Users\omwfo\AppData\Local\Temp\ccoduZKb.debug.temp.o
                0x000245d0                chregistry.c.7d3f856b
 .debug_info    0x00025ae5      0xecc C:\Users\omwfo\AppData\Local\Temp\ccMWagqI.debug.temp.o
                0x00025ae5                chsem.c.650d62ad
 .debug_info    0x000269b1      0xe62 C:\Users\omwfo\AppData\Local\Temp\cciarWgd.debug.temp.o
                0x000269b1                chmtx.c.add820bc
 .debug_info    0x00027813     0x1078 C:\Users\omwfo\AppData\Local\Temp\ccmUAIZg.debug.temp.o
                0x00027813                chevents.c.b5c9d54b
 .debug_info    0x0002888b      0xde7 C:\Users\omwfo\AppData\Local\Temp\ccemmRUm.debug.temp.o
                0x0002888b                chdynamic.c.26ec2b57
 .debug_info    0x00029672      0xd0e C:\Users\omwfo\AppData\Local\Temp\ccuWJkUu.debug.temp.o
                0x00029672                chmemcore.c.f15cfe0e
 .debug_info    0x0002a380      0xe04 C:\Users\omwfo\AppData\Local\Temp\ccEIb9z4.debug.temp.o
                0x0002a380                chmemheaps.c.cb5557d8
 .debug_info    0x0002b184      0xeb9 C:\Users\omwfo\AppData\Local\Temp\ccIh2KRE.debug.temp.o
                0x0002b184                chmempools.c.66d58c45
 .debug_info    0x0002c03d     0x1dc1 C:\Users\omwfo\AppData\Local\Temp\cccdg009.debug.temp.o
                0x0002c03d                chfactory.c.7fc5c259
 .debug_info    0x0002ddfe     0x1da4 C:\Users\omwfo\AppData\Local\Temp\cc04LX3u.debug.temp.o
                0x0002ddfe                chcore_v7m.c.7e6c6885
 .debug_info    0x0002fba2     0x15c0 C:\Users\omwfo\AppData\Local\Temp\cccSrLZ8.debug.temp.o
                0x0002fba2                debug.c.697986f4
 .debug_info    0x00031162      0x985 C:\Users\omwfo\AppData\Local\Temp\ccq4JqsN.debug.temp.o
                0x00031162                autogen_fir_coeffs.c.1611ed26
 .debug_info    0x00031ae7     0x2155 C:\Users\omwfo\AppData\Local\Temp\ccYoTXev.debug.temp.o
                0x00031ae7                mp45dt02_pdm.c.8090701a
 .debug_info    0x00033c3c     0x1ce8 C:\Users\omwfo\AppData\Local\Temp\cc4cfEwd.debug.temp.o
                0x00033c3c                main.c.18fdb406

.debug_abbrev   0x00000000     0x5cf8
 .debug_abbrev  0x00000000       0x14 ./build/obj/crt0_v7m.o
 .debug_abbrev  0x00000014       0x14 ./build/obj/vectors.o
 .debug_abbrev  0x00000028       0x14 ./build/obj/chcoreasm_v7m.o
 .debug_abbrev  0x0000003c      0x32d C:\Users\omwfo\AppData\Local\Temp\disco_mungo.elf.rgyCVe.ltrans0.ltrans.o
 .debug_abbrev  0x00000369       0xff C:\Users\omwfo\AppData\Local\Temp\cc8Shw5s.debug.temp.o
 .debug_abbrev  0x00000468      0x1bf C:\Users\omwfo\AppData\Local\Temp\ccq3TeqD.debug.temp.o
 .debug_abbrev  0x00000627      0x245 C:\Users\omwfo\AppData\Local\Temp\ccwZj1MQ.debug.temp.o
 .debug_abbrev  0x0000086c      0x30d C:\Users\omwfo\AppData\Local\Temp\ccStfjJ4.debug.temp.o
 .debug_abbrev  0x00000b79      0x320 C:\Users\omwfo\AppData\Local\Temp\cc0Yk2Zg.debug.temp.o
 .debug_abbrev  0x00000e99      0x20f C:\Users\omwfo\AppData\Local\Temp\ccooBmRs.debug.temp.o
 .debug_abbrev  0x000010a8      0x21b C:\Users\omwfo\AppData\Local\Temp\ccqTfgKU.debug.temp.o
 .debug_abbrev  0x000012c3      0x213 C:\Users\omwfo\AppData\Local\Temp\cc2R00Ga.debug.temp.o
 .debug_abbrev  0x000014d6      0x290 C:\Users\omwfo\AppData\Local\Temp\ccSVIYUp.debug.temp.o
 .debug_abbrev  0x00001766      0x226 C:\Users\omwfo\AppData\Local\Temp\ccUJlz1H.debug.temp.o
 .debug_abbrev  0x0000198c      0x1b9 C:\Users\omwfo\AppData\Local\Temp\ccK7roJ0.debug.temp.o
 .debug_abbrev  0x00001b45      0x1cc C:\Users\omwfo\AppData\Local\Temp\ccyik1Ch.debug.temp.o
 .debug_abbrev  0x00001d11      0x280 C:\Users\omwfo\AppData\Local\Temp\ccKKOXiT.debug.temp.o
 .debug_abbrev  0x00001f91      0x204 C:\Users\omwfo\AppData\Local\Temp\cc2fJX1w.debug.temp.o
 .debug_abbrev  0x00002195      0x228 C:\Users\omwfo\AppData\Local\Temp\ccOF3urQ.debug.temp.o
 .debug_abbrev  0x000023bd      0x20e C:\Users\omwfo\AppData\Local\Temp\cc8oDfOc.debug.temp.o
 .debug_abbrev  0x000025cb      0x276 C:\Users\omwfo\AppData\Local\Temp\ccqrhRHz.debug.temp.o
 .debug_abbrev  0x00002841      0x20e C:\Users\omwfo\AppData\Local\Temp\cciKSdYV.debug.temp.o
 .debug_abbrev  0x00002a4f      0x293 C:\Users\omwfo\AppData\Local\Temp\ccQ9x5CK.debug.temp.o
 .debug_abbrev  0x00002ce2      0x314 C:\Users\omwfo\AppData\Local\Temp\ccsW9AVX.debug.temp.o
 .debug_abbrev  0x00002ff6      0x252 C:\Users\omwfo\AppData\Local\Temp\ccsFVN9f.debug.temp.o
 .debug_abbrev  0x00003248      0x2ad C:\Users\omwfo\AppData\Local\Temp\ccC1vrAJ.debug.temp.o
 .debug_abbrev  0x000034f5      0x29c C:\Users\omwfo\AppData\Local\Temp\ccclIstd.debug.temp.o
 .debug_abbrev  0x00003791      0x1e0 C:\Users\omwfo\AppData\Local\Temp\ccoY02CF.debug.temp.o
 .debug_abbrev  0x00003971      0x2ae C:\Users\omwfo\AppData\Local\Temp\ccoduZKb.debug.temp.o
 .debug_abbrev  0x00003c1f      0x26b C:\Users\omwfo\AppData\Local\Temp\ccMWagqI.debug.temp.o
 .debug_abbrev  0x00003e8a      0x28f C:\Users\omwfo\AppData\Local\Temp\cciarWgd.debug.temp.o
 .debug_abbrev  0x00004119      0x284 C:\Users\omwfo\AppData\Local\Temp\ccmUAIZg.debug.temp.o
 .debug_abbrev  0x0000439d      0x20b C:\Users\omwfo\AppData\Local\Temp\ccemmRUm.debug.temp.o
 .debug_abbrev  0x000045a8      0x22d C:\Users\omwfo\AppData\Local\Temp\ccuWJkUu.debug.temp.o
 .debug_abbrev  0x000047d5      0x270 C:\Users\omwfo\AppData\Local\Temp\ccEIb9z4.debug.temp.o
 .debug_abbrev  0x00004a45      0x273 C:\Users\omwfo\AppData\Local\Temp\ccIh2KRE.debug.temp.o
 .debug_abbrev  0x00004cb8      0x2f5 C:\Users\omwfo\AppData\Local\Temp\cccdg009.debug.temp.o
 .debug_abbrev  0x00004fad      0x2fc C:\Users\omwfo\AppData\Local\Temp\cc04LX3u.debug.temp.o
 .debug_abbrev  0x000052a9      0x253 C:\Users\omwfo\AppData\Local\Temp\cccSrLZ8.debug.temp.o
 .debug_abbrev  0x000054fc      0x1e5 C:\Users\omwfo\AppData\Local\Temp\ccq4JqsN.debug.temp.o
 .debug_abbrev  0x000056e1      0x388 C:\Users\omwfo\AppData\Local\Temp\ccYoTXev.debug.temp.o
 .debug_abbrev  0x00005a69      0x28f C:\Users\omwfo\AppData\Local\Temp\cc4cfEwd.debug.temp.o

.debug_aranges  0x00000000      0x270
 .debug_aranges
                0x00000000       0x20 ./build/obj/crt0_v7m.o
 .debug_aranges
                0x00000020       0x20 ./build/obj/vectors.o
 .debug_aranges
                0x00000040       0x20 ./build/obj/chcoreasm_v7m.o
 .debug_aranges
                0x00000060      0x210 C:\Users\omwfo\AppData\Local\Temp\disco_mungo.elf.rgyCVe.ltrans0.ltrans.o

.debug_str      0x00000000     0x4475
 .debug_str     0x00000000       0x7b ./build/obj/crt0_v7m.o
 .debug_str     0x0000007b       0x42 ./build/obj/vectors.o
                                 0x7a (size before relaxing)
 .debug_str     0x000000bd       0x46 ./build/obj/chcoreasm_v7m.o
                                 0x7e (size before relaxing)
 .debug_str     0x00000103      0x22a C:\Users\omwfo\AppData\Local\Temp\disco_mungo.elf.rgyCVe.ltrans0.ltrans.o
                                0x26f (size before relaxing)
 .debug_str     0x0000032d      0x448 C:\Users\omwfo\AppData\Local\Temp\cc8Shw5s.debug.temp.o
                                0x4ea (size before relaxing)
 .debug_str     0x00000775      0x73a C:\Users\omwfo\AppData\Local\Temp\ccq3TeqD.debug.temp.o
                                0xa35 (size before relaxing)
 .debug_str     0x00000eaf      0x136 C:\Users\omwfo\AppData\Local\Temp\ccwZj1MQ.debug.temp.o
                                0xb38 (size before relaxing)
 .debug_str     0x00000fe5      0x6d4 C:\Users\omwfo\AppData\Local\Temp\ccStfjJ4.debug.temp.o
                               0x1132 (size before relaxing)
 .debug_str     0x000016b9       0xcf C:\Users\omwfo\AppData\Local\Temp\cc0Yk2Zg.debug.temp.o
                                0xfaa (size before relaxing)
 .debug_str     0x00001788      0x27e C:\Users\omwfo\AppData\Local\Temp\ccooBmRs.debug.temp.o
                                0xc9b (size before relaxing)
 .debug_str     0x00001a06       0x73 C:\Users\omwfo\AppData\Local\Temp\ccqTfgKU.debug.temp.o
                                0xada (size before relaxing)
 .debug_str     0x00001a79       0xce C:\Users\omwfo\AppData\Local\Temp\cc2R00Ga.debug.temp.o
                                0xae3 (size before relaxing)
 .debug_str     0x00001b47      0x13b C:\Users\omwfo\AppData\Local\Temp\ccSVIYUp.debug.temp.o
                                0xbb7 (size before relaxing)
 .debug_str     0x00001c82      0x143 C:\Users\omwfo\AppData\Local\Temp\ccUJlz1H.debug.temp.o
                                0xb4e (size before relaxing)
 .debug_str     0x00001dc5      0x53f C:\Users\omwfo\AppData\Local\Temp\ccK7roJ0.debug.temp.o
                                0xf41 (size before relaxing)
 .debug_str     0x00002304      0x189 C:\Users\omwfo\AppData\Local\Temp\ccyik1Ch.debug.temp.o
                                0xc1b (size before relaxing)
 .debug_str     0x0000248d      0x17a C:\Users\omwfo\AppData\Local\Temp\ccKKOXiT.debug.temp.o
                                0xcea (size before relaxing)
 .debug_str     0x00002607       0x8f C:\Users\omwfo\AppData\Local\Temp\cc2fJX1w.debug.temp.o
                                0xaff (size before relaxing)
 .debug_str     0x00002696       0xbf C:\Users\omwfo\AppData\Local\Temp\ccOF3urQ.debug.temp.o
                                0xbda (size before relaxing)
 .debug_str     0x00002755       0xf4 C:\Users\omwfo\AppData\Local\Temp\cc8oDfOc.debug.temp.o
                                0xc7e (size before relaxing)
 .debug_str     0x00002849       0x99 C:\Users\omwfo\AppData\Local\Temp\ccqrhRHz.debug.temp.o
                                0xc82 (size before relaxing)
 .debug_str     0x000028e2       0xd4 C:\Users\omwfo\AppData\Local\Temp\cciKSdYV.debug.temp.o
                                0xc47 (size before relaxing)
 .debug_str     0x000029b6      0x154 C:\Users\omwfo\AppData\Local\Temp\ccQ9x5CK.debug.temp.o
                                0xb6d (size before relaxing)
 .debug_str     0x00002b0a      0x304 C:\Users\omwfo\AppData\Local\Temp\ccsW9AVX.debug.temp.o
                                0xace (size before relaxing)
 .debug_str     0x00002e0e       0x70 C:\Users\omwfo\AppData\Local\Temp\ccsFVN9f.debug.temp.o
                                0x801 (size before relaxing)
 .debug_str     0x00002e7e      0x150 C:\Users\omwfo\AppData\Local\Temp\ccC1vrAJ.debug.temp.o
                                0x8e4 (size before relaxing)
 .debug_str     0x00002fce      0x275 C:\Users\omwfo\AppData\Local\Temp\ccclIstd.debug.temp.o
                                0xa57 (size before relaxing)
 .debug_str     0x00003243       0xc1 C:\Users\omwfo\AppData\Local\Temp\ccoY02CF.debug.temp.o
                                0x88a (size before relaxing)
 .debug_str     0x00003304       0xa9 C:\Users\omwfo\AppData\Local\Temp\ccoduZKb.debug.temp.o
                                0xbd9 (size before relaxing)
 .debug_str     0x000033ad       0xe4 C:\Users\omwfo\AppData\Local\Temp\ccMWagqI.debug.temp.o
                                0x861 (size before relaxing)
 .debug_str     0x00003491       0xc1 C:\Users\omwfo\AppData\Local\Temp\cciarWgd.debug.temp.o
                                0x842 (size before relaxing)
 .debug_str     0x00003552      0x1a5 C:\Users\omwfo\AppData\Local\Temp\ccmUAIZg.debug.temp.o
                                0x94c (size before relaxing)
 .debug_str     0x000036f7       0xa2 C:\Users\omwfo\AppData\Local\Temp\ccemmRUm.debug.temp.o
                                0x825 (size before relaxing)
 .debug_str     0x00003799       0xa6 C:\Users\omwfo\AppData\Local\Temp\ccuWJkUu.debug.temp.o
                                0x7f0 (size before relaxing)
 .debug_str     0x0000383f       0xa4 C:\Users\omwfo\AppData\Local\Temp\ccEIb9z4.debug.temp.o
                                0x805 (size before relaxing)
 .debug_str     0x000038e3      0x144 C:\Users\omwfo\AppData\Local\Temp\ccIh2KRE.debug.temp.o
                                0x8a1 (size before relaxing)
 .debug_str     0x00003a27      0x3ea C:\Users\omwfo\AppData\Local\Temp\cccdg009.debug.temp.o
                                0xf98 (size before relaxing)
 .debug_str     0x00003e11      0x17d C:\Users\omwfo\AppData\Local\Temp\cc04LX3u.debug.temp.o
                               0x130f (size before relaxing)
 .debug_str     0x00003f8e      0x1bf C:\Users\omwfo\AppData\Local\Temp\cccSrLZ8.debug.temp.o
                                0xc7b (size before relaxing)
 .debug_str     0x0000414d       0x8a C:\Users\omwfo\AppData\Local\Temp\ccq4JqsN.debug.temp.o
                                0x628 (size before relaxing)
 .debug_str     0x000041d7      0x288 C:\Users\omwfo\AppData\Local\Temp\ccYoTXev.debug.temp.o
                               0x1273 (size before relaxing)
 .debug_str     0x0000445f       0x16 C:\Users\omwfo\AppData\Local\Temp\cc4cfEwd.debug.temp.o
                                0xef6 (size before relaxing)

.debug_loc      0x00000000     0x476e
 .debug_loc     0x00000000     0x476e C:\Users\omwfo\AppData\Local\Temp\disco_mungo.elf.rgyCVe.ltrans0.ltrans.o

.debug_ranges   0x00000000     0x2be0
 .debug_ranges  0x00000000     0x2be0 C:\Users\omwfo\AppData\Local\Temp\disco_mungo.elf.rgyCVe.ltrans0.ltrans.o

.debug_frame    0x00000000      0x7fc
 .debug_frame   0x00000000      0x7c4 C:\Users\omwfo\AppData\Local\Temp\disco_mungo.elf.rgyCVe.ltrans0.ltrans.o
 .debug_frame   0x000007c4       0x38 c:/chibistudio/tools/gnu tools arm embedded/9.0 2019q4/bin/../lib/gcc/arm-none-eabi/9.2.1/../../../../arm-none-eabi/lib/thumb/v7e-m+fp/hard\libg.a(lib_a-memset.o)

Cross Reference Table

Symbol                                            File
BOARD_LED_RED_SET                                 C:\Users\omwfo\AppData\Local\Temp\disco_mungo.elf.rgyCVe.ltrans0.ltrans.o
                                                  ./build/obj/debug.o (symbol from plugin)
BusFault_Handler                                  C:\Users\omwfo\AppData\Local\Temp\disco_mungo.elf.rgyCVe.ltrans0.ltrans.o
                                                  ./build/obj/debug.o (symbol from plugin)
                                                  ./build/obj/vectors.o
DebugMon_Handler                                  C:\Users\omwfo\AppData\Local\Temp\disco_mungo.elf.rgyCVe.ltrans0.ltrans.o
                                                  ./build/obj/debug.o (symbol from plugin)
                                                  ./build/obj/vectors.o
HardFault_Handler                                 C:\Users\omwfo\AppData\Local\Temp\disco_mungo.elf.rgyCVe.ltrans0.ltrans.o
                                                  ./build/obj/debug.o (symbol from plugin)
                                                  ./build/obj/vectors.o
I2SD2                                             ./build/obj/hal_i2s_lld.o (symbol from plugin)
                                                  ./build/obj/mp45dt02_pdm.o (symbol from plugin)
LED_BLUE_CLEAR                                    C:\Users\omwfo\AppData\Local\Temp\disco_mungo.elf.rgyCVe.ltrans0.ltrans.o
                                                  ./build/obj/mp45dt02_pdm.o (symbol from plugin)
LED_BLUE_TOGGLE                                   C:\Users\omwfo\AppData\Local\Temp\disco_mungo.elf.rgyCVe.ltrans0.ltrans.o
                                                  ./build/obj/mp45dt02_pdm.o (symbol from plugin)
LED_ORANGE_CLEAR                                  C:\Users\omwfo\AppData\Local\Temp\disco_mungo.elf.rgyCVe.ltrans0.ltrans.o
                                                  ./build/obj/mp45dt02_pdm.o (symbol from plugin)
LED_ORANGE_SET                                    C:\Users\omwfo\AppData\Local\Temp\disco_mungo.elf.rgyCVe.ltrans0.ltrans.o
                                                  ./build/obj/mp45dt02_pdm.o (symbol from plugin)
MemManage_Handler                                 C:\Users\omwfo\AppData\Local\Temp\disco_mungo.elf.rgyCVe.ltrans0.ltrans.o
                                                  ./build/obj/debug.o (symbol from plugin)
                                                  ./build/obj/vectors.o
NMI_Handler                                       ./build/obj/vectors.o
PRINT_ERROR                                       C:\Users\omwfo\AppData\Local\Temp\disco_mungo.elf.rgyCVe.ltrans0.ltrans.o
                                                  ./build/obj/mp45dt02_pdm.o (symbol from plugin)
PendSV_Handler                                    ./build/obj/vectors.o
Reset_Handler                                     ./build/obj/vectors.o
SD1                                               ./build/obj/hal_serial_lld.o (symbol from plugin)
                                                  ./build/obj/debug.o (symbol from plugin)
SVC_Handler                                       C:\Users\omwfo\AppData\Local\Temp\disco_mungo.elf.rgyCVe.ltrans0.ltrans.o
                                                  ./build/obj/chcore_v7m.o (symbol from plugin)
                                                  ./build/obj/vectors.o
SysTick_Handler                                   ./build/obj/vectors.o
SystemCoreClock                                   ./build/obj/hal_lld.o (symbol from plugin)
UsageFault_Handler                                C:\Users\omwfo\AppData\Local\Temp\disco_mungo.elf.rgyCVe.ltrans0.ltrans.o
                                                  ./build/obj/debug.o (symbol from plugin)
                                                  ./build/obj/vectors.o
Vector100                                         ./build/obj/vectors.o
Vector104                                         ./build/obj/vectors.o
Vector108                                         ./build/obj/vectors.o
Vector10C                                         ./build/obj/vectors.o
Vector110                                         ./build/obj/vectors.o
Vector114                                         ./build/obj/vectors.o
Vector118                                         ./build/obj/vectors.o
Vector11C                                         ./build/obj/vectors.o
Vector120                                         C:\Users\omwfo\AppData\Local\Temp\disco_mungo.elf.rgyCVe.ltrans0.ltrans.o
                                                  ./build/obj/stm32_dma.o (symbol from plugin)
                                                  ./build/obj/vectors.o
Vector124                                         C:\Users\omwfo\AppData\Local\Temp\disco_mungo.elf.rgyCVe.ltrans0.ltrans.o
                                                  ./build/obj/stm32_dma.o (symbol from plugin)
                                                  ./build/obj/vectors.o
Vector128                                         C:\Users\omwfo\AppData\Local\Temp\disco_mungo.elf.rgyCVe.ltrans0.ltrans.o
                                                  ./build/obj/stm32_dma.o (symbol from plugin)
                                                  ./build/obj/vectors.o
Vector12C                                         C:\Users\omwfo\AppData\Local\Temp\disco_mungo.elf.rgyCVe.ltrans0.ltrans.o
                                                  ./build/obj/stm32_dma.o (symbol from plugin)
                                                  ./build/obj/vectors.o
Vector130                                         C:\Users\omwfo\AppData\Local\Temp\disco_mungo.elf.rgyCVe.ltrans0.ltrans.o
                                                  ./build/obj/stm32_dma.o (symbol from plugin)
                                                  ./build/obj/vectors.o
Vector134                                         ./build/obj/vectors.o
Vector138                                         ./build/obj/vectors.o
Vector13C                                         ./build/obj/vectors.o
Vector140                                         ./build/obj/vectors.o
Vector144                                         ./build/obj/vectors.o
Vector148                                         ./build/obj/vectors.o
Vector14C                                         ./build/obj/vectors.o
Vector150                                         C:\Users\omwfo\AppData\Local\Temp\disco_mungo.elf.rgyCVe.ltrans0.ltrans.o
                                                  ./build/obj/stm32_dma.o (symbol from plugin)
                                                  ./build/obj/vectors.o
Vector154                                         C:\Users\omwfo\AppData\Local\Temp\disco_mungo.elf.rgyCVe.ltrans0.ltrans.o
                                                  ./build/obj/stm32_dma.o (symbol from plugin)
                                                  ./build/obj/vectors.o
Vector158                                         C:\Users\omwfo\AppData\Local\Temp\disco_mungo.elf.rgyCVe.ltrans0.ltrans.o
                                                  ./build/obj/stm32_dma.o (symbol from plugin)
                                                  ./build/obj/vectors.o
Vector15C                                         ./build/obj/vectors.o
Vector160                                         ./build/obj/vectors.o
Vector164                                         ./build/obj/vectors.o
Vector168                                         ./build/obj/vectors.o
Vector16C                                         ./build/obj/vectors.o
Vector170                                         ./build/obj/vectors.o
Vector174                                         ./build/obj/vectors.o
Vector178                                         ./build/obj/vectors.o
Vector17C                                         ./build/obj/vectors.o
Vector180                                         ./build/obj/vectors.o
Vector184                                         ./build/obj/vectors.o
Vector188                                         ./build/obj/vectors.o
Vector18C                                         ./build/obj/vectors.o
Vector190                                         ./build/obj/vectors.o
Vector194                                         ./build/obj/vectors.o
Vector198                                         ./build/obj/vectors.o
Vector19C                                         ./build/obj/vectors.o
Vector1A0                                         ./build/obj/vectors.o
Vector1A4                                         ./build/obj/vectors.o
Vector1A8                                         ./build/obj/vectors.o
Vector1AC                                         ./build/obj/vectors.o
Vector1B0                                         ./build/obj/vectors.o
Vector1B4                                         ./build/obj/vectors.o
Vector1B8                                         ./build/obj/vectors.o
Vector1BC                                         ./build/obj/vectors.o
Vector1C                                          ./build/obj/vectors.o
Vector1C0                                         ./build/obj/vectors.o
Vector1C4                                         ./build/obj/vectors.o
Vector1C8                                         ./build/obj/vectors.o
Vector1CC                                         ./build/obj/vectors.o
Vector1D0                                         ./build/obj/vectors.o
Vector1D4                                         ./build/obj/vectors.o
Vector1D8                                         ./build/obj/vectors.o
Vector1DC                                         ./build/obj/vectors.o
Vector20                                          ./build/obj/vectors.o
Vector24                                          ./build/obj/vectors.o
Vector28                                          ./build/obj/vectors.o
Vector34                                          ./build/obj/vectors.o
Vector40                                          ./build/obj/vectors.o
Vector44                                          ./build/obj/vectors.o
Vector48                                          ./build/obj/vectors.o
Vector4C                                          ./build/obj/vectors.o
Vector50                                          ./build/obj/vectors.o
Vector54                                          ./build/obj/vectors.o
Vector58                                          ./build/obj/vectors.o
Vector5C                                          ./build/obj/vectors.o
Vector60                                          ./build/obj/vectors.o
Vector64                                          ./build/obj/vectors.o
Vector68                                          ./build/obj/vectors.o
Vector6C                                          C:\Users\omwfo\AppData\Local\Temp\disco_mungo.elf.rgyCVe.ltrans0.ltrans.o
                                                  ./build/obj/stm32_dma.o (symbol from plugin)
                                                  ./build/obj/vectors.o
Vector70                                          C:\Users\omwfo\AppData\Local\Temp\disco_mungo.elf.rgyCVe.ltrans0.ltrans.o
                                                  ./build/obj/stm32_dma.o (symbol from plugin)
                                                  ./build/obj/vectors.o
Vector74                                          C:\Users\omwfo\AppData\Local\Temp\disco_mungo.elf.rgyCVe.ltrans0.ltrans.o
                                                  ./build/obj/stm32_dma.o (symbol from plugin)
                                                  ./build/obj/vectors.o
Vector78                                          C:\Users\omwfo\AppData\Local\Temp\disco_mungo.elf.rgyCVe.ltrans0.ltrans.o
                                                  ./build/obj/stm32_dma.o (symbol from plugin)
                                                  ./build/obj/vectors.o
Vector7C                                          C:\Users\omwfo\AppData\Local\Temp\disco_mungo.elf.rgyCVe.ltrans0.ltrans.o
                                                  ./build/obj/stm32_dma.o (symbol from plugin)
                                                  ./build/obj/vectors.o
Vector80                                          C:\Users\omwfo\AppData\Local\Temp\disco_mungo.elf.rgyCVe.ltrans0.ltrans.o
                                                  ./build/obj/stm32_dma.o (symbol from plugin)
                                                  ./build/obj/vectors.o
Vector84                                          C:\Users\omwfo\AppData\Local\Temp\disco_mungo.elf.rgyCVe.ltrans0.ltrans.o
                                                  ./build/obj/stm32_dma.o (symbol from plugin)
                                                  ./build/obj/vectors.o
Vector88                                          ./build/obj/vectors.o
Vector8C                                          ./build/obj/vectors.o
Vector90                                          ./build/obj/vectors.o
Vector94                                          ./build/obj/vectors.o
Vector98                                          ./build/obj/vectors.o
Vector9C                                          ./build/obj/vectors.o
VectorA0                                          ./build/obj/vectors.o
VectorA4                                          ./build/obj/vectors.o
VectorA8                                          ./build/obj/vectors.o
VectorAC                                          ./build/obj/vectors.o
VectorB0                                          C:\Users\omwfo\AppData\Local\Temp\disco_mungo.elf.rgyCVe.ltrans0.ltrans.o
                                                  ./build/obj/hal_st_lld.o (symbol from plugin)
                                                  ./build/obj/vectors.o
VectorB4                                          ./build/obj/vectors.o
VectorB8                                          ./build/obj/vectors.o
VectorBC                                          ./build/obj/vectors.o
VectorC0                                          ./build/obj/vectors.o
VectorC4                                          ./build/obj/vectors.o
VectorC8                                          ./build/obj/vectors.o
VectorCC                                          ./build/obj/vectors.o
VectorD0                                          ./build/obj/vectors.o
VectorD4                                          C:\Users\omwfo\AppData\Local\Temp\disco_mungo.elf.rgyCVe.ltrans0.ltrans.o
                                                  ./build/obj/hal_serial_lld.o (symbol from plugin)
                                                  ./build/obj/vectors.o
VectorD8                                          ./build/obj/vectors.o
VectorDC                                          ./build/obj/vectors.o
VectorE0                                          ./build/obj/vectors.o
VectorE4                                          ./build/obj/vectors.o
VectorE8                                          ./build/obj/vectors.o
VectorEC                                          ./build/obj/vectors.o
VectorF0                                          ./build/obj/vectors.o
VectorF4                                          ./build/obj/vectors.o
VectorF8                                          ./build/obj/vectors.o
VectorFC                                          C:\Users\omwfo\AppData\Local\Temp\disco_mungo.elf.rgyCVe.ltrans0.ltrans.o
                                                  ./build/obj/stm32_dma.o (symbol from plugin)
                                                  ./build/obj/vectors.o
__bss_base__                                      ./build/obj/crt0_v7m.o
__bss_end__                                       ./build/obj/crt0_v7m.o
__ch_delegate_fn0                                 ./build/obj/chdelegates.o (symbol from plugin)
__ch_delegate_fn1                                 ./build/obj/chdelegates.o (symbol from plugin)
__ch_delegate_fn2                                 ./build/obj/chdelegates.o (symbol from plugin)
__ch_delegate_fn3                                 ./build/obj/chdelegates.o (symbol from plugin)
__ch_delegate_fn4                                 ./build/obj/chdelegates.o (symbol from plugin)
__core_init                                       C:\Users\omwfo\AppData\Local\Temp\disco_mungo.elf.rgyCVe.ltrans0.ltrans.o
                                                  ./build/obj/crt1.o (symbol from plugin)
                                                  ./build/obj/crt0_v7m.o
__data_base__                                     ./build/obj/crt0_v7m.o
__data_end__                                      ./build/obj/crt0_v7m.o
__default_exit                                    C:\Users\omwfo\AppData\Local\Temp\disco_mungo.elf.rgyCVe.ltrans0.ltrans.o
                                                  ./build/obj/crt1.o (symbol from plugin)
                                                  ./build/obj/crt0_v7m.o
__early_init                                      C:\Users\omwfo\AppData\Local\Temp\disco_mungo.elf.rgyCVe.ltrans0.ltrans.o
                                                  ./build/obj/board.o (symbol from plugin)
                                                  ./build/obj/crt1.o (symbol from plugin)
                                                  ./build/obj/crt0_v7m.o
__fini_array_base__                               ./build/obj/crt0_v7m.o
__fini_array_end__                                ./build/obj/crt0_v7m.o
__heap_base__                                     C:\Users\omwfo\AppData\Local\Temp\disco_mungo.elf.rgyCVe.ltrans0.ltrans.o
                                                  ./build/obj/chmemcore.o (symbol from plugin)
__heap_end__                                      C:\Users\omwfo\AppData\Local\Temp\disco_mungo.elf.rgyCVe.ltrans0.ltrans.o
                                                  ./build/obj/chmemcore.o (symbol from plugin)
__init_array_base__                               ./build/obj/crt0_v7m.o
__init_array_end__                                ./build/obj/crt0_v7m.o
__init_ram_areas                                  C:\Users\omwfo\AppData\Local\Temp\disco_mungo.elf.rgyCVe.ltrans0.ltrans.o
                                                  ./build/obj/crt1.o (symbol from plugin)
                                                  ./build/obj/crt0_v7m.o
__late_init                                       C:\Users\omwfo\AppData\Local\Temp\disco_mungo.elf.rgyCVe.ltrans0.ltrans.o
                                                  ./build/obj/crt1.o (symbol from plugin)
                                                  ./build/obj/crt0_v7m.o
__main_stack_base__                               ./build/obj/crt0_v7m.o
__main_stack_end__                                ./build/obj/vectors.o
                                                  ./build/obj/crt0_v7m.o
__process_stack_base__                            ./build/obj/crt0_v7m.o
__process_stack_end__                             ./build/obj/crt0_v7m.o
__ram0_clear__                                    C:\Users\omwfo\AppData\Local\Temp\disco_mungo.elf.rgyCVe.ltrans0.ltrans.o
                                                  ./build/obj/crt1.o (symbol from plugin)
__ram0_init__                                     C:\Users\omwfo\AppData\Local\Temp\disco_mungo.elf.rgyCVe.ltrans0.ltrans.o
                                                  ./build/obj/crt1.o (symbol from plugin)
__ram0_init_text__                                C:\Users\omwfo\AppData\Local\Temp\disco_mungo.elf.rgyCVe.ltrans0.ltrans.o
                                                  ./build/obj/crt1.o (symbol from plugin)
__ram0_noinit__                                   C:\Users\omwfo\AppData\Local\Temp\disco_mungo.elf.rgyCVe.ltrans0.ltrans.o
                                                  ./build/obj/crt1.o (symbol from plugin)
__ram1_clear__                                    C:\Users\omwfo\AppData\Local\Temp\disco_mungo.elf.rgyCVe.ltrans0.ltrans.o
                                                  ./build/obj/crt1.o (symbol from plugin)
__ram1_init__                                     C:\Users\omwfo\AppData\Local\Temp\disco_mungo.elf.rgyCVe.ltrans0.ltrans.o
                                                  ./build/obj/crt1.o (symbol from plugin)
__ram1_init_text__                                C:\Users\omwfo\AppData\Local\Temp\disco_mungo.elf.rgyCVe.ltrans0.ltrans.o
                                                  ./build/obj/crt1.o (symbol from plugin)
__ram1_noinit__                                   C:\Users\omwfo\AppData\Local\Temp\disco_mungo.elf.rgyCVe.ltrans0.ltrans.o
                                                  ./build/obj/crt1.o (symbol from plugin)
__ram2_clear__                                    C:\Users\omwfo\AppData\Local\Temp\disco_mungo.elf.rgyCVe.ltrans0.ltrans.o
                                                  ./build/obj/crt1.o (symbol from plugin)
__ram2_init__                                     C:\Users\omwfo\AppData\Local\Temp\disco_mungo.elf.rgyCVe.ltrans0.ltrans.o
                                                  ./build/obj/crt1.o (symbol from plugin)
__ram2_init_text__                                C:\Users\omwfo\AppData\Local\Temp\disco_mungo.elf.rgyCVe.ltrans0.ltrans.o
                                                  ./build/obj/crt1.o (symbol from plugin)
__ram2_noinit__                                   C:\Users\omwfo\AppData\Local\Temp\disco_mungo.elf.rgyCVe.ltrans0.ltrans.o
                                                  ./build/obj/crt1.o (symbol from plugin)
__ram3_clear__                                    C:\Users\omwfo\AppData\Local\Temp\disco_mungo.elf.rgyCVe.ltrans0.ltrans.o
                                                  ./build/obj/crt1.o (symbol from plugin)
__ram3_init__                                     C:\Users\omwfo\AppData\Local\Temp\disco_mungo.elf.rgyCVe.ltrans0.ltrans.o
                                                  ./build/obj/crt1.o (symbol from plugin)
__ram3_init_text__                                C:\Users\omwfo\AppData\Local\Temp\disco_mungo.elf.rgyCVe.ltrans0.ltrans.o
                                                  ./build/obj/crt1.o (symbol from plugin)
__ram3_noinit__                                   C:\Users\omwfo\AppData\Local\Temp\disco_mungo.elf.rgyCVe.ltrans0.ltrans.o
                                                  ./build/obj/crt1.o (symbol from plugin)
__ram4_clear__                                    C:\Users\omwfo\AppData\Local\Temp\disco_mungo.elf.rgyCVe.ltrans0.ltrans.o
                                                  ./build/obj/crt1.o (symbol from plugin)
__ram4_init__                                     C:\Users\omwfo\AppData\Local\Temp\disco_mungo.elf.rgyCVe.ltrans0.ltrans.o
                                                  ./build/obj/crt1.o (symbol from plugin)
__ram4_init_text__                                C:\Users\omwfo\AppData\Local\Temp\disco_mungo.elf.rgyCVe.ltrans0.ltrans.o
                                                  ./build/obj/crt1.o (symbol from plugin)
__ram4_noinit__                                   C:\Users\omwfo\AppData\Local\Temp\disco_mungo.elf.rgyCVe.ltrans0.ltrans.o
                                                  ./build/obj/crt1.o (symbol from plugin)
__ram5_clear__                                    C:\Users\omwfo\AppData\Local\Temp\disco_mungo.elf.rgyCVe.ltrans0.ltrans.o
                                                  ./build/obj/crt1.o (symbol from plugin)
__ram5_init__                                     C:\Users\omwfo\AppData\Local\Temp\disco_mungo.elf.rgyCVe.ltrans0.ltrans.o
                                                  ./build/obj/crt1.o (symbol from plugin)
__ram5_init_text__                                C:\Users\omwfo\AppData\Local\Temp\disco_mungo.elf.rgyCVe.ltrans0.ltrans.o
                                                  ./build/obj/crt1.o (symbol from plugin)
__ram5_noinit__                                   C:\Users\omwfo\AppData\Local\Temp\disco_mungo.elf.rgyCVe.ltrans0.ltrans.o
                                                  ./build/obj/crt1.o (symbol from plugin)
__ram6_clear__                                    C:\Users\omwfo\AppData\Local\Temp\disco_mungo.elf.rgyCVe.ltrans0.ltrans.o
                                                  ./build/obj/crt1.o (symbol from plugin)
__ram6_init__                                     C:\Users\omwfo\AppData\Local\Temp\disco_mungo.elf.rgyCVe.ltrans0.ltrans.o
                                                  ./build/obj/crt1.o (symbol from plugin)
__ram6_init_text__                                C:\Users\omwfo\AppData\Local\Temp\disco_mungo.elf.rgyCVe.ltrans0.ltrans.o
                                                  ./build/obj/crt1.o (symbol from plugin)
__ram6_noinit__                                   C:\Users\omwfo\AppData\Local\Temp\disco_mungo.elf.rgyCVe.ltrans0.ltrans.o
                                                  ./build/obj/crt1.o (symbol from plugin)
__ram7_clear__                                    C:\Users\omwfo\AppData\Local\Temp\disco_mungo.elf.rgyCVe.ltrans0.ltrans.o
                                                  ./build/obj/crt1.o (symbol from plugin)
__ram7_init__                                     C:\Users\omwfo\AppData\Local\Temp\disco_mungo.elf.rgyCVe.ltrans0.ltrans.o
                                                  ./build/obj/crt1.o (symbol from plugin)
__ram7_init_text__                                C:\Users\omwfo\AppData\Local\Temp\disco_mungo.elf.rgyCVe.ltrans0.ltrans.o
                                                  ./build/obj/crt1.o (symbol from plugin)
__ram7_noinit__                                   C:\Users\omwfo\AppData\Local\Temp\disco_mungo.elf.rgyCVe.ltrans0.ltrans.o
                                                  ./build/obj/crt1.o (symbol from plugin)
__textdata_base__                                 ./build/obj/crt0_v7m.o
_core_init                                        ./build/obj/chmemcore.o (symbol from plugin)
                                                  ./build/obj/chsys.o (symbol from plugin)
_crt0_entry                                       ./build/obj/crt0_v7m.o
                                                  ./build/obj/vectors.o
_factory_init                                     ./build/obj/chfactory.o (symbol from plugin)
                                                  ./build/obj/chsys.o (symbol from plugin)
_heap_init                                        ./build/obj/chmemheaps.o (symbol from plugin)
                                                  ./build/obj/chsys.o (symbol from plugin)
_pal_lld_init                                     ./build/obj/hal_pal_lld.o (symbol from plugin)
                                                  ./build/obj/hal.o (symbol from plugin)
_pal_lld_setgroupmode                             ./build/obj/hal_pal_lld.o (symbol from plugin)
                                                  ./build/obj/mp45dt02_pdm.o (symbol from plugin)
                                                  ./build/obj/debug.o (symbol from plugin)
                                                  ./build/obj/hal_pal.o (symbol from plugin)
_port_exit_from_isr                               ./build/obj/chcoreasm_v7m.o
                                                  C:\Users\omwfo\AppData\Local\Temp\disco_mungo.elf.rgyCVe.ltrans0.ltrans.o